     Step     Time          Energy         fmax         cmax       rtrust          rho
Sella   0 09:37:58     -484.896282       2.3397       0.0000       0.1000       1.0000
Sella   1 09:37:58     -484.687535       2.3397       0.0000       0.1000       1.1409
Sella   2 09:37:58     -484.622241       0.8244       0.0000       0.0254      47.0722
Sella   3 09:37:58     -484.651738       0.9670       0.0000       0.0254       0.8320
Sella   4 09:37:58     -484.659590       0.3733       0.0000       0.0254       0.8733
Sella   5 09:37:58     -484.672993       0.3323       0.0000       0.0254       0.9183
Sella   6 09:37:58     -484.681599       0.3287       0.0000       0.0254       1.2927
Sella   7 09:37:58     -484.678942       0.2897       0.0000       0.0159      -0.3449
Sella   8 09:37:58     -484.687288       0.7066       0.0000       0.0159       1.0150
Sella   9 09:37:58     -484.688078       0.0993       0.0000       0.0159       1.2046
Sella  10 09:37:58     -484.689428       0.0886       0.0000       0.0159       1.3558
Sella  11 09:37:58     -484.690880       0.0708       0.0000       0.0159       1.1398
Sella  12 09:37:58     -484.691463       0.0728       0.0000       0.0159       0.9435
Sella  13 09:37:58     -484.692550       0.1033       0.0000       0.0159       1.6450
Sella  14 09:37:58     -484.694254       0.0574       0.0000       0.0159       1.2287
Sella  15 09:37:58     -484.695084       0.0697       0.0000       0.0159       1.2299
Sella  16 09:37:58     -484.695364       0.0504       0.0000       0.0159       0.7298
Sella  17 09:37:58     -484.695630       0.0743       0.0000       0.0159       1.2641
Sella  18 09:37:58     -484.695854       0.0357       0.0000       0.0159       1.1453
Sella  19 09:37:58     -484.695958       0.0316       0.0000       0.0159       1.4414
Sella  20 09:37:58     -484.696057       0.0243       0.0000       0.0159       1.0384
Sella  21 09:37:58     -484.696105       0.0320       0.0000       0.0159       0.9093
Sella  22 09:37:58     -484.696152       0.0373       0.0000       0.0159       1.4259
Sella  23 09:37:58     -484.696178       0.0117       0.0000       0.0159       1.2445
Sella  24 09:37:58     -484.696193       0.0080       0.0000       0.0159       1.4628
Sella  25 09:37:58     -484.696207       0.0092       0.0000       0.0159       1.2836
Sella  26 09:37:58     -484.696214       0.0049       0.0000       0.0159       1.4516
Sella  27 09:37:58     -484.696221       0.0055       0.0000       0.0159       1.4519
Sella  28 09:37:58     -484.696228       0.0058       0.0000       0.0159       1.4482
Sella  29 09:37:58     -484.696235       0.0061       0.0000       0.0159       1.4289
Sella  30 09:37:58     -484.696241       0.0039       0.0000       0.0159       1.4244
Sella  31 09:37:58     -484.696245       0.0044       0.0000       0.0159       1.3499
Sella  32 09:37:58     -484.696247       0.0034       0.0000       0.0159       1.3470
Sella  33 09:37:58     -484.696248       0.0028       0.0000       0.0159       1.3995
Sella  34 09:37:58     -484.696250       0.0020       0.0000       0.0159       1.4766
Sella  35 09:37:58     -484.696251       0.0019       0.0000       0.0159       1.4983
Sella  36 09:37:58     -484.696253       0.0022       0.0000       0.0159       1.4966
Sella  37 09:37:58     -484.696256       0.0022       0.0000       0.0159       1.4217
Sella  38 09:37:58     -484.696257       0.0019       0.0000       0.0159       1.2956
Sella  39 09:37:58     -484.696258       0.0012       0.0000       0.0159       1.4597
Sella  40 09:37:58     -484.696258       0.0013       0.0000       0.0159       1.4760
Sella  41 09:37:58     -484.696259       0.0012       0.0000       0.0159       1.4146
Sella  42 09:37:58     -484.696259       0.0012       0.0000       0.0159       1.4542
Sella  43 09:37:58     -484.696260       0.0010       0.0000       0.0159       1.4261
Sella  44 09:37:58     -484.696260       0.0010       0.0000       0.0159       1.4631
Sella  45 09:37:58     -484.696261       0.0011       0.0000       0.0159       1.4155
Sella  46 09:37:58     -484.696261       0.0010       0.0000       0.0159       1.4308
Sella  47 09:37:58     -484.696262       0.0011       0.0000       0.0159       1.5353
Sella  48 09:37:58     -484.696263       0.0014       0.0000       0.0159       1.4986
Sella  49 09:37:58     -484.696264       0.0018       0.0000       0.0159       1.2897
Sella  50 09:37:58     -484.696264       0.0013       0.0000       0.0159       1.4045
Sella  51 09:37:58     -484.696264       0.0012       0.0000       0.0159       1.3590
Sella  52 09:37:58     -484.696265       0.0012       0.0000       0.0159       1.5357
Sella  53 09:37:58     -484.696265       0.0010       0.0000       0.0159       1.4228
Sella  54 09:37:58     -484.696265       0.0009       0.0000       0.0159       1.2434
Sella  55 09:37:58     -484.696266       0.0013       0.0000       0.0159       0.4244
Sella  56 09:37:58     -484.696266       0.0011       0.0000       0.0159       1.4990
Sella  57 09:37:58     -484.696266       0.0005       0.0000       0.0159       0.8450
Sella  58 09:37:58     -484.696266       0.0006       0.0000       0.0001      -0.0133
Sella  59 09:37:58     -484.696266       0.0004       0.0000       0.0001       0.5202
Sella  60 09:37:58     -484.696266       0.0005       0.0000       0.0001       1.7521
Sella  61 09:37:58     -484.696266       0.0004       0.0000       0.0001       0.5304
Sella  62 09:37:58     -484.696266       0.0005       0.0000       0.0001      -1.4268
Sella  63 09:37:58     -484.696266       0.0004       0.0000       0.0001      -0.2169
Sella  64 09:37:58     -484.696266       0.0008       0.0000       0.0001       1.4599
Sella  65 09:37:58     -484.696266       0.0003       0.0000       0.0001      -1.4827
Sella  66 09:37:58     -484.696266       0.0005       0.0000       0.0001       3.2823
Sella  67 09:37:58     -484.696266       0.0002       0.0000       0.0001      -9.5029
Sella  68 09:37:58     -484.696266       0.0004       0.0000       0.0001      -1.2497
Sella  69 09:37:58     -484.696266       0.0004       0.0000       0.0001      -1.1423
Sella  70 09:37:58     -484.696266       0.0007       0.0000       0.0001       2.0820
Sella  71 09:37:58     -484.696266       0.0003       0.0000       0.0001      -0.9898
Sella  72 09:37:58     -484.696266       0.0004       0.0000       0.0001       2.3431
Sella  73 09:37:58     -484.696266       0.0003       0.0000       0.0001     -15.1864
Sella  74 09:37:58     -484.696266       0.0004       0.0000       0.0001      18.7414
Sella  75 09:37:58     -484.696266       0.0003       0.0000       0.0001       1.8907
Sella  76 09:37:58     -484.696266       0.0003       0.0000       0.0001      -2.0478
Sella  77 09:37:58     -484.696266       0.0005       0.0000       0.0001      -1.5713
Sella  78 09:37:58     -484.696266       0.0004       0.0000       0.0001       1.0659
Sella  79 09:37:58     -484.696266       0.0004       0.0000       0.0001       1.6064
Sella  80 09:37:58     -484.696266       0.0002       0.0000       0.0001      -1.8584
Sella  81 09:37:58     -484.696266       0.0005       0.0000       0.0001       0.9481
Sella  82 09:37:58     -484.696266       0.0004       0.0000       0.0001       1.0038
Sella  83 09:37:58     -484.696266       0.0003       0.0000       0.0001       1.7345
Sella  84 09:37:58     -484.696266       0.0002       0.0000       0.0001      -1.8881
Sella  85 09:37:58     -484.696266       0.0005       0.0000       0.0001       0.9754
Sella  86 09:37:58     -484.696266       0.0004       0.0000       0.0001      -0.3906
Sella  87 09:37:58     -484.696266       0.0004       0.0000       0.0001       1.6605
Sella  88 09:37:58     -484.696266       0.0003       0.0000       0.0001       0.1961
Sella  89 09:37:58     -484.696266       0.0004       0.0000       0.0001      -1.7882
Sella  90 09:37:58     -484.696266       0.0003       0.0000       0.0001      -0.5212
Sella  91 09:37:58     -484.696266       0.0006       0.0000       0.0001       1.5923
Sella  92 09:37:58     -484.696266       0.0003       0.0000       0.0001      -1.4593
Sella  93 09:37:58     -484.696266       0.0004       0.0000       0.0001       0.9104
Sella  94 09:37:58     -484.696266       0.0004       0.0000       0.0001      -0.5711
Sella  95 09:37:58     -484.696266       0.0006       0.0000       0.0001       1.5921
Sella  96 09:37:58     -484.696266       0.0003       0.0000       0.0001       0.3026
Sella  97 09:37:58     -484.696266       0.0004       0.0000       0.0001      -1.7717
Sella  98 09:37:58     -484.696266       0.0003       0.0000       0.0001      -0.5907
Sella  99 09:37:58     -484.696266       0.0007       0.0000       0.0001       1.5643
Sella 100 09:37:58     -484.696266       0.0003       0.0000       0.0001       0.3494
Sella 101 09:37:58     -484.696266       0.0004       0.0000       0.0001      -1.7878
Sella 102 09:37:58     -484.696266       0.0003       0.0000       0.0001      -0.6094
Sella 103 09:37:58     -484.696266       0.0007       0.0000       0.0001       1.5547
Sella 104 09:37:58     -484.696266       0.0003       0.0000       0.0001       0.3815
Sella 105 09:37:58     -484.696266       0.0004       0.0000       0.0001      -1.7998
Sella 106 09:37:58     -484.696266       0.0003       0.0000       0.0001      -0.6194
Sella 107 09:37:58     -484.696266       0.0007       0.0000       0.0001       1.5502
Sella 108 09:37:58     -484.696266       0.0003       0.0000       0.0001       0.4086
Sella 109 09:37:58     -484.696266       0.0004       0.0000       0.0001      -1.8030
Sella 110 09:37:58     -484.696266       0.0003       0.0000       0.0001      -0.6260
Sella 111 09:37:58     -484.696266       0.0007       0.0000       0.0001       1.5482
Sella 112 09:37:58     -484.696266       0.0003       0.0000       0.0001      -1.2050
Sella 113 09:37:58     -484.696266       0.0005       0.0000       0.0001       0.8576
Sella 114 09:37:58     -484.696266       0.0004       0.0000       0.0001      -0.6586
Sella 115 09:37:58     -484.696266       0.0008       0.0000       0.0001       1.5503
Sella 116 09:37:58     -484.696266       0.0003       0.0000       0.0001       0.4281
Sella 117 09:37:58     -484.696266       0.0005       0.0000       0.0001      -1.7450
Sella 118 09:37:58     -484.696266       0.0004       0.0000       0.0001      -0.6354
Sella 119 09:37:58     -484.696266       0.0008       0.0000       0.0001       1.5489
Sella 120 09:37:58     -484.696266       0.0003       0.0000       0.0001       0.4542
Sella 121 09:37:58     -484.696266       0.0005       0.0000       0.0001      -1.7438
Sella 122 09:37:58     -484.696266       0.0004       0.0000       0.0001      -0.6377
Sella 123 09:37:58     -484.696266       0.0008       0.0000       0.0001       1.5485
Sella 124 09:37:58     -484.696266       0.0003       0.0000       0.0001       0.4765
Sella 125 09:37:58     -484.696266       0.0005       0.0000       0.0001      -1.7391
Sella 126 09:37:58     -484.696266       0.0004       0.0000       0.0001      -0.6378
Sella 127 09:37:59     -484.696266       0.0008       0.0000       0.0001       1.5488
Sella 128 09:37:59     -484.696266       0.0003       0.0000       0.0001       0.4974
Sella 129 09:37:59     -484.696266       0.0005       0.0000       0.0001      -1.7313
Sella 130 09:37:59     -484.696266       0.0004       0.0000       0.0001      -0.6367
Sella 131 09:37:59     -484.696266       0.0008       0.0000       0.0001       1.5496
Sella 132 09:37:59     -484.696266       0.0003       0.0000       0.0001       0.5171
Sella 133 09:37:59     -484.696266       0.0005       0.0000       0.0001      -1.7213
Sella 134 09:37:59     -484.696266       0.0004       0.0000       0.0001      -0.6350
Sella 135 09:37:59     -484.696266       0.0008       0.0000       0.0001       1.5506
Sella 136 09:37:59     -484.696266       0.0003       0.0000       0.0001      -1.1630
Sella 137 09:37:59     -484.696266       0.0005       0.0000       0.0001       0.8631
Sella 138 09:37:59     -484.696266       0.0004       0.0000       0.0001      -0.6602
Sella 139 09:37:59     -484.696266       0.0008       0.0000       0.0001       1.5532
Sella 140 09:37:59     -484.696266       0.0003       0.0000       0.0001       0.5171
Sella 141 09:37:59     -484.696266       0.0005       0.0000       0.0001      -1.6685
Sella 142 09:37:59     -484.696266       0.0004       0.0000       0.0001      -0.6339
Sella 143 09:37:59     -484.696266       0.0007       0.0000       0.0001       1.5532
Sella 144 09:37:59     -484.696266       0.0003       0.0000       0.0001       0.5175
Sella 145 09:37:59     -484.696266       0.0005       0.0000       0.0001      -1.6790
Sella 146 09:37:59     -484.696266       0.0004       0.0000       0.0001      -0.6373
Sella 147 09:37:59     -484.696266       0.0007       0.0000       0.0001       1.5535
Sella 148 09:37:59     -484.696266       0.0003       0.0000       0.0001       0.5242
Sella 149 09:37:59     -484.696266       0.0005       0.0000       0.0001      -1.6811
Sella 150 09:37:59     -484.696266       0.0004       0.0000       0.0001      -0.6393
Sella 151 09:37:59     -484.696266       0.0007       0.0000       0.0001       1.5542
Sella 152 09:37:59     -484.696266       0.0003       0.0000       0.0001       0.5300
Sella 153 09:37:59     -484.696266       0.0005       0.0000       0.0001      -1.6812
Sella 154 09:37:59     -484.696266       0.0004       0.0000       0.0001      -0.6407
Sella 155 09:37:59     -484.696266       0.0007       0.0000       0.0001       1.5551
Sella 156 09:37:59     -484.696266       0.0003       0.0000       0.0001      -1.2120
Sella 157 09:37:59     -484.696266       0.0005       0.0000       0.0001       0.9443
Sella 158 09:37:59     -484.696266       0.0004       0.0000       0.0001      -0.6720
Sella 159 09:37:59     -484.696266       0.0008       0.0000       0.0001       1.5554
Sella 160 09:37:59     -484.696266       0.0003       0.0000       0.0001       0.5064
Sella 161 09:37:59     -484.696266       0.0005       0.0000       0.0001      -1.6515
Sella 162 09:37:59     -484.696266       0.0004       0.0000       0.0001      -0.6471
Sella 163 09:37:59     -484.696266       0.0008       0.0000       0.0001       1.5565
Sella 164 09:37:59     -484.696266       0.0003       0.0000       0.0001       0.5099
Sella 165 09:37:59     -484.696266       0.0005       0.0000       0.0001      -1.6600
Sella 166 09:37:59     -484.696266       0.0004       0.0000       0.0001      -0.6485
Sella 167 09:37:59     -484.696266       0.0008       0.0000       0.0001       1.5573
Sella 168 09:37:59     -484.696266       0.0003       0.0000       0.0001       0.5154
Sella 169 09:37:59     -484.696266       0.0005       0.0000       0.0001      -1.6612
Sella 170 09:37:59     -484.696266       0.0004       0.0000       0.0001      -0.6494
Sella 171 09:37:59     -484.696266       0.0008       0.0000       0.0001       1.5581
Sella 172 09:37:59     -484.696266       0.0003       0.0000       0.0001       0.5197
Sella 173 09:37:59     -484.696266       0.0005       0.0000       0.0001      -1.6606
Sella 174 09:37:59     -484.696266       0.0004       0.0000       0.0001      -0.6500
Sella 175 09:37:59     -484.696266       0.0008       0.0000       0.0001       1.5589
Sella 176 09:37:59     -484.696266       0.0003       0.0000       0.0001      -1.2264
Sella 177 09:37:59     -484.696266       0.0005       0.0000       0.0001       0.9924
Sella 178 09:37:59     -484.696266       0.0004       0.0000       0.0001      -0.6812
Sella 179 09:37:59     -484.696266       0.0008       0.0000       0.0001       1.5586
Sella 180 09:37:59     -484.696266       0.0004       0.0000       0.0001       0.4955
Sella 181 09:37:59     -484.696266       0.0005       0.0000       0.0001      -1.6350
Sella 182 09:37:59     -484.696266       0.0004       0.0000       0.0001      -0.6563
Sella 183 09:37:59     -484.696266       0.0008       0.0000       0.0001       1.5597
Sella 184 09:37:59     -484.696266       0.0004       0.0000       0.0001       0.4997
Sella 185 09:37:59     -484.696266       0.0005       0.0000       0.0001      -1.6414
Sella 186 09:37:59     -484.696266       0.0004       0.0000       0.0001      -0.6559
Sella 187 09:37:59     -484.696266       0.0008       0.0000       0.0001       1.5608
Sella 188 09:37:59     -484.696266       0.0004       0.0000       0.0001       0.5040
Sella 189 09:37:59     -484.696266       0.0005       0.0000       0.0001      -1.6417
Sella 190 09:37:59     -484.696266       0.0004       0.0000       0.0001      -0.6561
Sella 191 09:37:59     -484.696266       0.0008       0.0000       0.0001       1.5616
Sella 192 09:37:59     -484.696266       0.0004       0.0000       0.0001       0.5070
Sella 193 09:37:59     -484.696266       0.0005       0.0000       0.0001      -1.6405
Sella 194 09:37:59     -484.696266       0.0004       0.0000       0.0001      -0.6562
Sella 195 09:37:59     -484.696266       0.0008       0.0000       0.0001       1.5624
Sella 196 09:37:59     -484.696266       0.0004       0.0000       0.0001       0.5094
Sella 197 09:37:59     -484.696266       0.0005       0.0000       0.0001      -1.6383
Sella 198 09:37:59     -484.696266       0.0004       0.0000       0.0001      -0.6564
Sella 199 09:37:59     -484.696266       0.0008       0.0000       0.0001       1.5633
Sella 200 09:37:59     -484.696266       0.0004       0.0000       0.0001      -1.2309
Sella 201 09:37:59     -484.696266       0.0005       0.0000       0.0001       1.0095
Sella 202 09:37:59     -484.696266       0.0004       0.0000       0.0001      -0.6853
Sella 203 09:37:59     -484.696266       0.0008       0.0000       0.0001       1.5647
Sella 204 09:37:59     -484.696266       0.0004       0.0000       0.0001       0.4883
Sella 205 09:37:59     -484.696266       0.0005       0.0000       0.0001      -1.6157
Sella 206 09:37:59     -484.696266       0.0004       0.0000       0.0001      -0.6592
Sella 207 09:37:59     -484.696266       0.0008       0.0000       0.0001       1.5645
Sella 208 09:37:59     -484.696266       0.0004       0.0000       0.0001       0.4897
Sella 209 09:37:59     -484.696266       0.0005       0.0000       0.0001      -1.6183
Sella 210 09:37:59     -484.696266       0.0004       0.0000       0.0001      -0.6595
Sella 211 09:37:59     -484.696266       0.0008       0.0000       0.0001       1.5655
Sella 212 09:37:59     -484.696266       0.0004       0.0000       0.0001       0.4906
Sella 213 09:37:59     -484.696266       0.0005       0.0000       0.0001      -1.6161
Sella 214 09:37:59     -484.696266       0.0004       0.0000       0.0001      -0.6605
Sella 215 09:37:59     -484.696266       0.0008       0.0000       0.0001       1.5662
Sella 216 09:37:59     -484.696266       0.0004       0.0000       0.0001       0.4906
Sella 217 09:37:59     -484.696266       0.0005       0.0000       0.0001      -1.6127
Sella 218 09:37:59     -484.696266       0.0004       0.0000       0.0001      -0.6614
Sella 219 09:37:59     -484.696266       0.0008       0.0000       0.0001       1.5671
Sella 220 09:37:59     -484.696266       0.0004       0.0000       0.0001      -1.2540
Sella 221 09:37:59     -484.696266       0.0005       0.0000       0.0001       1.0537
Sella 222 09:37:59     -484.696266       0.0004       0.0000       0.0001      -0.6909
Sella 223 09:37:59     -484.696266       0.0008       0.0000       0.0001       1.5677
Sella 224 09:37:59     -484.696266       0.0004       0.0000       0.0001       0.4646
Sella 225 09:37:59     -484.696266       0.0005       0.0000       0.0001      -1.5908
Sella 226 09:37:59     -484.696266       0.0004       0.0000       0.0001      -0.6650
Sella 227 09:37:59     -484.696266       0.0008       0.0000       0.0001       1.5684
Sella 228 09:37:59     -484.696266       0.0004       0.0000       0.0001       0.4676
Sella 229 09:37:59     -484.696266       0.0005       0.0000       0.0001      -1.5895
Sella 230 09:37:59     -484.696266       0.0004       0.0000       0.0001      -0.6633
Sella 231 09:37:59     -484.696266       0.0008       0.0000       0.0001       1.5703
Sella 232 09:37:59     -484.696266       0.0004       0.0000       0.0001       0.4647
Sella 233 09:37:59     -484.696266       0.0005       0.0000       0.0001      -1.5823
Sella 234 09:37:59     -484.696266       0.0004       0.0000       0.0001      -0.6653
Sella 235 09:37:59     -484.696266       0.0008       0.0000       0.0001       1.5716
Sella 236 09:37:59     -484.696266       0.0004       0.0000       0.0001       0.4594
Sella 237 09:37:59     -484.696266       0.0005       0.0000       0.0001      -1.5738
Sella 238 09:37:59     -484.696266       0.0004       0.0000       0.0001      -0.6676
Sella 239 09:37:59     -484.696266       0.0008       0.0000       0.0001       1.5729
Sella 240 09:37:59     -484.696266       0.0004       0.0000       0.0001       0.4531
Sella 241 09:37:59     -484.696266       0.0005       0.0000       0.0001      -1.5635
Sella 242 09:37:59     -484.696266       0.0004       0.0000       0.0001      -0.6688
Sella 243 09:37:59     -484.696266       0.0008       0.0000       0.0001       1.5749
Sella 244 09:37:59     -484.696266       0.0004       0.0000       0.0001       0.4453
Sella 245 09:37:59     -484.696266       0.0005       0.0000       0.0001      -1.5508
Sella 246 09:37:59     -484.696266       0.0004       0.0000       0.0001      -0.6688
Sella 247 09:37:59     -484.696266       0.0008       0.0000       0.0001       1.5774
Sella 248 09:37:59     -484.696266       0.0004       0.0000       0.0001      -1.3001
Sella 249 09:37:59     -484.696266       0.0006       0.0000       0.0001       1.1205
Sella 250 09:37:59     -484.696266       0.0004       0.0000       0.0001      -0.6841
Sella 251 09:37:59     -484.696266       0.0008       0.0000       0.0001       1.5828
Sella 252 09:37:59     -484.696266       0.0004       0.0000       0.0001       0.4019
Sella 253 09:37:59     -484.696266       0.0006       0.0000       0.0001      -1.5100
Sella 254 09:37:59     -484.696266       0.0004       0.0000       0.0001      -0.6577
Sella 255 09:37:59     -484.696266       0.0008       0.0000       0.0001       1.5849
Sella 256 09:37:59     -484.696266       0.0004       0.0000       0.0001       0.3943
Sella 257 09:37:59     -484.696266       0.0006       0.0000       0.0001      -1.4895
Sella 258 09:37:59     -484.696266       0.0004       0.0000       0.0001      -0.6639
Sella 259 09:37:59     -484.696266       0.0008       0.0000       0.0001       1.5888
Sella 260 09:37:59     -484.696266       0.0004       0.0000       0.0001       0.3650
Sella 261 09:37:59     -484.696266       0.0006       0.0000       0.0001      -1.4592
Sella 262 09:37:59     -484.696266       0.0004       0.0000       0.0001      -0.6732
Sella 263 09:37:59     -484.696266       0.0008       0.0000       0.0001       1.5916
Sella 264 09:37:59     -484.696266       0.0004       0.0000       0.0001       0.3373
Sella 265 09:37:59     -484.696266       0.0006       0.0000       0.0001      -1.4307
Sella 266 09:37:59     -484.696266       0.0004       0.0000       0.0001      -0.6669
Sella 267 09:37:59     -484.696266       0.0008       0.0000       0.0001       1.5978
Sella 268 09:37:59     -484.696266       0.0004       0.0000       0.0001       0.3198
Sella 269 09:37:59     -484.696266       0.0007       0.0000       0.0001      -1.4008
Sella 270 09:37:59     -484.696266       0.0004       0.0000       0.0001      -0.6495
Sella 271 09:37:59     -484.696266       0.0008       0.0000       0.0001       1.6074
Sella 272 09:37:59     -484.696266       0.0005       0.0000       0.0001       0.2982
Sella 273 09:37:59     -484.696266       0.0007       0.0000       0.0001      -1.3639
Sella 274 09:37:59     -484.696266       0.0004       0.0000       0.0001      -0.6434
Sella 275 09:37:59     -484.696266       0.0008       0.0000       0.0001       1.6165
Sella 276 09:37:59     -484.696266       0.0005       0.0000       0.0001       0.2630
Sella 277 09:37:59     -484.696266       0.0007       0.0000       0.0001      -1.3181
Sella 278 09:37:59     -484.696266       0.0004       0.0000       0.0001      -0.6490
Sella 279 09:37:59     -484.696266       0.0009       0.0000       0.0001       1.6237
Sella 280 09:37:59     -484.696266       0.0005       0.0000       0.0001      -1.4934
Sella 281 09:37:59     -484.696266       0.0007       0.0000       0.0001       1.4930
Sella 282 09:37:59     -484.696266       0.0004       0.0000       0.0001      -0.5326
Sella 283 09:37:59     -484.696266       0.0008       0.0000       0.0001       1.6521
Sella 284 09:37:59     -484.696266       0.0005       0.0000       0.0001       0.1831
Sella 285 09:37:59     -484.696266       0.0007       0.0000       0.0001      -1.2222
Sella 286 09:37:59     -484.696266       0.0004       0.0000       0.0001      -0.6979
Sella 287 09:37:59     -484.696266       0.0010       0.0000       0.0001       1.6460
Sella 288 09:37:59     -484.696266       0.0005       0.0000       0.0001       0.0505
Sella 289 09:37:59     -484.696266       0.0008       0.0000       0.0001      -1.1142
Sella 290 09:38:00     -484.696266       0.0004       0.0000       0.0001      -0.6261
Sella 291 09:38:00     -484.696266       0.0009       0.0000       0.0001       1.6553
Sella 292 09:38:00     -484.696266       0.0005       0.0000       0.0001       0.1394
Sella 293 09:38:00     -484.696266       0.0008       0.0000       0.0001      -1.1619
Sella 294 09:38:00     -484.696266       0.0004       0.0000       0.0001      -0.5706
Sella 295 09:38:00     -484.696266       0.0009       0.0000       0.0001       1.6605
Sella 296 09:38:00     -484.696266       0.0005       0.0000       0.0001       0.1575
Sella 297 09:38:00     -484.696266       0.0008       0.0000       0.0001      -1.1695
Sella 298 09:38:00     -484.696266       0.0004       0.0000       0.0001      -0.5366
Sella 299 09:38:00     -484.696266       0.0008       0.0000       0.0001       1.6761
Sella 300 09:38:00     -484.696266       0.0005       0.0000       0.0001       0.0545
Sella 301 09:38:00     -484.696266       0.0008       0.0000       0.0001      -1.0955
Sella 302 09:38:00     -484.696266       0.0004       0.0000       0.0001      -0.5990
Sella 303 09:38:00     -484.696266       0.0009       0.0000       0.0001       1.6738
Sella 304 09:38:00     -484.696266       0.0006       0.0000       0.0001      -0.0375
Sella 305 09:38:00     -484.696266       0.0009       0.0000       0.0001      -1.0269
Sella 306 09:38:00     -484.696266       0.0004       0.0000       0.0001      -0.2169
Sella 307 09:38:00     -484.696266       0.0005       0.0000       0.0001       1.8693
Sella 308 09:38:00     -484.696266       0.0005       0.0000       0.0001      -0.6326
Sella 309 09:38:00     -484.696266       0.0010       0.0000       0.0001      -1.9560
Sella 310 09:38:00     -484.696266       0.0003       0.0000       0.0001       1.7439
Sella 311 09:38:00     -484.696266       0.0003       0.0000       0.0001       0.9229
Sella 312 09:38:00     -484.696266       0.0003       0.0000       0.0001      -0.1642
Sella 313 09:38:00     -484.696266       0.0006       0.0000       0.0001      -3.4827
Sella 314 09:38:00     -484.696266       0.0003       0.0000       0.0001      -0.0135
Sella 315 09:38:00     -484.696266       0.0005       0.0000       0.0001       2.1936
Sella 316 09:38:00     -484.696266       0.0006       0.0000       0.0001       0.1346
Sella 317 09:38:00     -484.696266       0.0007       0.0000       0.0001      -2.7134
Sella 318 09:38:00     -484.696266       0.0003       0.0000       0.0001       0.7993
Sella 319 09:38:00     -484.696266       0.0003       0.0000       0.0001       4.0000
Sella 320 09:38:00     -484.696266       0.0002       0.0000       0.0001      12.5797
Sella 321 09:38:00     -484.696266       0.0005       0.0000       0.0001       2.0448
Sella 322 09:38:00     -484.696266       0.0005       0.0000       0.0001      -0.3123
Sella 323 09:38:00     -484.696266       0.0007       0.0000       0.0001      -1.2306
Sella 324 09:38:00     -484.696266       0.0004       0.0000       0.0001      -0.8322
Sella 325 09:38:00     -484.696266       0.0012       0.0000       0.0001       1.6778
Sella 326 09:38:00     -484.696266       0.0005       0.0000       0.0001       0.0649
Sella 327 09:38:00     -484.696266       0.0008       0.0000       0.0001      -1.1023
Sella 328 09:38:00     -484.696266       0.0004       0.0000       0.0001      -0.8040
Sella 329 09:38:00     -484.696266       0.0011       0.0000       0.0001       1.6062
Sella 330 09:38:00     -484.696266       0.0005       0.0000       0.0001       0.0775
Sella 331 09:38:00     -484.696266       0.0007       0.0000       0.0001      -1.2749
Sella 332 09:38:00     -484.696266       0.0004       0.0000       0.0001      -0.8095
Sella 333 09:38:00     -484.696266       0.0011       0.0000       0.0001       1.5945
Sella 334 09:38:00     -484.696266       0.0005       0.0000       0.0001      -1.5959
Sella 335 09:38:00     -484.696266       0.0007       0.0000       0.0001       1.5545
Sella 336 09:38:00     -484.696266       0.0004       0.0000       0.0001      -0.7956
Sella 337 09:38:00     -484.696266       0.0010       0.0000       0.0001       1.5898
Sella 338 09:38:00     -484.696266       0.0005       0.0000       0.0001       0.1138
Sella 339 09:38:00     -484.696266       0.0007       0.0000       0.0001      -1.3892
Sella 340 09:38:00     -484.696266       0.0004       0.0000       0.0001      -0.6150
Sella 341 09:38:00     -484.696266       0.0008       0.0000       0.0001       1.6328
Sella 342 09:38:00     -484.696266       0.0005       0.0000       0.0001       0.0573
Sella 343 09:38:00     -484.696266       0.0008       0.0000       0.0001      -1.4632
Sella 344 09:38:00     -484.696266       0.0004       0.0000       0.0001      -0.3701
Sella 345 09:38:00     -484.696266       0.0006       0.0000       0.0001       1.7651
Sella 346 09:38:00     -484.696266       0.0005       0.0000       0.0001      -0.1532
Sella 347 09:38:00     -484.696266       0.0008       0.0000       0.0001      -1.7929
Sella 348 09:38:00     -484.696266       0.0004       0.0000       0.0001       0.1456
Sella 349 09:38:00     -484.696266       0.0004       0.0000       0.0001       7.4198
Sella 350 09:38:00     -484.696266       0.0005       0.0000       0.0001      -3.4486
Sella 351 09:38:00     -484.696266       0.0007       0.0000       0.0001      31.7134
Sella 352 09:38:00     -484.696266       0.0003       0.0000       0.0001       6.0813
Sella 353 09:38:00     -484.696266       0.0003       0.0000       0.0001      -1.2195
Sella 354 09:38:00     -484.696266       0.0003       0.0000       0.0001      -3.3754
Sella 355 09:38:00     -484.696266       0.0006       0.0000       0.0001      -5.9584
Sella 356 09:38:00     -484.696266       0.0003       0.0000       0.0001       2.2887
Sella 357 09:38:00     -484.696266       0.0003       0.0000       0.0001      -1.6924
Sella 358 09:38:00     -484.696266       0.0004       0.0000       0.0001      -0.4338
Sella 359 09:38:00     -484.696266       0.0007       0.0000       0.0001      -3.9279
Sella 360 09:38:00     -484.696266       0.0003       0.0000       0.0001       0.5059
Sella 361 09:38:00     -484.696266       0.0004       0.0000       0.0001      -0.7995
Sella 362 09:38:00     -484.696266       0.0006       0.0000       0.0001      27.0850
Sella 363 09:38:00     -484.696266       0.0006       0.0000       0.0001     -15.6897
Sella 364 09:38:00     -484.696266       0.0003       0.0000       0.0001     -23.5983
Sella 365 09:38:00     -484.696266       0.0005       0.0000       0.0001      16.1070
Sella 366 09:38:00     -484.696266       0.0004       0.0000       0.0001       1.6523
Sella 367 09:38:00     -484.696266       0.0005       0.0000       0.0001       1.9234
Sella 368 09:38:00     -484.696266       0.0005       0.0000       0.0001       0.1509
Sella 369 09:38:00     -484.696266       0.0008       0.0000       0.0001      -1.6720
Sella 370 09:38:00     -484.696266       0.0004       0.0000       0.0001      -0.2948
Sella 371 09:38:00     -484.696266       0.0006       0.0000       0.0001       1.8533
Sella 372 09:38:00     -484.696266       0.0005       0.0000       0.0001      -0.1000
Sella 373 09:38:00     -484.696266       0.0008       0.0000       0.0001      -2.2635
Sella 374 09:38:00     -484.696266       0.0003       0.0000       0.0001       0.2209
Sella 375 09:38:00     -484.696266       0.0004       0.0000       0.0001      -5.4379
Sella 376 09:38:00     -484.696266       0.0006       0.0000       0.0001     306.8566
Sella 377 09:38:00     -484.696266       0.0007       0.0000       0.0001       1.8486
Sella 378 09:38:00     -484.696266       0.0003       0.0000       0.0001       0.6583
Sella 379 09:38:00     -484.696266       0.0007       0.0000       0.0001       1.7763
Sella 380 09:38:00     -484.696266       0.0005       0.0000       0.0001      -1.5572
Sella 381 09:38:00     -484.696266       0.0007       0.0000       0.0001       1.3606
Sella 382 09:38:00     -484.696266       0.0004       0.0000       0.0001      -0.9217
Sella 383 09:38:00     -484.696266       0.0011       0.0000       0.0001       1.5780
Sella 384 09:38:00     -484.696266       0.0005       0.0000       0.0001       0.1844
Sella 385 09:38:00     -484.696266       0.0007       0.0000       0.0001      -1.3992
Sella 386 09:38:00     -484.696266       0.0004       0.0000       0.0001      -0.8768
Sella 387 09:38:00     -484.696266       0.0010       0.0000       0.0001       1.5706
Sella 388 09:38:00     -484.696266       0.0005       0.0000       0.0001       0.1580
Sella 389 09:38:00     -484.696266       0.0007       0.0000       0.0001      -1.4757
Sella 390 09:38:00     -484.696266       0.0004       0.0000       0.0001      -0.6947
Sella 391 09:38:00     -484.696266       0.0009       0.0000       0.0001       1.6184
Sella 392 09:38:00     -484.696266       0.0005       0.0000       0.0001       0.0412
Sella 393 09:38:00     -484.696266       0.0008       0.0000       0.0001      -1.6807
Sella 394 09:38:00     -484.696266       0.0004       0.0000       0.0001      -0.3153
Sella 395 09:38:00     -484.696266       0.0006       0.0000       0.0001       1.9174
Sella 396 09:38:00     -484.696266       0.0005       0.0000       0.0001      -0.5060
Sella 397 09:38:00     -484.696266       0.0008       0.0000       0.0001      -3.8086
Sella 398 09:38:00     -484.696266       0.0003       0.0000       0.0001       2.4102
Sella 399 09:38:00     -484.696266       0.0003       0.0000       0.0001       0.3274
Sella 400 09:38:00     -484.696266       0.0004       0.0000       0.0001       0.2534
Sella 401 09:38:00     -484.696266       0.0007       0.0000       0.0001      -1.9532
Sella 402 09:38:00     -484.696266       0.0004       0.0000       0.0001      -0.7588
Sella 403 09:38:00     -484.696266       0.0010       0.0000       0.0001       1.5874
Sella 404 09:38:00     -484.696266       0.0005       0.0000       0.0001       0.2985
Sella 405 09:38:00     -484.696266       0.0007       0.0000       0.0001      -1.5297
Sella 406 09:38:00     -484.696266       0.0004       0.0000       0.0001      -0.5543
Sella 407 09:38:00     -484.696266       0.0007       0.0000       0.0001       1.6695
Sella 408 09:38:00     -484.696266       0.0005       0.0000       0.0001       0.0550
Sella 409 09:38:00     -484.696266       0.0008       0.0000       0.0001      -1.8302
Sella 410 09:38:00     -484.696266       0.0004       0.0000       0.0001      -0.0656
Sella 411 09:38:00     -484.696266       0.0005       0.0000       0.0001       2.5761
Sella 412 09:38:00     -484.696266       0.0005       0.0000       0.0001      -1.2500
Sella 413 09:38:00     -484.696266       0.0008       0.0000       0.0001     -10.8139
Sella 414 09:38:00     -484.696266       0.0003       0.0000       0.0001      -1.0963
Sella 415 09:38:00     -484.696266       0.0007       0.0000       0.0001      -1.5420
Sella 416 09:38:00     -484.696266       0.0010       0.0000       0.0001       2.2582
Sella 417 09:38:00     -484.696266       0.0005       0.0000       0.0001      -0.6089
Sella 418 09:38:00     -484.696266       0.0007       0.0000       0.0001       0.8991
Sella 419 09:38:00     -484.696266       0.0004       0.0000       0.0001      -0.5752
Sella 420 09:38:00     -484.696266       0.0007       0.0000       0.0001       1.6543
Sella 421 09:38:00     -484.696266       0.0005       0.0000       0.0001       0.0581
Sella 422 09:38:00     -484.696266       0.0008       0.0000       0.0001      -1.8404
Sella 423 09:38:00     -484.696266       0.0004       0.0000       0.0001       0.1219
Sella 424 09:38:00     -484.696266       0.0004       0.0000       0.0001      12.4747
Sella 425 09:38:00     -484.696266       0.0005       0.0000       0.0001      -4.0895
Sella 426 09:38:00     -484.696266       0.0007       0.0000       0.0001      34.3171
Sella 427 09:38:00     -484.696266       0.0003       0.0000       0.0001      18.6100
Sella 428 09:38:00     -484.696266       0.0002       0.0000       0.0001       0.7367
Sella 429 09:38:00     -484.696266       0.0003       0.0000       0.0001      -3.5433
Sella 430 09:38:00     -484.696266       0.0005       0.0000       0.0001      -2.9345
Sella 431 09:38:00     -484.696266       0.0003       0.0000       0.0001      -0.4049
Sella 432 09:38:00     -484.696266       0.0007       0.0000       0.0001       1.7148
Sella 433 09:38:00     -484.696266       0.0005       0.0000       0.0001       0.4674
Sella 434 09:38:00     -484.696266       0.0007       0.0000       0.0001      -1.7131
Sella 435 09:38:00     -484.696266       0.0004       0.0000       0.0001       0.0180
Sella 436 09:38:00     -484.696266       0.0004       0.0000       0.0001       2.9084
Sella 437 09:38:00     -484.696266       0.0005       0.0000       0.0001      -0.9444
Sella 438 09:38:00     -484.696266       0.0007       0.0000       0.0001      -6.9804
Sella 439 09:38:00     -484.696266       0.0003       0.0000       0.0001      17.4648
Sella 440 09:38:00     -484.696266       0.0003       0.0000       0.0001       0.8382
Sella 441 09:38:00     -484.696266       0.0003       0.0000       0.0001      -0.0293
Sella 442 09:38:00     -484.696266       0.0006       0.0000       0.0001      -2.0386
Sella 443 09:38:00     -484.696266       0.0004       0.0000       0.0001      -0.3607
Sella 444 09:38:00     -484.696266       0.0006       0.0000       0.0001       1.7194
Sella 445 09:38:00     -484.696266       0.0004       0.0000       0.0001       0.4004
Sella 446 09:38:00     -484.696266       0.0007       0.0000       0.0001      -1.7671
Sella 447 09:38:00     -484.696266       0.0004       0.0000       0.0001       0.1771
Sella 448 09:38:00     -484.696266       0.0003       0.0000       0.0001      29.0673
Sella 449 09:38:00     -484.696266       0.0002       0.0000       0.0001       9.7184
Sella 450 09:38:00     -484.696266       0.0005       0.0000       0.0001       1.8925
Sella 451 09:38:00     -484.696266       0.0004       0.0000       0.0001       0.2288
Sella 452 09:38:00     -484.696266       0.0007       0.0000       0.0001      -1.5565
Sella 453 09:38:00     -484.696266       0.0004       0.0000       0.0001      -0.1051
Sella 454 09:38:00     -484.696266       0.0004       0.0000       0.0001       2.1031
Sella 455 09:38:00     -484.696266       0.0004       0.0000       0.0001      -0.2105
Sella 456 09:38:00     -484.696266       0.0008       0.0000       0.0001      -2.4542
Sella 457 09:38:00     -484.696266       0.0004       0.0000       0.0001       0.5089
Sella 458 09:38:00     -484.696266       0.0003       0.0000       0.0001       4.0688
Sella 459 09:38:00     -484.696266       0.0002       0.0000       0.0001      14.9646
Sella 460 09:38:00     -484.696266       0.0005       0.0000       0.0001       1.9518
Sella 461 09:38:00     -484.696266       0.0004       0.0000       0.0001      -1.7217
Sella 462 09:38:00     -484.696266       0.0009       0.0000       0.0001       1.3557
Sella 463 09:38:00     -484.696266       0.0004       0.0000       0.0001      -0.1578
Sella 464 09:38:00     -484.696266       0.0005       0.0000       0.0001       2.0215
Sella 465 09:38:01     -484.696266       0.0004       0.0000       0.0001      -0.7213
Sella 466 09:38:01     -484.696266       0.0008       0.0000       0.0001      -2.6847
Sella 467 09:38:01     -484.696266       0.0003       0.0000       0.0001       0.7256
Sella 468 09:38:01     -484.696266       0.0003       0.0000       0.0001       0.2087
Sella 469 09:38:01     -484.696266       0.0004       0.0000       0.0001      -1.6558
Sella 470 09:38:01     -484.696266       0.0007       0.0000       0.0001      -6.0554
Sella 471 09:38:01     -484.696266       0.0003       0.0000       0.0001       4.5574
Sella 472 09:38:01     -484.696266       0.0003       0.0000       0.0001       0.4204
Sella 473 09:38:01     -484.696266       0.0003       0.0000       0.0001      -0.2684
Sella 474 09:38:01     -484.696266       0.0007       0.0000       0.0001      -2.6135
Sella 475 09:38:01     -484.696266       0.0003       0.0000       0.0001      -0.4756
Sella 476 09:38:01     -484.696266       0.0007       0.0000       0.0001       1.6788
Sella 477 09:38:01     -484.696266       0.0005       0.0000       0.0001       0.3456
Sella 478 09:38:01     -484.696266       0.0007       0.0000       0.0001      -1.6663
Sella 479 09:38:01     -484.696266       0.0004       0.0000       0.0001      -0.2281
Sella 480 09:38:01     -484.696266       0.0005       0.0000       0.0001       1.9537
Sella 481 09:38:01     -484.696266       0.0005       0.0000       0.0001      -0.2533
Sella 482 09:38:01     -484.696266       0.0008       0.0000       0.0001      -3.0214
Sella 483 09:38:01     -484.696266       0.0003       0.0000       0.0001       0.8047
Sella 484 09:38:01     -484.696266       0.0003       0.0000       0.0001       0.2536
Sella 485 09:38:01     -484.696266       0.0004       0.0000       0.0001      -0.9199
Sella 486 09:38:01     -484.696266       0.0006       0.0000       0.0001      -4.7664
Sella 487 09:38:01     -484.696266       0.0003       0.0000       0.0001       0.4930
Sella 488 09:38:01     -484.696266       0.0004       0.0000       0.0001      13.4456
Sella 489 09:38:01     -484.696266       0.0006       0.0000       0.0001      -1.2393
Sella 490 09:38:01     -484.696266       0.0007       0.0000       0.0001     -56.6379
Sella 491 09:38:01     -484.696266       0.0002       0.0000       0.0001     -41.9720
Sella 492 09:38:01     -484.696266       0.0002       0.0000       0.0001       0.5967
Sella 493 09:38:01     -484.696266       0.0003       0.0000       0.0001      -0.6856
Sella 494 09:38:01     -484.696266       0.0005       0.0000       0.0001      -1.9986
Sella 495 09:38:01     -484.696266       0.0003       0.0000       0.0001      -0.5810
Sella 496 09:38:01     -484.696266       0.0008       0.0000       0.0001       1.6434
Sella 497 09:38:01     -484.696266       0.0005       0.0000       0.0001      -1.0106
Sella 498 09:38:01     -484.696266       0.0007       0.0000       0.0001       1.0852
Sella 499 09:38:01     -484.696266       0.0003       0.0000       0.0001      -0.1533
Sella 500 09:38:01     -484.696266       0.0005       0.0000       0.0001       2.0682
