6
 energy: -10.126828349888 gnorm: 0.019198082044 xtb: 6.7.1pre (5071a88)
O            0.00000000000000        0.00000000000000        0.00000000000000
H            0.75754080000000        0.00000000000000        0.58707964000000
H           -0.75754080000000        0.00000000000000        0.58707964000000
O            2.90000000000000        0.00000000000000        0.00000000000000
H            2.14245920000000        0.00000000000000        0.58707964000000
H            3.65754080000000        0.00000000000000        0.58707964000000
6
 energy: -10.134378771471 gnorm: 0.009472992145 xtb: 6.7.1pre (5071a88)
O           -0.15648885848946       -0.00000000000001        0.00272100328257
H            0.60067858307843        0.00000000000000        0.58723356961156
H           -0.91621256707168        0.00000000000000        0.58420470673936
O            3.05648885885139       -0.00000000000000        0.00272100111417
H            2.29932141545602        0.00000000000000        0.58723357200239
H            3.81621256817533        0.00000000000000        0.58420470724995
6
 energy: -10.136245649953 gnorm: 0.005720198015 xtb: 6.7.1pre (5071a88)
O           -0.23379956313195        0.00000000000003        0.00768570116993
H            0.53114674456235       -0.00000000000002        0.58470791216114
H           -1.00224083431212       -0.00000000000002        0.58176566485571
O            3.13379957103815       -0.00000000000004        0.00768569818058
H            2.36885325071288        0.00000000000003        0.58470792249180
H            3.90224083113071        0.00000000000002        0.58176566114081
6
 energy: -10.137443793485 gnorm: 0.003233764945 xtb: 6.7.1pre (5071a88)
O           -0.31564266531770       -0.00000000000056        0.01329907036302
H            0.45270262137445        0.00000000000020        0.58583814597407
H           -1.09380826629569        0.00000000000033        0.57502204984598
O            3.21564266574420        0.00000000000054        0.01329907695706
H            2.44729738006441        0.00000000000022        0.58583818684002
H            3.99380826443038       -0.00000000000073        0.57502203001982
6
 energy: -10.138004214336 gnorm: 0.003057658567 xtb: 6.7.1pre (5071a88)
O           -0.37264343116381        0.00000000001100        0.01584444671595
H            0.39151015152991       -0.00000000000468        0.59284667430048
H           -1.15876778001122       -0.00000000000746        0.56546811610892
O            3.27264338558321       -0.00000000001093        0.01584447400616
H            2.50848987259011        0.00000000000070        0.59284677952458
H            4.05876780147185        0.00000000001136        0.56546806934387
6
 energy: -10.138375659470 gnorm: 0.002925973691 xtb: 6.7.1pre (5071a88)
O           -0.41840495675006       -0.00000000022864        0.01621429253830
H            0.33632238117521        0.00000000008874        0.60530096239609
H           -1.21329338675462        0.00000000015245        0.55264395484114
O            3.31840488606050        0.00000000022615        0.01621434002839
H            2.56367765847736        0.00000000001704        0.60530113488505
H            4.11329341779166       -0.00000000025575        0.55264387531099
6
 energy: -10.138681084005 gnorm: 0.001870738039 xtb: 6.7.1pre (5071a88)
O           -0.46214476347243        0.00000000567691        0.01538293530346
H            0.27914840767740       -0.00000000218160        0.62230851470796
H           -1.26741738479233       -0.00000000381577        0.53646771211962
O            3.36214466040837       -0.00000000561743        0.01538301922978
H            2.62085165487301       -0.00000000036984        0.62230880815586
H            4.16741742530604        0.00000000630771        0.53646757048326
6
 energy: -10.139039975799 gnorm: 0.003207537868 xtb: 6.7.1pre (5071a88)
O           -0.52935252515385       -0.00000023001756        0.01388793515213
H            0.18749907909755        0.00000008710510        0.65194623616056
H           -1.35218014178302        0.00000015383958        0.50832484289825
O            3.42935227158523        0.00000022748938        0.01388812538664
H            2.71250107271616        0.00000002129289        0.65194688917960
H            4.25218024353800       -0.00000025970940        0.50832453122275
6
 energy: -10.139194933999 gnorm: 0.001901961848 xtb: 6.7.1pre (5071a88)
O           -0.56665331233221       -0.00000037047532        0.01416704630902
H            0.13977424762622        0.00000020016388        0.66287515581231
H           -1.39539680153361        0.00000023119696        0.49711677424472
O            3.46665303392552        0.00000036733785        0.01416726948313
H            2.76022595977292       -0.00000006564180        0.66287590324576
H            4.29539687254124       -0.00000036258156        0.49711641090499
6
 energy: -10.139387153199 gnorm: 0.002473185628 xtb: 6.7.1pre (5071a88)
O           -0.62087689214143       -0.00000079865161        0.01542381299442
H            0.06732108215991        0.00000057679708        0.68334545480065
H           -1.46361403464464        0.00000046163132        0.47538948797968
O            3.52087642207765        0.00000079445536        0.01542419580389
H            2.83267925474525       -0.00000039687863        0.68334675061078
H            4.36361416780335       -0.00000063735352        0.47538885781050
6
 energy: -10.139483326032 gnorm: 0.000748472835 xtb: 6.7.1pre (5071a88)
O           -0.65319464813111       -0.00000127037551        0.01647865195016
H            0.02839408439300        0.00000110443607        0.69024935409462
H           -1.49936041478216        0.00000067109666        0.46743073156760
O            3.55319416052393        0.00000126563525        0.01647907691260
H            2.87160633018197       -0.00000090119277        0.69025067986473
H            4.39936048781446       -0.00000086959970        0.46743006561019
6
 energy: -10.139620116339 gnorm: 0.001335160524 xtb: 6.7.1pre (5071a88)
O           -0.70487629305429       -0.00000301017633        0.01837197109708
H           -0.03884231639792        0.00000284779715        0.70845922772486
H           -1.56310663669618        0.00000154596551        0.44732730670672
O            3.60487558638997        0.00000300424715        0.01837259515598
H            2.93884290709688       -0.00000259357769        0.70846110812693
H            4.46310675266163       -0.00000179425580        0.44732635118834
6
 energy: -10.139728189222 gnorm: 0.000656923315 xtb: 6.7.1pre (5071a88)
O           -0.75314498236378       -0.00000650351788        0.01992498185053
H           -0.09820318254648        0.00000622066613        0.71977026806713
H           -1.61769095298322        0.00000337850330        0.43446300158545
O            3.65314404862563        0.00000649670364        0.01992580857218
H            2.99820396381816       -0.00000592849812        0.71977276807727
H            4.51769110544979       -0.00000366385706        0.43446173184734
6
 energy: -10.139822595423 gnorm: 0.001255179259 xtb: 6.7.1pre (5071a88)
O           -0.80104944305885       -0.00001560147035        0.02107593087162
H           -0.15991242672922        0.00001421973211        0.73449249192199
H           -1.67429124893811        0.00000852540316        0.41858994750041
O            3.70104865752674        0.00001559361207        0.02107674373911
H            3.05991334035755       -0.00001388279976        0.73449467798513
H            4.57429112084202       -0.00000885447723        0.41858876798162
6
 energy: -10.139903656326 gnorm: 0.000505240018 xtb: 6.7.1pre (5071a88)
O           -0.84710018455246       -0.00003234089424        0.02206393418254
H           -0.21546514356554        0.00002895795898        0.74319958912427
H           -1.72442518499328        0.00001799908386        0.40889295297751
O            3.74709756665378        0.00003233226177        0.02206604296423
H            3.11546678229714       -0.00002858783249        0.74320644864156
H            4.62442616416048       -0.00001836057787        0.40888959210977
6
 energy: -10.139983134322 gnorm: 0.000580882098 xtb: 6.7.1pre (5071a88)
O           -0.89785751989654       -0.00007438635281        0.02318040108519
H           -0.27840058872928        0.00006382891413        0.75515663647370
H           -1.78173548931596        0.00004278852771        0.39582871125075
O            3.79786394487279        0.00007437662351        0.02317670589222
H            3.17839963550320       -0.00006341175968        0.75514037383985
H            4.68173001756592       -0.00004319595286        0.39583573145816
6
 energy: -10.140044077467 gnorm: 0.000329916086 xtb: 6.7.1pre (5071a88)
O           -0.94117755932638       -0.00014786738133        0.02414967161594
H           -0.32994704414770        0.00012577966744        0.76278264658126
H           -1.82882065845454        0.00008566004834        0.38716889268621
O            3.84112148261296        0.00014785659489        0.02418732119992
H            3.22996703106983       -0.00012531718660        0.76292701215039
H            4.72885674824595       -0.00008611174272        0.38710301576614
6
 energy: -10.140091405451 gnorm: 0.000498284202 xtb: 6.7.1pre (5071a88)
O           -0.97751614821562       -0.00029112336464        0.02517623677874
H           -0.37340516717817        0.00024332012653        0.76988785971912
H           -1.86889200343445        0.00017075027541        0.37954779126740
O            3.87795386275840        0.00029111282884        0.02488732437526
H            3.27325841291706       -0.00024286839246        0.76876060858794
H            4.76860104315292       -0.00017119147367        0.38005873927139
6
 energy: -10.140124564950 gnorm: 0.002323482879 xtb: 6.7.1pre (5071a88)
O           -1.00901184797521       -0.00053532164152        0.02487640048054
H           -0.40778176857451        0.00044105029808        0.77060907417120
H           -1.90018780382000        0.00031682043003        0.37601843207435
O            3.90644868698846        0.00053529575069        0.02657864359338
H            3.30867167821597       -0.00043994019750        0.77722071467921
H            4.80186105516544       -0.00031790463978        0.37301529500118
6
 energy: -10.140145769106 gnorm: 0.000996444055 xtb: 6.7.1pre (5071a88)
O           -1.02402848989944       -0.00078388348937        0.02576102097202
H           -0.42606990639990        0.00063859021778        0.77467405470632
H           -1.91744915194304        0.00046768776693        0.37275022018155
O            3.92308469987291        0.00078388345680        0.02638367065044
H            3.32637970993156       -0.00063858882302        0.77709864908404
H            4.81808313843806       -0.00046768912911        0.37165094440549
6
 energy: -10.140173873040 gnorm: 0.001063287551 xtb: 6.7.1pre (5071a88)
O           -1.04807375385236       -0.00156287560635        0.02695949703613
H           -0.45538052194054        0.00124099130123        0.78105738461287
H           -1.94509973146249        0.00094855215040        0.36735078967713
O            3.94923822933941        0.00156299123679        0.02616798342143
H            3.35492625963504       -0.00124594910586        0.77805628005808
H            4.84438951828111       -0.00094370997620        0.36872662519422
6
 energy: -10.140185795758 gnorm: 0.000316335190 xtb: 6.7.1pre (5071a88)
O           -1.05809775850095       -0.00158363049034        0.02640085904562
H           -0.46108434438292        0.00134764807643        0.77664246120065
H           -1.95251226082231        0.00086320357484        0.37233011041836
O            3.95923626148207        0.00154864381068        0.02531609411682
H            3.35969767686542       -0.00133423775797        0.77369475552366
H            4.85276042535878       -0.00084162721366        0.37393427969470
6
 energy: -10.140204321326 gnorm: 0.001092120943 xtb: 6.7.1pre (5071a88)
O           -1.07525276789470       -0.00163757316813        0.02500113710835
H           -0.46784656396449        0.00163651964860        0.76676643072520
H           -1.96451009786910        0.00062754724872        0.38361165189482
O            3.97694670695969        0.00150718235058        0.02351150828744
H            3.36537267941812       -0.00156903703618        0.76271437880557
H            4.86529004335047       -0.00056463904362        0.38671345317840
6
 energy: -10.140231721651 gnorm: 0.002197697666 xtb: 6.7.1pre (5071a88)
O           -1.10307027663420       -0.00173225619395        0.02254016842610
H           -0.47706149796706        0.00222982034793        0.74909182214768
H           -1.98320249498332        0.00012609339011        0.40375631298640
O            4.00570827930555        0.00143209569762        0.02066442418801
H            3.37350498433980       -0.00202424724792        0.74315871762534
H            4.88412100593909       -0.00003150599386        0.40910711462617
6
 energy: -10.140254752604 gnorm: 0.002925269728 xtb: 6.7.1pre (5071a88)
O           -1.12907188876952       -0.00179695372612        0.02033475416736
H           -0.48534852357301        0.00283187078370        0.73175503604153
H           -1.99990037500924       -0.00041453295578        0.42331508089941
O            4.03128190203968        0.00138195046037        0.01858873753086
H            3.38236186496206       -0.00246105856577        0.72654142121486
H            4.90067702034977        0.00045872400350        0.42778353014561
6
 energy: -10.140281486382 gnorm: 0.003407576582 xtb: 6.7.1pre (5071a88)
O           -1.16102497232082       -0.00183464387795        0.01793517779695
H           -0.49632958328412        0.00358342286805        0.71056559824255
H           -2.02003361806320       -0.00113263821803        0.44693364448587
O            4.06130061448653        0.00135693057754        0.01677789656350
H            3.39559101428208       -0.00299846071906        0.70896884958509
H            4.92049654489911        0.00102538936933        0.44713739332558
6
 energy: -10.140312388628 gnorm: 0.002776214584 xtb: 6.7.1pre (5071a88)
O           -1.19481284715420       -0.00182221580281        0.01617541097782
H           -0.51128551967244        0.00433826298158        0.69029721956987
H           -2.04171256117191       -0.00190415890238        0.46899603501437
O            4.09281927485501        0.00137614443827        0.01563557967125
H            3.41299639616947       -0.00359178926332        0.69312697143581
H            4.94199525697346        0.00160375654849        0.46408734333029
6
 energy: -10.140347636096 gnorm: 0.001155991735 xtb: 6.7.1pre (5071a88)
O           -1.23332622553086       -0.00179187354609        0.01521417652363
H           -0.53294352643927        0.00517819972368        0.67070620149606
H           -2.06757314636092       -0.00277954312209        0.48957710420820
O            4.13073288499148        0.00141000030977        0.01467532642974
H            3.43500495053456       -0.00439012997800        0.67502184704349
H            4.96810506280417        0.00237334661250        0.48312390429815
6
 energy: -10.140393349342 gnorm: 0.004043706886 xtb: 6.7.1pre (5071a88)
O           -1.30892169894122       -0.00183523296234        0.01309934338314
H           -0.57301859695290        0.00710398908841        0.63084770346820
H           -2.11799953102190       -0.00467504007245        0.53160540184952
O            4.20504806306125        0.00138020868573        0.01254273797647
H            3.47587021077424       -0.00614220432959        0.63782845096818
H            5.01902155307925        0.00416827958991        0.52239492235350
6
 energy: -10.140426810939 gnorm: 0.001353971070 xtb: 6.7.1pre (5071a88)
O           -1.34287922229214       -0.00190078839836        0.01355725933573
H           -0.59904465768846        0.00790805391221        0.61924658378426
H           -2.14304386121596       -0.00541795361773        0.54276882951280
O            4.23958856763852        0.00131965067634        0.01252072107027
H            3.50080360571531       -0.00696838486278        0.62500855771713
H            5.04457556784122        0.00505942228996        0.53521660857865
6
 energy: -10.140470096898 gnorm: 0.002899273933 xtb: 6.7.1pre (5071a88)
O           -1.41849583751408       -0.00198983665158        0.01283629346835
H           -0.64876659571296        0.01002001729348        0.58664128859876
H           -2.19618251886223       -0.00745384752780        0.57617757700013
O            4.30999609236389        0.00124314499011        0.01286862907488
H            3.55539225097271       -0.00875539150803        0.60205522232962
H            5.09805660875070        0.00693591340336        0.55773954952677
6
 energy: -10.140503935939 gnorm: 0.001749011471 xtb: 6.7.1pre (5071a88)
O           -1.46987782597837       -0.00196632555211        0.01302777537731
H           -0.68742553707787        0.01137149184819        0.56812758950048
H           -2.23368461281774       -0.00884100946309        0.59451793833932
O            4.36451587765612        0.00127251393642        0.01193468839953
H            3.58994598938374       -0.01052219814737        0.57805788349099
H            5.13652610883180        0.00868552737741        0.58265268489064
6
 energy: -10.140535612557 gnorm: 0.003083710600 xtb: 6.7.1pre (5071a88)
O           -1.53457863513604       -0.00192349004682        0.01376934919721
H           -0.73956167848528        0.01313882025386        0.54833938867745
H           -2.28225213859587       -0.01066634569703        0.61359994579698
O            4.43145724864943        0.00132079262689        0.01175148020253
H            3.63880586843103       -0.01273131669209        0.55464498409940
H            5.18612933513399        0.01086153955454        0.60621341202439
6
 energy: -10.140556910512 gnorm: 0.001882349769 xtb: 6.7.1pre (5071a88)
O           -1.56878872583569       -0.00202794739576        0.01384918411570
H           -0.76544839071005        0.01442217868266        0.53659553388748
H           -2.30733309597607       -0.01185361209050        0.62530003626201
O            4.46381183257436        0.00122700434681        0.01205927394043
H            3.66620270575931       -0.01367525697847        0.54658242338382
H            5.21155567418516        0.01190763343457        0.61393210840836
6
 energy: -10.140589388238 gnorm: 0.001172433144 xtb: 6.7.1pre (5071a88)
O           -1.63398950444016       -0.00258867344041        0.01414204272006
H           -0.81585039310212        0.01741616565714        0.51501660395173
H           -2.35556693404365       -0.01430506621066        0.64665594016947
O            4.52504561347780        0.00070830978142        0.01263314214815
H            3.71992308906965       -0.01553399001735        0.53231209159935
H            5.26043812903509        0.01430325422905        0.62755873940872
6
 energy: -10.140612465937 gnorm: 0.001975600014 xtb: 6.7.1pre (5071a88)
O           -1.68960285863171       -0.00287946133363        0.01467100042592
H           -0.86013629684282        0.01993814881289        0.49774832127201
H           -2.39732224010413       -0.01655839313109        0.66344274296507
O            4.57949960390937        0.00044391105747        0.01302072768733
H            3.76465991735747       -0.01795154327496        0.51727073888249
H            5.30290187430808        0.01700733786843        0.64216502876437
6
 energy: -10.140634774592 gnorm: 0.001131018856 xtb: 6.7.1pre (5071a88)
O           -1.73747379692701       -0.00298381617156        0.01574573779873
H           -0.90245732501659        0.02204883136201        0.48660982614694
H           -2.43513662746454       -0.01858877306064        0.67354026399052
O            4.62795635055383        0.00035518463446        0.01366316771962
H            3.80568892111000       -0.02076322609946        0.50514522170117
H            5.34142247774023        0.01993179933422        0.65361434263997
6
 energy: -10.140656057436 gnorm: 0.001022613253 xtb: 6.7.1pre (5071a88)
O           -1.79078400305207       -0.00280951351905        0.01664002432783
H           -0.94719777590427        0.02467704041334        0.47196262220829
H           -2.47626237312642       -0.02142919648845        0.68732904524874
O            4.68221062279781        0.00053395594391        0.01418219572051
H            3.84868896686620       -0.02490233858271        0.48911313496029
H            5.38334456241429        0.02393005223192        0.66909153753101
6
 energy: -10.140671486661 gnorm: 0.001395793289 xtb: 6.7.1pre (5071a88)
O           -1.83369090506811       -0.00280464927618        0.01747036266650
H           -0.98358193228086        0.02743879145863        0.46057261499083
H           -2.50962924706621       -0.02422831964672        0.69792431801452
O            4.72478128998374        0.00055054253206        0.01485267795946
H            3.88477169191351       -0.02798608067189        0.47874335391877
H            5.41734910251318        0.02702971560299        0.67875523244636
6
 energy: -10.140686194300 gnorm: 0.000776659670 xtb: 6.7.1pre (5071a88)
O           -1.87211380412734       -0.00330229125319        0.01828624895321
H           -1.01673227578090        0.03060445130873        0.45093953107643
H           -2.53980627748499       -0.02692503415726        0.70677610170550
O            4.76227272498299        0.00009182252435        0.01545061990917
H            3.91833758362759       -0.03039003290512        0.47098673841447
H            5.44804204877763        0.02992108448132        0.68587931993746
6
 energy: -10.140700412657 gnorm: 0.000325056303 xtb: 6.7.1pre (5071a88)
O           -1.91221563556463       -0.00374574205331        0.01908191640205
H           -1.05185252933533        0.03410202939496        0.44132826860636
H           -2.57142657371262       -0.03001389236536        0.71562767291050
O            4.80152466042217       -0.00031284259007        0.01606219834986
H            3.95371847064304       -0.03332601861936        0.46319975191654
H            5.48025160754210        0.03329646623191        0.69301875181072
6
 energy: -10.140713380487 gnorm: 0.000358597893 xtb: 6.7.1pre (5071a88)
O           -1.95149286381778       -0.00436249561470        0.01989082990376
H           -1.08646540649520        0.03785538860992        0.43227746079765
H           -2.60246571445890       -0.03319059475161        0.72390268482117
O            4.84022347770196       -0.00087937581275        0.01658609112947
H            3.98836133779953       -0.03686137684468        0.45528659576741
H            5.51183916926485        0.03743845441253        0.70037489757635
6
 energy: -10.140725147683 gnorm: 0.000349024265 xtb: 6.7.1pre (5071a88)
O           -1.98842696897110       -0.00421874340332        0.02055452150147
H           -1.11954650553763        0.04125697143224        0.42401593141948
H           -2.63179357897620       -0.03678422295279        0.73153235250528
O            4.87690791082961       -0.00072427873617        0.01718780167756
H            4.02105288436958       -0.04126096172662        0.44797796156643
H            5.54180625827994        0.04173123538531        0.70704999132538
6
 energy: -10.140726147803 gnorm: 0.000101499914 xtb: 6.7.1pre (5071a88)
O           -1.99100993561721       -0.00454597670963        0.02062805496754
H           -1.12212460367584        0.04198850265767        0.42387140957867
H           -2.63396949262383       -0.03713677351417        0.73159330311812
O            4.87892264866783       -0.00098991829027        0.01706310251106
H            4.02358948265321       -0.04174312495504        0.44887923049167
H            5.54459190059024        0.04242729081004        0.70628345932838
6
 energy: -10.140727359678 gnorm: 0.000254588978 xtb: 6.7.1pre (5071a88)
O           -1.99423013981054       -0.00526621262823        0.02070302165570
H           -1.12524742808665        0.04360319150999        0.42344852703746
H           -2.63668800758383       -0.03796759101088        0.73192992525719
O            4.88104058487630       -0.00155320072489        0.01685143683601
H            4.02683873119956       -0.04280445654115        0.45087622113281
H            5.54828625939980        0.04398826939370        0.70450942807606
6
 energy: -10.140729032955 gnorm: 0.000358001728 xtb: 6.7.1pre (5071a88)
O           -1.99845865642676       -0.00655070404166        0.02080306124826
H           -1.12927428434283        0.04650257568817        0.42261569583520
H           -2.64012629002173       -0.03950069577827        0.73264935110963
O            4.88338142442698       -0.00254145026212        0.01653468977654
H            4.03113309702925       -0.04471041315967        0.45434896081872
H            5.55334470933005        0.04680068755200        0.70136680120662
6
 energy: -10.140731739601 gnorm: 0.000552815727 xtb: 6.7.1pre (5071a88)
O           -2.00508861435368       -0.00894003927236        0.02097637853439
H           -1.13551440829428        0.05188385858677        0.42104208808089
H           -2.64534010372292       -0.04236650689330        0.73403035347130
O            4.88652311903799       -0.00436818103217        0.01596066996101
H            4.03789981281918       -0.04824389705722        0.46080033385793
H            5.56152019450916        0.05203476566661        0.69550873608905
6
 energy: -10.140735963577 gnorm: 0.001086274287 xtb: 6.7.1pre (5071a88)
O           -2.01574941467555       -0.01293987987430        0.02129222135462
H           -1.14557032647957        0.06116930781108        0.41827074823127
H           -2.65349642539215       -0.04745120505270        0.73645584755642
O            4.89125314860939       -0.00742379331002        0.01502633156570
H            4.04889166417557       -0.05437084073256        0.47176737530824
H            5.57467135375853        0.06101641115665        0.68550603597770
6
 energy: -10.140740887661 gnorm: 0.002139141196 xtb: 6.7.1pre (5071a88)
O           -2.03066812817869       -0.01788537325210        0.02178749292232
H           -1.15976929747777        0.07398361508792        0.41429795395101
H           -2.66475354640985       -0.05504005560521        0.73989034069686
O            4.89796137145832       -0.01124723593807        0.01377589805593
H            4.06451369536454       -0.06311934789725        0.48696119229215
H            5.59271590524078        0.07330839760259        0.67160568207479
6
 energy: -10.140743815773 gnorm: 0.002344477048 xtb: 6.7.1pre (5071a88)
O           -2.03849871914397       -0.01906253598728        0.02205665046220
H           -1.16734781961449        0.07962669598906        0.41237856187344
H           -2.67070971796267       -0.05935902833932        0.74151458563332
O            4.90219285067376       -0.01224979679924        0.01325839886383
H            4.07289179428015       -0.06740262972595        0.49351184197995
H            5.60147161176511        0.07844729486046        0.66559852117983
6
 energy: -10.140748915794 gnorm: 0.002065707120 xtb: 6.7.1pre (5071a88)
O           -2.04923312048450       -0.01888242209073        0.02240940925658
H           -1.17775502168556        0.08613250227437        0.40979540937378
H           -2.67874812912116       -0.06584596946932        0.74370560178401
O            4.90877959964799       -0.01234877437441        0.01279191520915
H            4.08436665991627       -0.07295457916946        0.50055718151397
H            5.61259001172566        0.08389924282706        0.65905904285439
6
 energy: -10.140759039485 gnorm: 0.001605070658 xtb: 6.7.1pre (5071a88)
O           -2.07149083941783       -0.01736870578373        0.02306370977471
H           -1.19887488735915        0.09926037101637        0.40384292760336
H           -2.69457091746376       -0.08008570640599        0.74892193705014
O            4.92247198459906       -0.01172535092630        0.01218594280445
H            4.10741385245655       -0.08446848872244        0.51364496651433
H            5.63505080718544        0.09438788081916        0.64665907624348
6
 energy: -10.140775890195 gnorm: 0.004755309814 xtb: 6.7.1pre (5071a88)
O           -2.14176639794628       -0.01254415571031        0.02497330854209
H           -1.26446405588071        0.14112308391758        0.38350058868635
H           -2.74227677474500       -0.12552824023287        0.76710135564917
O            4.96507620785820       -0.00964450054124        0.01083125185682
H            4.17858082516787       -0.12070686685435        0.55307996511024
H            5.70485019555129        0.12730067941687        0.60883209014139
6
 energy: -10.140788815086 gnorm: 0.002314610966 xtb: 6.7.1pre (5071a88)
O           -2.14875328673712       -0.01412922068251        0.02484283404016
H           -1.27154678966280        0.14202458280663        0.38265712957378
H           -2.74734856121842       -0.12470647832143        0.76804754785085
O            4.97277009901237       -0.01068815008705        0.01178961316896
H            4.18555516614790       -0.11956854366939        0.54961154428077
H            5.70932337246397        0.12706780994930        0.61136989107112
6
 energy: -10.140801674544 gnorm: 0.001136098048 xtb: 6.7.1pre (5071a88)
O           -2.17441523121026       -0.01472275231222        0.02493972932801
H           -1.29754282687362        0.14670732998328        0.37836647321260
H           -2.76627652329948       -0.12830331196835        0.77214260169418
O            4.99196600526707       -0.01145348822734        0.01260158712342
H            4.21232915841194       -0.12896047247135        0.55806011782073
H            5.73393941771219        0.13673269499102        0.60220805080503
6
 energy: -10.140822696844 gnorm: 0.002736621687 xtb: 6.7.1pre (5071a88)
O           -2.24877877517483       -0.01979808039748        0.02636144484752
H           -1.36937512463421        0.17224586410948        0.36084173336265
H           -2.81828044143374       -0.14738726791588        0.78797990842901
O            5.04346757608779       -0.01599366531559        0.01350934332171
H            4.28858325775540       -0.15599574011964        0.58858902529899
H            5.80438350741285        0.16692888963272        0.57103710471945
6
 energy: -10.140835665429 gnorm: 0.003490378122 xtb: 6.7.1pre (5071a88)
O           -2.29701930224118       -0.01561479432535        0.02763183278198
H           -1.41468390305312        0.18387987065867        0.34822412011259
H           -2.85097157857475       -0.16233262466398        0.79914538766565
O            5.07758202276712       -0.01371266015688        0.01377087835472
H            4.33731845579406       -0.17068058558088        0.60579426547741
H            5.84777430532460        0.17846079406107        0.55375207558391
6
 energy: -10.140854307949 gnorm: 0.002879633424 xtb: 6.7.1pre (5071a88)
O           -2.33901402529040       -0.01781149378904        0.02929162740043
H           -1.45431777279492        0.19260446028965        0.33746398362782
H           -2.88088029149705       -0.16807505981021        0.80809250366294
O            5.10922550082336       -0.01567671864382        0.01408705379697
H            4.38046575491890       -0.17522157308212        0.61834636738823
H            5.88452083385991        0.18418038502739        0.54103702409725
6
 energy: -10.140882717746 gnorm: 0.002594606568 xtb: 6.7.1pre (5071a88)
O           -2.42177297450354       -0.02295831645046        0.03265955783961
H           -1.53444232947004        0.20521181360434        0.31856793943341
H           -2.94302301061680       -0.17394821752653        0.82331443457872
O            5.16968047397909       -0.02038358699266        0.01410783866553
H            4.46838975870949       -0.18690192032258        0.64973886565559
H            5.96116808192775        0.19898022767813        0.50992992379548
6
 energy: -10.140907620599 gnorm: 0.004470100126 xtb: 6.7.1pre (5071a88)
O           -2.53125907749930       -0.02762206473697        0.03766555638936
H           -1.63816904294684        0.22303729797395        0.28893383685888
H           -3.02194603213373       -0.18505142444768        0.84754116602918
O            5.25019440847604       -0.02492962639222        0.01456644834652
H            4.58222349309892       -0.19923559048985        0.68434081409909
H            6.05895625103889        0.21380140808090        0.47527073823842
6
 energy: -10.140934027573 gnorm: 0.002613074671 xtb: 6.7.1pre (5071a88)
O           -2.62102168393194       -0.02912054996333        0.04268053211384
H           -1.72444806142830        0.22142800632251        0.26639127624992
H           -3.09090488376181       -0.18020434633234        0.86472241928095
O            5.32048366514613       -0.02701868818887        0.01540026051218
H            4.67752732713145       -0.20019024377360        0.70551859543700
H            6.13836363688517        0.21510582192199        0.45360547636174
6
 energy: -10.140947559290 gnorm: 0.005756537518 xtb: 6.7.1pre (5071a88)
O           -2.74803938978298       -0.03342896535356        0.04861696389976
H           -1.84404830169782        0.23372427566549        0.23154088632826
H           -3.18180847101149       -0.18581029257220        0.89316813479184
O            5.41603752656787       -0.03136884162611        0.01716677356994
H            4.80794662661825       -0.21454612478913        0.73940953319008
H            6.24991200935612        0.23142994865944        0.41841626816774
6
 energy: -10.140961827472 gnorm: 0.002291527387 xtb: 6.7.1pre (5071a88)
O           -2.73232148372360       -0.03446032596691        0.04785476183321
H           -1.82932663570679        0.23085335008720        0.23676449491511
H           -3.17104266877367       -0.18219679988292        0.88876310190493
O            5.40687003109903       -0.03176720625884        0.01817701193284
H            4.79086093100091       -0.21477904628727        0.72990969296969
H            6.23495982615293        0.23235002829299        0.42684949639285
6
 energy: -10.140975488805 gnorm: 0.002350701098 xtb: 6.7.1pre (5071a88)
O           -2.78725852682245       -0.03305850918263        0.04987197391590
H           -1.88285703905892        0.22735817910424        0.22742397407791
H           -3.21417441761829       -0.17903530349624        0.89586537656503
O            5.45197374850051       -0.03138196563786        0.02035493526508
H            4.84819604655532       -0.22540125756095        0.74074828588912
H            6.28412018849681        0.24151885675654        0.41405401423195
6
 energy: -10.140997047027 gnorm: 0.002483561979 xtb: 6.7.1pre (5071a88)
O           -2.91187576238819       -0.03493266635034        0.05572598659937
H           -1.99914874433330        0.22699025198859        0.19500352824784
H           -3.30361316014357       -0.17445938433692        0.92196268336146
O            5.55133116307565       -0.03369347547210        0.02461762025788
H            4.97340547868888       -0.24243617220851        0.76197316128136
H            6.38990102516259        0.25853144635999        0.38903558018920
6
 energy: -10.141007690816 gnorm: 0.003337023867 xtb: 6.7.1pre (5071a88)
O           -2.99807147067012       -0.03804475820940        0.06006899705716
H           -2.08143358957031        0.22568592255881        0.17579600755254
H           -3.36968928503005       -0.16837825400265        0.93649610216275
O            5.62067416390407       -0.03670747463675        0.02694258672638
H            5.06298107733851       -0.24787322877173        0.77985104334265
H            6.46553910409640        0.26531779304075        0.36916382309008
6
 energy: -10.141025477077 gnorm: 0.002509974743 xtb: 6.7.1pre (5071a88)
O           -3.07926505809665       -0.04056292282665        0.06455430558516
H           -2.15966747127038        0.22025208021368        0.16011448258243
H           -3.43504168398627       -0.15882358502950        0.94737230825072
O            5.68741254800951       -0.03931769478713        0.02894130654595
H            5.14891594224739       -0.24465568863518        0.79651351935748
H            6.53764572317106        0.26310781104219        0.35082263760447
6
 energy: -10.141031366042 gnorm: 0.000651327678 xtb: 6.7.1pre (5071a88)
O           -3.08018305336603       -0.03980125112610        0.06514295507078
H           -2.16085473713138        0.21913513795307        0.15774663970202
H           -3.43290886426845       -0.15845823629101        0.94914822952638
O            5.68387661158047       -0.03506593623634        0.02946573792688
H            5.15164463889047       -0.24733189351429        0.79890383089266
H            6.53842540436958        0.26152217919207        0.34791116680747
6
 energy: -10.141038572287 gnorm: 0.002228726692 xtb: 6.7.1pre (5071a88)
O           -3.08416402132085       -0.03736745590801        0.06736186183472
H           -2.16360100161568        0.21566842086938        0.14909154571106
H           -3.42609798294108       -0.15739483153959        0.95557431780378
O            5.67328218155566       -0.02192360344586        0.03115547173049
H            5.16058377479179       -0.25569102073516        0.80745150889822
H            6.53999704960476        0.25670849073655        0.33768385394774
6
 energy: -10.141043894558 gnorm: 0.002435635920 xtb: 6.7.1pre (5071a88)
O           -3.08746569857198       -0.03543205737595        0.06906854704911
H           -2.16490300874630        0.21298077692307        0.14271021420984
H           -3.42145217836079       -0.15662755406201        0.96024343821986
O            5.66765612052562       -0.01499364240600        0.03239773557057
H            5.16639747865383       -0.26148402985591        0.81257536305002
H            6.53976728657417        0.25555650675406        0.33132326182654
6
 energy: -10.141048970867 gnorm: 0.006021248831 xtb: 6.7.1pre (5071a88)
O           -3.10181758034245       -0.02611262951711        0.07638536148811
H           -2.16973929085142        0.20030805825316        0.11596389539383
H           -3.40210585300547       -0.15321879859143        0.97965115179015
O            5.64556912261589        0.01158295608979        0.03826168315470
H            5.19095291038091       -0.28666992041149        0.83324001635059
H            6.53714069127691        0.25411033415419        0.30481645174821
6
 energy: -10.141061588355 gnorm: 0.001209761938 xtb: 6.7.1pre (5071a88)
O           -3.09784433865998       -0.02965547641474        0.07455466423834
H           -2.16853415208782        0.20431895351170        0.12304346373741
H           -3.40736739940176       -0.15371644619875        0.97441286079179
O            5.65477642575463       -0.00227548849735        0.03693465562787
H            5.18212641689244       -0.27467377686898        0.82637017285786
H            6.53684304757694        0.25600223444530        0.31300274267248
6
 energy: -10.141072495658 gnorm: 0.001845253081 xtb: 6.7.1pre (5071a88)
O           -3.10520040226936       -0.02660377838351        0.07885267267690
H           -2.17204223983603        0.19849607892871        0.10823591998599
H           -3.39645865963542       -0.15092952661573        0.98491581159006
O            5.64528690499429        0.00473628955196        0.04109191907547
H            5.19372123747255       -0.28254505242148        0.83786558572886
H            6.53469315934836        0.25684598891718        0.29735665086835
6
 energy: -10.140932884397 gnorm: 0.017751567843 xtb: 6.7.1pre (5071a88)
O           -3.13433567847578       -0.02107976700371        0.09800422611210
H           -2.19153821916454        0.17890614240262        0.04393683644567
H           -3.34759132742425       -0.13677504944207        1.03003377274765
O            5.59764616288644        0.03829322839967        0.06208306471198
H            5.24991605999168       -0.31677411609276        0.89608582735056
H            6.52590300226063        0.25742956171312        0.21817483255719
6
 energy: -10.141094909048 gnorm: 0.003626784280 xtb: 6.7.1pre (5071a88)
O           -3.11927324802098       -0.02655877651844        0.08887206677646
H           -2.18318132691013        0.19025716995856        0.07542336242973
H           -3.37114696521268       -0.14269667002207        1.00769725066133
O            5.62266637349577        0.01775208296169        0.05246176682734
H            5.22136908189328       -0.29693436906960        0.86751477096876
H            6.52956608482904        0.25818056266688        0.25634934226182
6
 energy: -10.141103536764 gnorm: 0.001989378646 xtb: 6.7.1pre (5071a88)
O           -3.12064063927440       -0.02822487216708        0.09030128914154
H           -2.18567766129860        0.19062300298910        0.07099744561335
H           -3.36727521855589       -0.14139227510164        1.01069366804130
O            5.62033528341909        0.01821311528564        0.05428064615203
H            5.22456938973900       -0.29590876310860        0.87080519745296
H            6.52868884604511        0.25668979207959        0.25124031352425
6
 energy: -10.141121981995 gnorm: 0.001163260813 xtb: 6.7.1pre (5071a88)
O           -3.12699356340159       -0.03462515499120        0.09669785472066
H           -2.19629493525400        0.19099447642717        0.05131600536287
H           -3.35023981619363       -0.13533455130224        1.02397374803359
O            5.60704227856187        0.02506116416821        0.06239944603202
H            5.24195884901128       -0.29753893918577        0.88777815038931
H            6.52452718735040        0.25144300486079        0.22615335538692
6
 energy: -10.141059078346 gnorm: 0.013648405265 xtb: 6.7.1pre (5071a88)
O           -3.15196229128999       -0.05009669393511        0.11869213735068
H           -2.22809499367115        0.18622768133497       -0.01816237173615
H           -3.29327847917487       -0.11501219453077        1.07144158355330
O            5.56495523654713        0.04632754717931        0.08735649706000
H            5.29827547731338       -0.30993633724073        0.94259063241483
H            6.51010505034979        0.24248999716912        0.14640008128246
6
 energy: -10.141147597190 gnorm: 0.002177198542 xtb: 6.7.1pre (5071a88)
O           -3.13904295791139       -0.04139264264316        0.10752272111569
H           -2.21165912723505        0.18789754244345        0.01824441283868
H           -3.32272843016133       -0.12542809659319        1.04621173860888
O            5.58682590714309        0.03652944465531        0.07446864501720
H            5.27099790406635       -0.30804688019180        0.91354922233079
H            6.51560670417261        0.25044063230625        0.18832182001400
6
 energy: -10.141152680532 gnorm: 0.001815271701 xtb: 6.7.1pre (5071a88)
O           -3.14124011996595       -0.04137025215281        0.10950228353963
H           -2.21381287996442        0.18613469065201        0.01337236854608
H           -3.31836757311305       -0.12368367795313        1.04910297052072
O            5.58400821767136        0.03776726300606        0.07668735836698
H            5.27568254673859       -0.30970022229789        0.91729417893916
H            6.51372980870776        0.25085219872261        0.18235940001264
6
 energy: -10.141149935112 gnorm: 0.008952254990 xtb: 6.7.1pre (5071a88)
O           -3.16437135910415       -0.04183978330256        0.12942300320224
H           -2.23862290680489        0.17013721088181       -0.03939507128911
H           -3.27030905397025       -0.10716975385278        1.08193550961598
O            5.55371722464005        0.05275989290546        0.09992415719450
H            5.32377705412839       -0.32370369410441        0.95617736202990
H            6.49580904118503        0.24981612744921        0.12025359917145
6
 energy: -10.141178169415 gnorm: 0.002959440400 xtb: 6.7.1pre (5071a88)
O           -3.15580143073264       -0.04146428502777        0.12218644794899
H           -2.23009683212658        0.17572703448224       -0.01951428098715
H           -3.28744689327802       -0.11315197180758        1.06929631551214
O            5.56489324719479        0.04750875326471        0.09208107220120
H            5.30616322343737       -0.31726650919623        0.94147328066129
H            6.50228868557930        0.24864697826140        0.14279572458859
6
 energy: -10.141184389907 gnorm: 0.002556920046 xtb: 6.7.1pre (5071a88)
O           -3.15667981743126       -0.04347981940341        0.12371179990923
H           -2.23381589036245        0.17624162728253       -0.02337102619752
H           -3.28282224997476       -0.11163944164658        1.07162551795458
O            5.56135018424153        0.05102513743757        0.09487267187266
H            5.31271490020487       -0.32144548440336        0.94512742116708
H            6.49925287339628        0.24929798071000        0.13635217521900
6
 energy: -10.141202869182 gnorm: 0.002873225444 xtb: 6.7.1pre (5071a88)
O           -3.16520226434680       -0.04808345447190        0.13242408527690
H           -2.24913313347353        0.17353809981921       -0.04759185230976
H           -3.25891698935811       -0.10430374332758        1.08712812246134
O            5.54932837066786        0.05941359924424        0.10641099188517
H            5.33402794074748       -0.32710152948040        0.95889580190505
H            6.48989607583730        0.24653702819312        0.11105141070624
6
 energy: -10.141157023480 gnorm: 0.011916514137 xtb: 6.7.1pre (5071a88)
O           -3.17903234973473       -0.05470621690745        0.14874445427705
H           -2.27505550118906        0.16592304374289       -0.08726689802312
H           -3.21903967492641       -0.09001321292121        1.11047132841956
O            5.52302425130908        0.07403388986527        0.13056672449047
H            5.37629945799205       -0.33212808682108        0.99153995702219
H            6.47380381662324        0.23689058301815        0.05426299373862
6
 energy: -10.141217474987 gnorm: 0.001777445325 xtb: 6.7.1pre (5071a88)
O           -3.16939113895085       -0.04938382641000        0.13849574189294
H           -2.25750035754207        0.16971961719751       -0.06051554493145
H           -3.24633013547061       -0.09917186376655        1.09397719172140
O            5.54166630671166        0.06283052049015        0.11505307791904
H            5.34749202016694       -0.32738058825944        0.96863100044510
H            6.48406330515913        0.24338614072499        0.09267709287787
6
 energy: -10.141222886787 gnorm: 0.003996176168 xtb: 6.7.1pre (5071a88)
O           -3.17540186878048       -0.05094730388639        0.14545915129083
H           -2.26631889092416        0.16539174058430       -0.07743843568207
H           -3.23145643795654       -0.09326193539541        1.10393180215947
O            5.53492906435179        0.06961229403217        0.12198088544274
H            5.36309184344773       -0.33866464515727        0.97470140311838
H            6.47515628993582        0.24786984979921        0.07968375359546
6
 energy: -10.141236224277 gnorm: 0.003239076344 xtb: 6.7.1pre (5071a88)
O           -3.17937126387013       -0.05104509028090        0.15090341476606
H           -2.27381104419757        0.16121547242863       -0.08857831079854
H           -3.21996239378884       -0.08897493428579        1.10962377102401
O            5.52729364205058        0.07365996220290        0.13010951801081
H            5.37704699892230       -0.34145905197910        0.98404042999621
H            6.46880406095779        0.24660364189085        0.06221973692619
6
 energy: -10.141248575350 gnorm: 0.003764996819 xtb: 6.7.1pre (5071a88)
O           -3.18568863631743       -0.05034225896885        0.15904783675275
H           -2.28558777666443        0.15441736861493       -0.10535984344673
H           -3.20182920370017       -0.08286430087137        1.11825605983909
O            5.51733561439285        0.07874177848226        0.14231944746704
H            5.39638617209652       -0.34352041998152        0.99617261189893
H            6.45938383026677        0.24356783270108        0.03788244741359
6
 energy: -10.141256222699 gnorm: 0.002602763314 xtb: 6.7.1pre (5071a88)
O           -3.18618435265721       -0.04859571128988        0.16005355478441
H           -2.28744649271535        0.15229494660884       -0.10583547669030
H           -3.19946867206022       -0.08248696446157        1.11772461541493
O            5.51640438310828        0.08011135476720        0.14477728865528
H            5.39970404984506       -0.34468300890647        0.99634411154082
H            6.45699108455352        0.24335938325841        0.03525446621949
6
 energy: -10.141274606159 gnorm: 0.002553600870 xtb: 6.7.1pre (5071a88)
O           -3.19529149427368       -0.04640889047322        0.17059947377713
H           -2.30339393603230        0.14258368560241       -0.12812033914382
H           -3.17435906239899       -0.07494151428928        1.12945592636323
O            5.50561625032796        0.08895752641614        0.15957320718847
H            5.42537523015791       -0.35592112137223        1.00662503829032
H            6.44205301229312        0.24573031409264        0.01018525344918
6
 energy: -10.141265183263 gnorm: 0.007769938481 xtb: 6.7.1pre (5071a88)
O           -3.20931569453847       -0.04154039645484        0.18654246160182
H           -2.32725972247085        0.12656663150372       -0.16122101121711
H           -3.13640900857755       -0.06377068949871        1.14660379608281
O            5.49185294571756        0.09943292461064        0.18156695485319
H            5.46243821964560       -0.37298905057024        1.01963626084927
H            6.41869326029761        0.25230058038580       -0.02480990224565
6
 energy: -10.141283656767 gnorm: 0.003256247415 xtb: 6.7.1pre (5071a88)
O           -3.20181562479897       -0.04355734001112        0.17773274607362
H           -2.31439959030590        0.13454673689091       -0.14263288062821
H           -3.15681564418451       -0.06975142072358        1.13683175276200
O            5.50182676373406        0.09233790877052        0.16906509667768
H            5.44133629175929       -0.36646160622844        1.00901606922217
H            6.42986780387000        0.25288572127813       -0.00169422418282
6
 energy: -10.141291516547 gnorm: 0.000881655096 xtb: 6.7.1pre (5071a88)
O           -3.20214566547075       -0.04383785111332        0.17888793887109
H           -2.31620941856196        0.13405627348506       -0.14385282099111
H           -3.15467105939297       -0.06896977343786        1.13690176802147
O            5.49966574152585        0.09467206160762        0.17205262002820
H            5.44496135052254       -0.36903554292246        1.00988031967352
H            6.42839905145134        0.25311483235754       -0.00555126567875
6
 energy: -10.141296375439 gnorm: 0.001944071267 xtb: 6.7.1pre (5071a88)
O           -3.20333029513416       -0.04473093207076        0.18171223636802
H           -2.32060646705701        0.13286172268385       -0.14822348733834
H           -3.14907598899265       -0.06685187985074        1.13846304703938
O            5.49475263873797        0.10154247676897        0.18018029757185
H            5.45530513673940       -0.37590386349852        1.01167853764672
H            6.42295497578071        0.25308247594418       -0.01549207136324
6
 energy: -10.141300576958 gnorm: 0.001605532937 xtb: 6.7.1pre (5071a88)
O           -3.20437455150778       -0.04566505243860        0.18355421669145
H           -2.32360949741594        0.13211271766199       -0.15185103270870
H           -3.14502305047999       -0.06515525975048        1.14025503239228
O            5.49276736309438        0.10431899055478        0.18409598675013
H            5.46103384617569       -0.37968112024744        1.01215197372566
H            6.41920589020798        0.25406972419691       -0.01988761692646
6
 energy: -10.141311776826 gnorm: 0.001233754372 xtb: 6.7.1pre (5071a88)
O           -3.20793791209385       -0.04967786269839        0.18972484359415
H           -2.33404131507701        0.12953876097135       -0.16391307423641
H           -3.13101061400801       -0.05852726457760        1.14616559656776
O            5.48726209266070        0.11225115727616        0.19648711052377
H            5.47840904559813       -0.39221928888550        1.01314505033693
H            6.40731870299467        0.25863449789165       -0.03329096686187
6
 energy: -10.141320547189 gnorm: 0.003460482753 xtb: 6.7.1pre (5071a88)
O           -3.21307578389972       -0.05554319221527        0.19907840613281
H           -2.34993201066669        0.12547280489797       -0.18120111552959
H           -3.10995845487622       -0.04853891183532        1.15412643638230
O            5.47892695386891        0.12221620681022        0.21523562913814
H            5.50499832730098       -0.40908969195877        1.01585969613200
H            6.38904096834773        0.26548278427957       -0.05478049233138
6
 energy: -10.141330549345 gnorm: 0.002728008065 xtb: 6.7.1pre (5071a88)
O           -3.21578714930092       -0.05802329615974        0.20411607363622
H           -2.35862546999183        0.12293672421614       -0.18989231563845
H           -3.09855248207116       -0.04351529958834        1.15778260459140
O            5.47554151621252        0.12030757338586        0.22245182613524
H            5.51945945555365       -0.41321986401065        1.01932188938627
H            6.37796412967278        0.27151416213521       -0.06546151818639
6
 energy: -10.141344060981 gnorm: 0.002916529290 xtb: 6.7.1pre (5071a88)
O           -3.22019595105104       -0.05965277852804        0.21276567232505
H           -2.37327050454278        0.11758836543794       -0.20330939686580
H           -3.07948793932014       -0.03650528284467        1.16256546589875
O            5.46696495962635        0.12198314299273        0.24097600041517
H            5.55191782784363       -0.42545754338251        1.02599469385490
H            6.35407160751925        0.28204409630347       -0.09067387570378
6
 energy: -10.141350391045 gnorm: 0.002668742833 xtb: 6.7.1pre (5071a88)
O           -3.22167509945899       -0.05667276323419        0.21640285809506
H           -2.37922231282616        0.11383389459379       -0.20639750610117
H           -3.07206112703597       -0.03573303565594        1.16201627372225
O            5.46298041641704        0.11724291538038        0.24959541579878
H            5.57151592375205       -0.42835487671594        1.03092675594714
H            6.33846219922734        0.28968386561084       -0.10422523753775
6
 energy: -10.141354913053 gnorm: 0.003879639689 xtb: 6.7.1pre (5071a88)
O           -3.22674265956245       -0.05929571699815        0.22594284291501
H           -2.39496846510112        0.10827033277549       -0.22215481589430
H           -3.05124118830238       -0.02752305509943        1.16824415746378
O            5.45642276556439        0.11774892764818        0.26371136080850
H            5.59771326120550       -0.43808826754428        1.03494071211529
H            6.31881628627153        0.29888777919743       -0.12236569748396
6
 energy: -10.141360107230 gnorm: 0.002400517179 xtb: 6.7.1pre (5071a88)
O           -3.22725494265192       -0.06073882636896        0.22645107728704
H           -2.39562672020463        0.10831945821163       -0.22423332033331
H           -3.05007334029016       -0.02613481716608        1.16981094731322
O            5.45946204230184        0.11851192296048        0.25772326451465
H            5.58696924147473       -0.43556486804851        1.03035037854258
H            6.32652371944556        0.29560713039058       -0.11178378739987
6
 energy: -10.141366237917 gnorm: 0.000702698296 xtb: 6.7.1pre (5071a88)
O           -3.22749647862000       -0.05978536362058        0.22757135367597
H           -2.39779028516333        0.10680076602616       -0.22484306333912
H           -3.04766616647116       -0.02556339362477        1.16930386072103
O            5.45731434227035        0.11853754478957        0.26248405375413
H            5.59605927617637       -0.43832434621325        1.03163879978050
H            6.31957931188324        0.29833479262211       -0.11783644466819
6
 energy: -10.141358600740 gnorm: 0.006052313769 xtb: 6.7.1pre (5071a88)
O           -3.23416645940352       -0.06039227712915        0.24193599486956
H           -2.42216202520945        0.09586117395259       -0.24548800133776
H           -3.01661826504200       -0.01398641163612        1.17559882071007
O            5.44653952749446        0.11691881271377        0.28643066836182
H            5.64316643312578       -0.45206054647332        1.03782878596530
H            6.28324078911047        0.31365924855193       -0.14798770864467
6
 energy: -10.141375371338 gnorm: 0.001776090567 xtb: 6.7.1pre (5071a88)
O           -3.23189033584712       -0.05975209905639        0.23741021485583
H           -2.41448558377260        0.09879937723006       -0.23868371863758
H           -3.02657435006146       -0.01757744382121        1.17331431494024
O            5.45040120494801        0.11689208814054        0.27797618382684
H            5.62729213814161       -0.44615674696512        1.03535250441789
H            6.29525692666720        0.30779482445164       -0.13705093947890
6
 energy: -10.141380768815 gnorm: 0.000445250500 xtb: 6.7.1pre (5071a88)
O           -3.23411300499600       -0.05948729263884        0.24216879247583
H           -2.42229321401497        0.09464008971301       -0.24560135826345
H           -3.01654697332132       -0.01368284721365        1.17547334814747
O            5.44875869320207        0.11490557207582        0.28191125401033
H            5.63721456900994       -0.44841611230811        1.03531210255712
H            6.28697993019592        0.31204059035132       -0.14094557900297
6
 energy: -10.141389414206 gnorm: 0.001707670913 xtb: 6.7.1pre (5071a88)
O           -3.23942879861992       -0.05854157022503        0.25435448707758
H           -2.44277504746817        0.08383445429366       -0.26224111462611
H           -2.99075450773846       -0.00381780823949        1.17992987526633
O            5.44207802688436        0.10893401324417        0.29689817798679
H            5.67205081313199       -0.45546971160497        1.03843791770803
H            6.25882951388592        0.32506062251132       -0.15906078348823
6
 energy: -10.141388350326 gnorm: 0.004523165083 xtb: 6.7.1pre (5071a88)
O           -3.24396838459146       -0.05725429712173        0.26649752054588
H           -2.46379345584823        0.07235449349204       -0.27706346778518
H           -2.96520189632953        0.00637928448434        1.18261139231664
O            5.43455403722879        0.10155858067560        0.31398059202922
H            5.71284856432020       -0.46349791481085        1.04103540636900
H            6.22556113529603        0.34045985326036       -0.17874288355113
6
 energy: -10.141396582978 gnorm: 0.002042354047 xtb: 6.7.1pre (5071a88)
O           -3.24222191640341       -0.05720850448578        0.26296202291432
H           -2.45796013213394        0.07502029754435       -0.27172229970383
H           -2.97278097172882        0.00366466749729        1.18080434293667
O            5.43668440962141        0.10282791692122        0.30956790552742
H            5.70299292488820       -0.46051441907752        1.03989712723223
H            6.23328568583233        0.33621004158016       -0.17319053898238
6
 energy: -10.141400143565 gnorm: 0.000521433568 xtb: 6.7.1pre (5071a88)
O           -3.24400907450891       -0.05620617845682        0.26605379284148
H           -2.46286337641366        0.07170944792439       -0.27628819186197
H           -2.96609324725879        0.00597236890866        1.18227832201355
O            5.43637953630455        0.10216190276091        0.31095523874043
H            5.70639139806586       -0.46086653401694        1.03935193143851
H            6.23019476388674        0.33722899285953       -0.17403253324757
6
 energy: -10.141404038643 gnorm: 0.000982362115 xtb: 6.7.1pre (5071a88)
O           -3.24672213675213       -0.05467430779552        0.27258318348853
H           -2.47398707756498        0.06482478682472       -0.28419256570903
H           -2.95226248621807        0.01132178218179        1.18365190406781
O            5.43363967790535        0.09757718673149        0.31783266667082
H            5.72427558822895       -0.46322538044833        1.03990724618914
H            6.21505643447668        0.34417593248558       -0.18146387478281
6
 energy: -10.141381538661 gnorm: 0.007393416667 xtb: 6.7.1pre (5071a88)
O           -3.25458017759601       -0.05080818972895        0.29373826444359
H           -2.51079735736694        0.04264730256348       -0.30836500086283
H           -2.90761156656434        0.02962515367659        1.18666575298089
O            5.42384396941123        0.08217746812893        0.34238680219548
H            5.78805263573369       -0.47318421745873        1.04043083284997
H            6.16109249645822        0.36954248279841       -0.20653809168255
6
 energy: -10.141410718146 gnorm: 0.001256834839 xtb: 6.7.1pre (5071a88)
O           -3.25053456856681       -0.05270166173592        0.28343785116770
H           -2.49305850439580        0.05319836476219       -0.29602301959280
H           -2.92938838776892        0.02096957998529        1.18462492708035
O            5.42877131238105        0.08893564981433        0.33043357389703
H            5.75773279384178       -0.46816399323572        1.03975259362506
H            6.18647735458450        0.35776206038953       -0.19390736625283
6
 energy: -10.141413253978 gnorm: 0.000356745902 xtb: 6.7.1pre (5071a88)
O           -3.25160227043722       -0.05148307575102        0.28654169272822
H           -2.49832568933577        0.04924804228389       -0.29922313054940
H           -2.92305723740689        0.02369801884744        1.18471985273744
O            5.42793988799816        0.08648834338848        0.33329518521467
H            5.76553467640615       -0.46779249794833        1.03952829681798
H            6.17951063285137        0.35984116915923       -0.19654333702438
6
 energy: -10.141417062588 gnorm: 0.000350335861 xtb: 6.7.1pre (5071a88)
O           -3.25375444386880       -0.05041680827973        0.29365838663759
H           -2.51098342818778        0.04119928305652       -0.30661193414513
H           -2.90825327700419        0.03067713341536        1.18499032314533
O            5.42523797834395        0.08118260559257        0.34115833410810
H            5.78643950377093       -0.47008052281931        1.03842169590800
H            6.16131366702168        0.36743830901426       -0.20329824572933
6
 energy: -10.141183513205 gnorm: 0.019051630679 xtb: 6.7.1pre (5071a88)
O           -3.26478362546669       -0.04177910815092        0.32911058729547
H           -2.57274893967682       -0.00047771829269       -0.34325819746305
H           -2.83549739299781        0.06368297955483        1.18616908395666
O            5.41200426104019        0.05009010487302        0.37896238370030
H            5.89055192172261       -0.47659198455329        1.03668022865015
H            6.07047377545426        0.40507572654849       -0.23934552621479
6
 energy: -10.141416276844 gnorm: 0.003366387774 xtb: 6.7.1pre (5071a88)
O           -3.25796413835620       -0.04741846223582        0.30805660798706
H           -2.53627710962109        0.02413722182310       -0.32119188159010
H           -2.87876498729292        0.04472814469142        1.18516607477726
O            5.41998765580102        0.06864448791137        0.35666017614378
H            5.82901868737837       -0.47298476385807        1.03707454004875
H            6.12399989216662        0.38289337164757       -0.21744695744212
6
 energy: -10.141421438524 gnorm: 0.001855900943 xtb: 6.7.1pre (5071a88)
O           -3.25784391227269       -0.04727963845393        0.30793033900216
H           -2.53619589977752        0.02386028703817       -0.32079388606453
H           -2.87896570306851        0.04486763693928        1.18489509811817
O            5.42041708842236        0.06945829571045        0.35629196091302
H            5.82785630111574       -0.47361976917665        1.03573676340458
H            6.12473212565641        0.38271318792227       -0.21574171544878
6
 energy: -10.141422192510 gnorm: 0.001453309101 xtb: 6.7.1pre (5071a88)
O           -3.25725264439166       -0.04695597172681        0.30734590578510
H           -2.53550724059999        0.02371384459624       -0.31926685600624
H           -2.88024867418276        0.04468349558762        1.18394912266757
O            5.42095730836553        0.06733272721523        0.35540471631806
H            5.82757335158788       -0.47150034875567        1.03613833687327
H            6.12447789929676        0.38272625306290       -0.21525266571311
6
 energy: -10.141423475436 gnorm: 0.000710551099 xtb: 6.7.1pre (5071a88)
O           -3.25821955596233       -0.04529787535612        0.30881647345111
H           -2.53752064460226        0.02132843621545       -0.32134691689359
H           -2.87726846580187        0.04541361321568        1.18456062272251
O            5.42074043027012        0.06844064441184        0.35647072031806
H            5.82890901251722       -0.47246235489794        1.03521159067352
H            6.12335922365490        0.38257753639067       -0.21539393034697
6
 energy: -10.141423998944 gnorm: 0.000128705557 xtb: 6.7.1pre (5071a88)
O           -3.25824461115402       -0.04482508790696        0.30901971547042
H           -2.53821012742406        0.02078183622903       -0.32136877986071
H           -2.87655343696685        0.04548632152273        1.18437871406670
O            5.42046489936897        0.06770800337657        0.35710739718687
H            5.83065376630471       -0.47268716298592        1.03529846345080
H            6.12188950994704        0.38353608974412       -0.21611695038944
