16
 energy: -17.913901860162 gnorm: 0.372055346644 xtb: 6.7.1 (edcfbbe)
C           -0.61214720918982        1.19741000911838        0.49542684216707
C            0.00842907674246        0.16784012871763       -0.39411904547105
C            1.31910389127616       -0.00968622205626       -0.34156385982934
C            2.15566444153865        0.87930785532917        0.51854363658566
C            1.48544396745952        1.17740633939499        1.92171223989380
C           -0.03350193295296        1.00228666279268        1.90854187509501
H           -0.36285681290340        2.20257698214482        0.14318625854565
H           -1.69790380100855        1.10222456160005        0.51616091537100
H           -0.63037652502470       -0.43972052220593       -1.01677756150098
H            1.82030825149863       -0.76156592605068       -0.93288965292531
H            3.14670819735008        0.45523112021165        0.67593657013490
H            2.28167314846328        1.83472513769808        0.00160957215435
H            1.92180006720097        0.50899036033114        2.66335520555190
H            1.74447901167320        2.19855357084969        2.20230851558953
H           -0.49552320152342        1.70592069621894        2.60293552441938
H           -0.29130057060198       -0.00702221409540        2.23563296421260
16
 energy: -17.923480364220 gnorm: 0.121461951465 xtb: 6.7.1 (edcfbbe)
C           -0.61456429872941        1.19801243934595        0.49411470560773
C            0.00706021486682        0.16853335657907       -0.39379275300735
C            1.31727256247837       -0.00800674892887       -0.33404647291601
C            2.14186289289347        0.88312276984350        0.54336058088946
C            1.49562494704848        1.17095216234599        1.89607108773038
C           -0.02874530125543        1.00140954655384        1.90403980325672
H           -0.36521940423634        2.20311190767343        0.14183607404318
H           -1.70013378656579        1.10214362816189        0.51700147266031
H           -0.62930968770053       -0.43942169830398       -1.01856274862280
H            1.82263059055407       -0.75678116961809       -0.92617674450686
H            3.13772748896518        0.45783192428115        0.68948845416788
H            2.27502531008422        1.83471268887989        0.01448425049707
H            1.92599644609250        0.50647442107250        2.64943299718678
H            1.74928888878316        2.19336042705726        2.18893110133406
H           -0.48692627377964        1.70594250625827        2.60033616896571
H           -0.28759058950106       -0.00691962120286        2.23348202270793
16
 energy: -17.924624446699 gnorm: 0.001318934869 xtb: 6.7.1 (edcfbbe)
C           -0.61567019159680        1.19690696317096        0.49422665005667
C            0.00698773856601        0.16792969755540       -0.39439331219061
C            1.31705077573414       -0.00979595584426       -0.33281368980644
C            2.14506740252514        0.88259294959859        0.53778026463890
C            1.49402691799858        1.17266287450714        1.90339635469272
C           -0.02865579073009        1.00289418724688        1.90398116306416
H           -0.36894479158815        2.20225101116256        0.14070950778738
H           -1.70115672814222        1.09961649683489        0.51804691260360
H           -0.62853961244178       -0.43597697348957       -1.02394895476004
H            1.82364394702267       -0.75673607241530       -0.92548839759194
H            3.13945674262588        0.45825048241171        0.68458177730341
H            2.27640599763700        1.83138663895440        0.00580850357270
H            1.92126255245602        0.50649382759933        2.65509165569318
H            1.74851496357626        2.19307726575004        2.19721413378940
H           -0.48304351106935        1.70826983108620        2.60141580430483
H           -0.28640641257523       -0.00534468413003        2.23439162683625
16
 energy: -17.924629147750 gnorm: 0.000363671112 xtb: 6.7.1 (edcfbbe)
C           -0.61627689940557        1.19596003402320        0.49430987930021
C            0.00727238267326        0.16796907896029       -0.39534082089021
C            1.31725895270676       -0.00921703303484       -0.33349328013763
C            2.14562876121962        0.88192934160423        0.53853692862387
C            1.49483516334715        1.17201700122038        1.90412713328156
C           -0.02882645241749        1.00496167972895        1.90427541703212
H           -0.37406534683528        2.20169461379324        0.13847823111783
H           -1.70137949959933        1.09508737749103        0.52022068634666
H           -0.62777038270610       -0.43494289208767       -1.02623683371283
H            1.82512232123207       -0.75482737964419       -0.92666173906257
H            3.14032476714050        0.45840218391508        0.68427891622534
H            2.27529671498306        1.83122329635925        0.00759658385314
H            1.92067951144389        0.50342158235016        2.65408676157192
H            1.75240783506675        2.19107666520710        2.19918214685354
H           -0.48230837137533        1.71208469781887        2.60040714375145
H           -0.28819945747589       -0.00236170770614        2.23623284583976
