16
 energy: -17.793522611326 gnorm: 1.481890752546 xtb: 6.7.1 (edcfbbe)
C           -0.64042537553400        0.99374095595243        0.40352047329649
C            0.07222347913229       -0.17152456106219       -0.18290588895906
C            1.39798408403747       -0.17089915948515       -0.18399885576895
C            2.11042614966598        0.99395741167721        0.40356057433708
C            1.49600029442257        1.29490760320313        1.88659295616392
C           -0.02599547122866        1.29521773503058        1.88643488883134
H           -0.47399067068861        1.88927556592447       -0.19698371393800
H           -1.70965359101973        0.82382106520587        0.50329760544594
H           -0.50554880957224       -0.99836961685984       -0.56756253044434
H            1.97592945429173       -0.99731685523967       -0.56948764931285
H            3.17974629431999        0.82423728513625        0.50282856479569
H            1.94355474493067        1.89010547668349       -0.19571781013381
H            1.88094326106616        0.51852397853621        2.54506794923668
H            1.89519456053696        2.25437416662814        2.21054030753851
H           -0.42499266029547        2.25503956860218        2.20953979418309
H           -0.41139574406567        0.51938792006678        2.54527333472463
16
 energy: -17.881311103393 gnorm: 0.864592049210 xtb: 6.7.1 (edcfbbe)
C           -0.61233024924107        1.00607145987932        0.46938172586655
C            0.07234751829059       -0.16793855199394       -0.17813227832080
C            1.39786077647325       -0.16737307598834       -0.17903222034148
C            2.08232438923860        1.00631059611842        0.46940098539907
C            1.51847260121596        1.28096014097687        1.81820012884431
C           -0.04846765616991        1.28127551088051        1.81806296651686
H           -0.47241004355912        1.88608962010722       -0.18964955437679
H           -1.70264940717588        0.82522393050770        0.50799008214680
H           -0.50559028453445       -0.99536015593153       -0.56669046739564
H            1.97596190366579       -0.99429211574522       -0.56854684353863
H            3.17271893808340        0.82564633492436        0.50754823457998
H            1.94200014240841        1.88695517586361       -0.18850880924270
H            1.87886522548749        0.52099175203875        2.53677644752305
H            1.89309077028916        2.24868654245228        2.20358661161246
H           -0.42287549384397        2.24937202128495        2.20263526910564
H           -0.40931913062882        0.52185935462491        2.53697772161769
16
 energy: -17.924679529138 gnorm: 0.006659081700 xtb: 6.7.1 (edcfbbe)
C           -0.62346476658803        1.00096040991359        0.44448005895777
C            0.07300239309513       -0.17085259569585       -0.17059663380801
C            1.39719071284938       -0.17039142332799       -0.17117561513976
C            2.09342782777449        1.00130806051171        0.44443320822867
C            1.50759571735134        1.28541065268144        1.84029752887317
C           -0.03761406689015        1.28574627688438        1.84019493072988
H           -0.47057282023009        1.88502397862092       -0.18674326241854
H           -1.70045960618429        0.82775363106537        0.51431166727809
H           -0.50695494246279       -0.99012420161952       -0.56862431763209
H            1.97732833730663       -0.98909526751447       -0.57017382979957
H            3.17047139826911        0.82822315169980        0.51396144491693
H            1.94024555606271        1.88586938553530       -0.18596027877560
H            1.87508028897151        0.52017897181524        2.53047779167190
H            1.89009307178454        2.24634874359464        2.19761462709056
H           -0.41982569107199        2.24706109980936        2.19678751365470
H           -0.40554341003807        0.52105766602598        2.53071516616828
16
 energy: -17.924803086259 gnorm: 0.002794970764 xtb: 6.7.1 (edcfbbe)
C           -0.62275160309185        1.00074777162382        0.44426122701383
C            0.07305123050364       -0.17333931739065       -0.16493235849859
C            1.39710460113505       -0.17312827606063       -0.16498148905704
C            2.09264993570153        1.00118765399012        0.44403998223284
C            1.50523165011608        1.28545358823662        1.83883869730074
C           -0.03530906656801        1.28569151809242        1.83891153413381
H           -0.46716680906391        1.88167586335311       -0.18797419111580
H           -1.69756953128944        0.83239750060835        0.52491841751764
H           -0.51023314296008       -0.98501531221373       -0.57223602778584
H            1.98056975894144       -0.98469510100322       -0.57218844147137
H            3.16747700161778        0.83295030575774        0.52474989865513
H            1.93698504349895        1.88216492706363       -0.18815743224069
H            1.86896245340151        0.51760592530224        2.52453890355198
H            1.88537052110566        2.24591227299627        2.19280487392114
H           -0.41512217779744        2.24649269491410        2.19231132475007
H           -0.39924986525148        0.51837652472968        2.52509508108851
16
 energy: -17.924814986283 gnorm: 0.001478645428 xtb: 6.7.1 (edcfbbe)
C           -0.62353319657506        1.00065725932287        0.44471261330959
C            0.07310186831903       -0.17210671420580       -0.16599810931314
C            1.39711195961312       -0.17164877817083       -0.16662008510870
C            2.09346139932512        1.00101627922055        0.44463740963718
C            1.50450434185107        1.28600893140820        1.83857499321788
C           -0.03452894854930        1.28632688888168        1.83849213441302
H           -0.46914283330144        1.88020776153914       -0.18849285595216
H           -1.69745123382451        0.83143601182964        0.52699460338676
H           -0.51167727685387       -0.98392418026951       -0.56963451454932
H            1.98208479005714       -0.98316197334091       -0.57062036572959
H            3.16745361897496        0.83208291820494        0.52667360980506
H            1.93868914203369        1.88087499629801       -0.18799342909833
H            1.86725632253139        0.51715925608488        2.52219820622621
H            1.88490720583444        2.24533032382883        2.19264014847877
H           -0.41459831484888        2.24606499275666        2.19175168557116
H           -0.39763884458745        0.51815456661153        2.52268395570199
16
 energy: -17.924819341983 gnorm: 0.000932265309 xtb: 6.7.1 (edcfbbe)
C           -0.62496000413429        1.00003930614893        0.44543796869558
C            0.07312038922594       -0.17242354580353       -0.16533953969357
C            1.39704824758129       -0.17231400178932       -0.16522235041016
C            2.09485255480460        1.00048873543945        0.44518442048379
C            1.50414381492804        1.28672309464591        1.83809841090920
C           -0.03420313896096        1.28697333632004        1.83818607032852
H           -0.47141580554586        1.87894223523989       -0.18848806273349
H           -1.69851984207549        0.82933189351892        0.52726281921094
H           -0.51267590598077       -0.98260457026920       -0.57091165839578
H            1.98304060417167       -0.98245341725782       -0.57054974880209
H            3.16844296089543        0.83003721341207        0.52704217465932
H            1.94110612319153        1.87932821460960       -0.18885033030143
H            1.86681592209310        0.51931846330932        2.52326303201409
H            1.88467444679122        2.24616136063430        2.19075223211145
H           -0.41436218402567        2.24678479941201        2.19027177099444
H           -0.39710818296034        0.52014542242932        2.52386279092558
