     Step     Time          Energy         fmax         cmax       rtrust          rho
Sella   0 09:37:50     -484.554977       0.7701       0.0000       0.1000       1.0000
Sella   1 09:37:50     -484.624990       0.7701       0.0000       0.1150       1.0142
Sella   2 09:37:50     -484.665799       0.3586       0.0000       0.1150       0.9160
Sella   3 09:37:50     -484.671960       0.3290       0.0000       0.1150       0.5138
Sella   4 09:37:50     -484.673182       0.3516       0.0000       0.0492       0.1158
Sella   5 09:37:50     -484.680053       0.2870       0.0000       0.0492       0.9648
Sella   6 09:37:50     -484.682231       0.0918       0.0000       0.0492       2.6829
Sella   7 09:37:50     -484.682700       0.1237       0.0000       0.0117      -1.1257
Sella   8 09:37:50     -484.683894       0.0796       0.0000       0.0117       2.2144
Sella   9 09:37:50     -484.686454       0.0480       0.0000       0.0117       1.7618
Sella  10 09:37:50     -484.687613       0.0565       0.0000       0.0117       1.2405
Sella  11 09:37:50     -484.689560       0.0458       0.0000       0.0117       1.1680
Sella  12 09:37:50     -484.691297       0.0458       0.0000       0.0117       1.1311
Sella  13 09:37:50     -484.692629       0.0404       0.0000       0.0117       1.0622
Sella  14 09:37:50     -484.693645       0.0277       0.0000       0.0135       1.0331
Sella  15 09:37:50     -484.694493       0.0190       0.0000       0.0135       1.0548
Sella  16 09:37:50     -484.695038       0.0213       0.0000       0.0135       1.0914
Sella  17 09:37:50     -484.695376       0.0233       0.0000       0.0135       1.1648
Sella  18 09:37:50     -484.695582       0.0206       0.0000       0.0135       1.2919
Sella  19 09:37:50     -484.695701       0.0151       0.0000       0.0135       1.5245
Sella  20 09:37:50     -484.695849       0.0113       0.0000       0.0135       1.3162
Sella  21 09:37:50     -484.695920       0.0100       0.0000       0.0135       1.3907
Sella  22 09:37:50     -484.695984       0.0105       0.0000       0.0135       1.4463
Sella  23 09:37:50     -484.696060       0.0113       0.0000       0.0135       1.4254
Sella  24 09:37:50     -484.696125       0.0098       0.0000       0.0135       1.3596
Sella  25 09:37:50     -484.696163       0.0111       0.0000       0.0135       1.4013
Sella  26 09:37:50     -484.696193       0.0078       0.0000       0.0135       1.4388
Sella  27 09:37:50     -484.696219       0.0074       0.0000       0.0135       1.4111
Sella  28 09:37:50     -484.696238       0.0061       0.0000       0.0135       1.4048
Sella  29 09:37:50     -484.696251       0.0051       0.0000       0.0135       1.3707
Sella  30 09:37:50     -484.696259       0.0034       0.0000       0.0135       1.3405
Sella  31 09:37:50     -484.696261       0.0026       0.0000       0.0135       1.1014
Sella  32 09:37:50     -484.696262       0.0022       0.0000       0.0135       1.1888
Sella  33 09:37:50     -484.696264       0.0015       0.0000       0.0135       1.5128
Sella  34 09:37:50     -484.696265       0.0013       0.0000       0.0135       1.3852
Sella  35 09:37:50     -484.696265       0.0010       0.0000       0.0135       1.2929
Sella  36 09:37:50     -484.696266       0.0007       0.0000       0.0135       1.4676
Sella  37 09:37:50     -484.696102       0.0019       0.0000       0.0088      -0.4420
Sella  38 09:37:50     -484.696259       0.0651       0.0000       0.0088       1.0355
Sella  39 09:37:50     -484.696265       0.0029       0.0000       0.0088       0.9819
Sella  40 09:37:50     -484.696266       0.0028       0.0000       0.0088       0.5730
Sella  41 09:37:50     -484.696266       0.0011       0.0000       0.0088       1.2707
Sella  42 09:37:50     -484.696266       0.0009       0.0000       0.0001       0.0422
Sella  43 09:37:50     -484.696266       0.0005       0.0000       0.0001      -0.1522
Sella  44 09:37:50     -484.696266       0.0013       0.0000       0.0001       1.7823
Sella  45 09:37:50     -484.696266       0.0011       0.0000       0.0001       1.2815
Sella  46 09:37:50     -484.696266       0.0014       0.0000       0.0001      -0.9978
Sella  47 09:37:50     -484.696266       0.0006       0.0000       0.0001      -2.6555
Sella  48 09:37:50     -484.696266       0.0013       0.0000       0.0001       0.9209
Sella  49 09:37:50     -484.696266       0.0005       0.0000       0.0001      -4.4335
Sella  50 09:37:50     -484.696266       0.0005       0.0000       0.0001      -1.6388
Sella  51 09:37:50     -484.696266       0.0015       0.0000       0.0001       1.7069
Sella  52 09:37:50     -484.696266       0.0011       0.0000       0.0001       1.4189
Sella  53 09:37:50     -484.696266       0.0013       0.0000       0.0001      -1.5603
Sella  54 09:37:50     -484.696266       0.0006       0.0000       0.0001      -2.4190
Sella  55 09:37:50     -484.696266       0.0015       0.0000       0.0001       0.9282
Sella  56 09:37:50     -484.696266       0.0005       0.0000       0.0001       2.9318
Sella  57 09:37:50     -484.696266       0.0011       0.0000       0.0001      -4.1557
Sella  58 09:37:50     -484.696266       0.0005       0.0000       0.0001      -5.4258
Sella  59 09:37:50     -484.696266       0.0005       0.0000       0.0001      -1.7992
Sella  60 09:37:50     -484.696266       0.0014       0.0000       0.0001       1.7116
Sella  61 09:37:50     -484.696266       0.0011       0.0000       0.0001       1.3101
Sella  62 09:37:50     -484.696266       0.0011       0.0000       0.0001      -1.8180
Sella  63 09:37:50     -484.696266       0.0006       0.0000       0.0001      -2.2641
Sella  64 09:37:50     -484.696266       0.0015       0.0000       0.0001       0.8210
Sella  65 09:37:50     -484.696266       0.0005       0.0000       0.0001       4.5861
Sella  66 09:37:50     -484.696266       0.0011       0.0000       0.0001       1.8515
Sella  67 09:37:50     -484.696266       0.0010       0.0000       0.0001       0.9486
Sella  68 09:37:50     -484.696266       0.0002       0.0000       0.0001       1.0210
Sella  69 09:37:50     -484.696266       0.0001       0.0000       0.0001       0.9372
Sella  70 09:37:50     -484.696266       0.0001       0.0000       0.0001       0.9452
Sella  71 09:37:50     -484.696266       0.0002       0.0000       0.0001       1.1523
Sella  72 09:37:50     -484.696266       0.0001       0.0000       0.0001       1.1543
