     Step     Time          Energy         fmax         cmax       rtrust          rho
Sella   0 09:37:49     -484.696269       0.0328       0.0000       0.1000       1.0000
Sella   1 09:37:50     -484.696231       0.0328       0.0000       0.1000       4.1031
Sella   2 09:37:50     -484.696073       0.0360       0.0000       0.0013      -1.9050
Sella   3 09:37:50     -484.696245       0.1121       0.0000       0.0013       0.9572
Sella   4 09:37:50     -484.696218       0.0148       0.0000       0.0005      -0.9311
Sella   5 09:37:50     -484.696257       0.0402       0.0000       0.0005       0.9994
Sella   6 09:37:50     -484.696256       0.0035       0.0000       0.0001      -0.2230
Sella   7 09:37:50     -484.696259       0.0079       0.0000       0.0001       1.2717
Sella   8 09:37:50     -484.696260       0.0019       0.0000       0.0001       1.4898
Sella   9 09:37:50     -484.696260       0.0017       0.0000       0.0001       1.0421
Sella  10 09:37:50     -484.696261       0.0016       0.0000       0.0001       0.9561
Sella  11 09:37:50     -484.696262       0.0015       0.0000       0.0001       1.0056
Sella  12 09:37:50     -484.696263       0.0012       0.0000       0.0001       0.9994
Sella  13 09:37:50     -484.696263       0.0011       0.0000       0.0001       0.9453
Sella  14 09:37:50     -484.696264       0.0014       0.0000       0.0002       0.9685
Sella  15 09:37:50     -484.696264       0.0008       0.0000       0.0002       1.0025
Sella  16 09:37:50     -484.696265       0.0007       0.0000       0.0002       0.9731
Sella  17 09:37:50     -484.696265       0.0006       0.0000       0.0002       0.8093
Sella  18 09:37:50     -484.696266       0.0015       0.0000       0.0002       0.7931
Sella  19 09:37:50     -484.696266       0.0008       0.0000       0.0002       0.7325
Sella  20 09:37:50     -484.696266       0.0005       0.0000       0.0002       1.6888
Sella  21 09:37:50     -484.696266       0.0003       0.0000       0.0002       1.5961
Sella  22 09:37:50     -484.696266       0.0004       0.0000       0.0002       1.2679
Sella  23 09:37:50     -484.696266       0.0005       0.0000       0.0002       1.1829
Sella  24 09:37:50     -484.696266       0.0002       0.0000       0.0002       1.3618
Sella  25 09:37:50     -484.696266       0.0001       0.0000       0.0002       1.3917
Sella  26 09:37:50     -484.696266       0.0001       0.0000       0.0002       1.3352
