     Step     Time          Energy         fmax         cmax       rtrust          rho
Sella   0 09:37:51     -484.616699       0.6861       0.0000       0.1000       1.0000
Sella   1 09:37:51     -484.665480       0.6861       0.0000       0.1000       0.9389
Sella   2 09:37:51     -484.682642       0.2473       0.0000       0.1000       0.7411
Sella   3 09:37:51     -484.682817       0.3421       0.0000       0.0072       0.0321
Sella   4 09:37:51     -484.686908       0.4882       0.0000       0.0072       1.2207
Sella   5 09:37:51     -484.687823       0.0996       0.0000       0.0072       1.5134
Sella   6 09:37:51     -484.689285       0.0685       0.0000       0.0072       1.3521
Sella   7 09:37:51     -484.690163       0.0870       0.0000       0.0072       1.0985
Sella   8 09:37:51     -484.691198       0.0391       0.0000       0.0072       1.1066
Sella   9 09:37:51     -484.691902       0.0321       0.0000       0.0072       1.1453
Sella  10 09:37:51     -484.692617       0.0460       0.0000       0.0072       1.3274
Sella  11 09:37:51     -484.693212       0.0460       0.0000       0.0072       1.2951
Sella  12 09:37:51     -484.693911       0.0334       0.0000       0.0072       1.2314
Sella  13 09:37:51     -484.694577       0.0268       0.0000       0.0072       1.0876
Sella  14 09:37:51     -484.695000       0.0351       0.0000       0.0072       1.0442
Sella  15 09:37:51     -484.695269       0.0120       0.0000       0.0072       1.0765
Sella  16 09:37:51     -484.695413       0.0122       0.0000       0.0072       1.1688
Sella  17 09:37:51     -484.695475       0.0134       0.0000       0.0072       1.5756
Sella  18 09:37:51     -484.695617       0.0129       0.0000       0.0072       1.5169
Sella  19 09:37:51     -484.695772       0.0126       0.0000       0.0072       1.3044
Sella  20 09:37:51     -484.695831       0.0165       0.0000       0.0072       1.3945
Sella  21 09:37:51     -484.695873       0.0131       0.0000       0.0072       1.4551
Sella  22 09:37:51     -484.695911       0.0110       0.0000       0.0072       1.3701
Sella  23 09:37:51     -484.695932       0.0079       0.0000       0.0072       1.3944
Sella  24 09:37:51     -484.695950       0.0083       0.0000       0.0072       1.5237
Sella  25 09:37:51     -484.695977       0.0078       0.0000       0.0072       1.4921
Sella  26 09:37:51     -484.696009       0.0068       0.0000       0.0072       1.4227
Sella  27 09:37:51     -484.696037       0.0095       0.0000       0.0072       1.4845
Sella  28 09:37:51     -484.696074       0.0101       0.0000       0.0072       1.5017
Sella  29 09:37:51     -484.696119       0.0075       0.0000       0.0072       1.3925
Sella  30 09:37:51     -484.696146       0.0071       0.0000       0.0072       1.3740
Sella  31 09:37:51     -484.696165       0.0072       0.0000       0.0072       1.4980
Sella  32 09:37:51     -484.696191       0.0072       0.0000       0.0072       1.4603
Sella  33 09:37:51     -484.696214       0.0065       0.0000       0.0072       1.3668
Sella  34 09:37:51     -484.696227       0.0073       0.0000       0.0072       1.4122
Sella  35 09:37:51     -484.696237       0.0056       0.0000       0.0072       1.4814
Sella  36 09:37:51     -484.696248       0.0049       0.0000       0.0072       1.3856
Sella  37 09:37:51     -484.696255       0.0046       0.0000       0.0072       1.3373
Sella  38 09:37:51     -484.696258       0.0038       0.0000       0.0072       1.2471
Sella  39 09:37:51     -484.696261       0.0027       0.0000       0.0072       1.2805
Sella  40 09:37:51     -484.696262       0.0024       0.0000       0.0072       1.3499
Sella  41 09:37:51     -484.696264       0.0025       0.0000       0.0072       1.2202
Sella  42 09:37:51     -484.696264       0.0020       0.0000       0.0072       1.0333
Sella  43 09:37:51     -484.696265       0.0012       0.0000       0.0072       1.5758
Sella  44 09:37:51     -484.696265       0.0010       0.0000       0.0072       1.1540
Sella  45 09:37:51     -484.696265       0.0007       0.0000       0.0072       1.8416
Sella  46 09:37:51     -484.696266       0.0006       0.0000       0.0072       1.2320
Sella  47 09:37:51     -484.696265       0.0014       0.0000       0.0002      -0.0981
Sella  48 09:37:51     -484.696266       0.0009       0.0000       0.0002       1.4015
Sella  49 09:37:51     -484.696266       0.0005       0.0000       0.0002       1.4407
Sella  50 09:37:51     -484.696266       0.0003       0.0000       0.0002       1.2293
Sella  51 09:37:51     -484.696266       0.0004       0.0000       0.0002       0.4410
Sella  52 09:37:51     -484.696266       0.0011       0.0000       0.0002       0.7627
Sella  53 09:37:52     -484.696266       0.0004       0.0000       0.0001      -9.4500
Sella  54 09:37:52     -484.696266       0.0011       0.0000       0.0001       0.8132
Sella  55 09:37:52     -484.696266       0.0011       0.0000       0.0001       3.0186
Sella  56 09:37:52     -484.696266       0.0005       0.0000       0.0001       1.8281
Sella  57 09:37:52     -484.696266       0.0004       0.0000       0.0001       1.1666
Sella  58 09:37:52     -484.696266       0.0004       0.0000       0.0001       1.6341
Sella  59 09:37:52     -484.696266       0.0003       0.0000       0.0001     -15.5680
Sella  60 09:37:52     -484.696266       0.0011       0.0000       0.0001      12.3385
Sella  61 09:37:52     -484.696266       0.0003       0.0000       0.0001    -122.6123
Sella  62 09:37:52     -484.696266       0.0010       0.0000       0.0001      -1.8124
Sella  63 09:37:52     -484.696266       0.0010       0.0000       0.0001      -0.4208
Sella  64 09:37:52     -484.696266       0.0009       0.0000       0.0001       1.5863
Sella  65 09:37:52     -484.696266       0.0006       0.0000       0.0001      -0.8074
Sella  66 09:37:52     -484.696266       0.0011       0.0000       0.0001       1.0831
Sella  67 09:37:52     -484.696266       0.0004       0.0000       0.0001       1.9836
Sella  68 09:37:52     -484.696266       0.0004       0.0000       0.0001       0.3003
Sella  69 09:37:52     -484.696266       0.0013       0.0000       0.0001       0.0258
Sella  70 09:37:52     -484.696266       0.0003       0.0000       0.0001     -21.0859
Sella  71 09:37:52     -484.696266       0.0011       0.0000       0.0001      -1.8134
Sella  72 09:37:52     -484.696266       0.0010       0.0000       0.0001      -0.4643
Sella  73 09:37:52     -484.696266       0.0012       0.0000       0.0001       1.5091
Sella  74 09:37:52     -484.696266       0.0006       0.0000       0.0001       0.4554
Sella  75 09:37:52     -484.696266       0.0013       0.0000       0.0001       0.0595
Sella  76 09:37:52     -484.696266       0.0004       0.0000       0.0001       1.7966
Sella  77 09:37:52     -484.696266       0.0003       0.0000       0.0001       0.7333
Sella  78 09:37:52     -484.696266       0.0013       0.0000       0.0001      -1.2720
Sella  79 09:37:52     -484.696266       0.0010       0.0000       0.0001      -0.4964
Sella  80 09:37:52     -484.696266       0.0012       0.0000       0.0001       1.5674
Sella  81 09:37:52     -484.696266       0.0006       0.0000       0.0001       0.4835
Sella  82 09:37:52     -484.696266       0.0013       0.0000       0.0001       0.0209
Sella  83 09:37:52     -484.696266       0.0004       0.0000       0.0001       1.8359
Sella  84 09:37:52     -484.696266       0.0003       0.0000       0.0001       0.7567
Sella  85 09:37:52     -484.696266       0.0013       0.0000       0.0001      -1.2913
Sella  86 09:37:52     -484.696266       0.0010       0.0000       0.0001      -0.4855
Sella  87 09:37:52     -484.696266       0.0012       0.0000       0.0001       1.5853
Sella  88 09:37:52     -484.696266       0.0006       0.0000       0.0001       0.5035
Sella  89 09:37:52     -484.696266       0.0013       0.0000       0.0001       0.0049
Sella  90 09:37:52     -484.696266       0.0004       0.0000       0.0001       1.8310
Sella  91 09:37:52     -484.696266       0.0003       0.0000       0.0001       0.7796
Sella  92 09:37:52     -484.696266       0.0013       0.0000       0.0001      -1.3063
Sella  93 09:37:52     -484.696266       0.0010       0.0000       0.0001      -0.4850
Sella  94 09:37:52     -484.696266       0.0012       0.0000       0.0001       1.5876
Sella  95 09:37:52     -484.696266       0.0006       0.0000       0.0001       0.5127
Sella  96 09:37:52     -484.696266       0.0013       0.0000       0.0001       0.0011
Sella  97 09:37:52     -484.696266       0.0004       0.0000       0.0001       1.8265
Sella  98 09:37:52     -484.696266       0.0003       0.0000       0.0001       0.7849
Sella  99 09:37:52     -484.696266       0.0013       0.0000       0.0001      -1.3474
Sella 100 09:37:52     -484.696266       0.0010       0.0000       0.0001      -0.4805
Sella 101 09:37:52     -484.696266       0.0012       0.0000       0.0001       1.5754
Sella 102 09:37:52     -484.696266       0.0006       0.0000       0.0001       0.5097
Sella 103 09:37:52     -484.696266       0.0013       0.0000       0.0001       0.0067
Sella 104 09:37:52     -484.696266       0.0004       0.0000       0.0001       1.8138
Sella 105 09:37:52     -484.696266       0.0003       0.0000       0.0001       0.7728
Sella 106 09:37:52     -484.696266       0.0013       0.0000       0.0001      -1.3577
Sella 107 09:37:52     -484.696266       0.0010       0.0000       0.0001      -0.4930
Sella 108 09:37:52     -484.696266       0.0012       0.0000       0.0001       1.5682
Sella 109 09:37:52     -484.696266       0.0006       0.0000       0.0001       0.4888
Sella 110 09:37:52     -484.696266       0.0013       0.0000       0.0001       0.0259
Sella 111 09:37:52     -484.696266       0.0004       0.0000       0.0001       1.8099
Sella 112 09:37:52     -484.696266       0.0003       0.0000       0.0001       0.7411
Sella 113 09:37:52     -484.696266       0.0013       0.0000       0.0001      -1.3388
Sella 114 09:37:52     -484.696266       0.0010       0.0000       0.0001      -0.5160
Sella 115 09:37:52     -484.696266       0.0013       0.0000       0.0001       1.5705
Sella 116 09:37:52     -484.696266       0.0006       0.0000       0.0001       0.4669
Sella 117 09:37:52     -484.696266       0.0013       0.0000       0.0001       0.0462
Sella 118 09:37:52     -484.696266       0.0004       0.0000       0.0001       1.8144
Sella 119 09:37:52     -484.696266       0.0003       0.0000       0.0001       0.7071
Sella 120 09:37:52     -484.696266       0.0013       0.0000       0.0001      -1.3809
Sella 121 09:37:52     -484.696266       0.0010       0.0000       0.0001      -0.5114
Sella 122 09:37:52     -484.696266       0.0012       0.0000       0.0001       1.5547
Sella 123 09:37:52     -484.696266       0.0006       0.0000       0.0001       0.4420
Sella 124 09:37:52     -484.696266       0.0013       0.0000       0.0001       0.0680
Sella 125 09:37:52     -484.696266       0.0004       0.0000       0.0001       1.8050
Sella 126 09:37:52     -484.696266       0.0004       0.0000       0.0001       0.6772
Sella 127 09:37:52     -484.696266       0.0013       0.0000       0.0001      -1.3906
Sella 128 09:37:52     -484.696266       0.0010       0.0000       0.0001      -0.5227
Sella 129 09:37:52     -484.696266       0.0013       0.0000       0.0001       1.5469
Sella 130 09:37:52     -484.696266       0.0006       0.0000       0.0001       0.4113
Sella 131 09:37:52     -484.696266       0.0013       0.0000       0.0001       0.0952
Sella 132 09:37:52     -484.696266       0.0004       0.0000       0.0001       1.8007
Sella 133 09:37:52     -484.696266       0.0004       0.0000       0.0001       0.6431
Sella 134 09:37:52     -484.696266       0.0013       0.0000       0.0001      -1.4009
Sella 135 09:37:52     -484.696266       0.0010       0.0000       0.0001      -0.5328
Sella 136 09:37:52     -484.696266       0.0013       0.0000       0.0001       1.5398
Sella 137 09:37:52     -484.696266       0.0006       0.0000       0.0001       0.3813
Sella 138 09:37:52     -484.696266       0.0013       0.0000       0.0001       0.1224
Sella 139 09:37:52     -484.696266       0.0004       0.0000       0.0001       1.7968
Sella 140 09:37:52     -484.696266       0.0004       0.0000       0.0001       0.6109
Sella 141 09:37:52     -484.696266       0.0013       0.0000       0.0001      -1.4104
Sella 142 09:37:52     -484.696266       0.0010       0.0000       0.0001      -0.5413
Sella 143 09:37:52     -484.696266       0.0013       0.0000       0.0001       1.5337
Sella 144 09:37:52     -484.696266       0.0006       0.0000       0.0001       0.3543
Sella 145 09:37:52     -484.696266       0.0013       0.0000       0.0001       0.1475
Sella 146 09:37:52     -484.696266       0.0004       0.0000       0.0001       1.7936
Sella 147 09:37:52     -484.696266       0.0004       0.0000       0.0001       0.5828
Sella 148 09:37:52     -484.696266       0.0013       0.0000       0.0001      -1.4187
Sella 149 09:37:52     -484.696266       0.0010       0.0000       0.0001      -0.5483
Sella 150 09:37:52     -484.696266       0.0013       0.0000       0.0001       1.5286
Sella 151 09:37:52     -484.696266       0.0006       0.0000       0.0001       0.3311
Sella 152 09:37:52     -484.696266       0.0013       0.0000       0.0001       0.1695
Sella 153 09:37:52     -484.696266       0.0004       0.0000       0.0001       1.7906
Sella 154 09:37:52     -484.696266       0.0004       0.0000       0.0001       0.5593
Sella 155 09:37:52     -484.696266       0.0013       0.0000       0.0001      -0.1455
Sella 156 09:37:52     -484.696266       0.0003       0.0000       0.0001     -16.9113
Sella 157 09:37:52     -484.696266       0.0010       0.0000       0.0001      -1.8504
Sella 158 09:37:52     -484.696266       0.0010       0.0000       0.0001      -0.5449
Sella 159 09:37:52     -484.696266       0.0013       0.0000       0.0001       1.5128
Sella 160 09:37:52     -484.696266       0.0006       0.0000       0.0001       0.2708
Sella 161 09:37:52     -484.696266       0.0013       0.0000       0.0001       0.2172
Sella 162 09:37:52     -484.696266       0.0004       0.0000       0.0001       1.7962
Sella 163 09:37:52     -484.696266       0.0004       0.0000       0.0001       0.5717
Sella 164 09:37:52     -484.696266       0.0013       0.0000       0.0001      -0.1521
Sella 165 09:37:52     -484.696266       0.0003       0.0000       0.0001     -16.7883
Sella 166 09:37:52     -484.696266       0.0010       0.0000       0.0001      -1.8475
Sella 167 09:37:52     -484.696266       0.0010       0.0000       0.0001      -0.5636
Sella 168 09:37:52     -484.696266       0.0013       0.0000       0.0001       1.4977
Sella 169 09:37:52     -484.696266       0.0006       0.0000       0.0001       0.2194
Sella 170 09:37:52     -484.696266       0.0013       0.0000       0.0001       0.2647
Sella 171 09:37:52     -484.696266       0.0004       0.0000       0.0001       1.7935
Sella 172 09:37:52     -484.696266       0.0004       0.0000       0.0001       0.5535
Sella 173 09:37:52     -484.696266       0.0013       0.0000       0.0001      -0.1428
Sella 174 09:37:52     -484.696266       0.0003       0.0000       0.0001     -16.6174
Sella 175 09:37:52     -484.696266       0.0010       0.0000       0.0001      -1.8564
Sella 176 09:37:52     -484.696266       0.0010       0.0000       0.0001      -0.5760
Sella 177 09:37:52     -484.696266       0.0013       0.0000       0.0001       1.4874
Sella 178 09:37:52     -484.696266       0.0006       0.0000       0.0001       0.1800
Sella 179 09:37:52     -484.696266       0.0013       0.0000       0.0001       0.3046
Sella 180 09:37:52     -484.696266       0.0004       0.0000       0.0001       1.7902
Sella 181 09:37:52     -484.696266       0.0004       0.0000       0.0001       0.5328
Sella 182 09:37:52     -484.696266       0.0013       0.0000       0.0001      -0.1317
Sella 183 09:37:52     -484.696266       0.0003       0.0000       0.0001     -16.4605
Sella 184 09:37:52     -484.696266       0.0010       0.0000       0.0001      -1.8666
Sella 185 09:37:52     -484.696266       0.0010       0.0000       0.0001      -0.5848
Sella 186 09:37:52     -484.696266       0.0013       0.0000       0.0001       1.4803
Sella 187 09:37:52     -484.696266       0.0006       0.0000       0.0001       0.1513
Sella 188 09:37:52     -484.696266       0.0013       0.0000       0.0001       0.3353
Sella 189 09:37:52     -484.696266       0.0005       0.0000       0.0001       1.7878
Sella 190 09:37:52     -484.696266       0.0004       0.0000       0.0001       0.5162
Sella 191 09:37:52     -484.696266       0.0013       0.0000       0.0001      -0.1225
Sella 192 09:37:52     -484.696266       0.0003       0.0000       0.0001     -16.3369
Sella 193 09:37:52     -484.696266       0.0010       0.0000       0.0001      -1.8747
Sella 194 09:37:52     -484.696266       0.0010       0.0000       0.0001      -0.5908
Sella 195 09:37:52     -484.696266       0.0013       0.0000       0.0001       1.4756
Sella 196 09:37:52     -484.696266       0.0006       0.0000       0.0001       0.1310
Sella 197 09:37:52     -484.696266       0.0013       0.0000       0.0001       0.3577
Sella 198 09:37:52     -484.696266       0.0005       0.0000       0.0001       1.7862
Sella 199 09:37:52     -484.696266       0.0004       0.0000       0.0001       0.5040
Sella 200 09:37:52     -484.696266       0.0013       0.0000       0.0001      -0.1155
Sella 201 09:37:52     -484.696266       0.0003       0.0000       0.0001     -16.2461
Sella 202 09:37:52     -484.696266       0.0010       0.0000       0.0001       7.0029
Sella 203 09:37:52     -484.696266       0.0003       0.0000       0.0001    -116.3826
Sella 204 09:37:52     -484.696266       0.0010       0.0000       0.0001      -1.9475
Sella 205 09:37:53     -484.696266       0.0010       0.0000       0.0001      -0.6240
Sella 206 09:37:53     -484.696266       0.0013       0.0000       0.0001       1.4704
Sella 207 09:37:53     -484.696266       0.0006       0.0000       0.0001       0.1621
Sella 208 09:37:53     -484.696266       0.0012       0.0000       0.0001       0.3345
Sella 209 09:37:53     -484.696266       0.0005       0.0000       0.0001       1.7706
Sella 210 09:37:53     -484.696266       0.0004       0.0000       0.0001       0.5077
Sella 211 09:37:53     -484.696266       0.0013       0.0000       0.0001      -0.1172
Sella 212 09:37:53     -484.696266       0.0003       0.0000       0.0001     -16.2006
Sella 213 09:37:53     -484.696266       0.0010       0.0000       0.0001       6.9608
Sella 214 09:37:53     -484.696266       0.0003       0.0000       0.0001    -115.4738
Sella 215 09:37:53     -484.696266       0.0010       0.0000       0.0001      -1.9443
Sella 216 09:37:53     -484.696266       0.0010       0.0000       0.0001      -0.6346
Sella 217 09:37:53     -484.696266       0.0014       0.0000       0.0001       1.4570
Sella 218 09:37:53     -484.696266       0.0006       0.0000       0.0001       0.1630
Sella 219 09:37:53     -484.696266       0.0012       0.0000       0.0001       0.3383
Sella 220 09:37:53     -484.696266       0.0005       0.0000       0.0001       1.7432
Sella 221 09:37:53     -484.696266       0.0004       0.0000       0.0001       0.5027
Sella 222 09:37:53     -484.696266       0.0013       0.0000       0.0001      -0.1133
Sella 223 09:37:53     -484.696266       0.0003       0.0000       0.0001     -16.2126
Sella 224 09:37:53     -484.696266       0.0010       0.0000       0.0001       6.9742
Sella 225 09:37:53     -484.696266       0.0003       0.0000       0.0001    -114.9545
Sella 226 09:37:53     -484.696266       0.0010       0.0000       0.0001      -1.9437
Sella 227 09:37:53     -484.696266       0.0010       0.0000       0.0001      -0.6395
Sella 228 09:37:53     -484.696266       0.0014       0.0000       0.0001       1.4499
Sella 229 09:37:53     -484.696266       0.0006       0.0000       0.0001       0.1642
Sella 230 09:37:53     -484.696266       0.0012       0.0000       0.0001       0.3409
Sella 231 09:37:53     -484.696266       0.0005       0.0000       0.0001       1.7250
Sella 232 09:37:53     -484.696266       0.0004       0.0000       0.0001       0.4997
Sella 233 09:37:53     -484.696266       0.0013       0.0000       0.0001      -0.1105
Sella 234 09:37:53     -484.696266       0.0003       0.0000       0.0001     -16.2232
Sella 235 09:37:53     -484.696266       0.0010       0.0000       0.0001       6.9856
Sella 236 09:37:53     -484.696266       0.0003       0.0000       0.0001    -114.6402
Sella 237 09:37:53     -484.696266       0.0010       0.0000       0.0001      48.7134
Sella 238 09:37:53     -484.696266       0.0003       0.0000       0.0001    -624.6326
Sella 239 09:37:53     -484.696266       0.0010       0.0000       0.0001      -1.9626
Sella 240 09:37:53     -484.696266       0.0010       0.0000       0.0001      -0.7006
Sella 241 09:37:53     -484.696266       0.0013       0.0000       0.0001       1.5559
Sella 242 09:37:53     -484.696266       0.0006       0.0000       0.0001       0.0202
Sella 243 09:37:53     -484.696266       0.0012       0.0000       0.0001       0.5037
Sella 244 09:37:53     -484.696266       0.0004       0.0000       0.0001       2.0396
Sella 245 09:37:53     -484.696266       0.0004       0.0000       0.0001       0.4729
Sella 246 09:37:53     -484.696266       0.0012       0.0000       0.0001      -1.4083
Sella 247 09:37:53     -484.696266       0.0010       0.0000       0.0001      -0.5928
Sella 248 09:37:53     -484.696266       0.0013       0.0000       0.0001       1.4362
Sella 249 09:37:53     -484.696266       0.0006       0.0000       0.0001       0.1931
Sella 250 09:37:53     -484.696266       0.0012       0.0000       0.0001       0.3256
Sella 251 09:37:53     -484.696266       0.0005       0.0000       0.0001       1.6648
Sella 252 09:37:53     -484.696266       0.0004       0.0000       0.0001       0.4668
Sella 253 09:37:53     -484.696266       0.0013       0.0000       0.0001      -0.0836
Sella 254 09:37:53     -484.696266       0.0003       0.0000       0.0001     -17.0992
Sella 255 09:37:53     -484.696266       0.0010       0.0000       0.0001       7.2037
Sella 256 09:37:53     -484.696266       0.0003       0.0000       0.0001    -117.9086
Sella 257 09:37:53     -484.696266       0.0010       0.0000       0.0001      -1.9283
Sella 258 09:37:53     -484.696266       0.0010       0.0000       0.0001      -0.6333
Sella 259 09:37:53     -484.696266       0.0014       0.0000       0.0001       1.4348
Sella 260 09:37:53     -484.696266       0.0006       0.0000       0.0001       0.2240
Sella 261 09:37:53     -484.696266       0.0012       0.0000       0.0001       0.3001
Sella 262 09:37:53     -484.696266       0.0005       0.0000       0.0001       1.6438
Sella 263 09:37:53     -484.696266       0.0004       0.0000       0.0001       0.4860
Sella 264 09:37:53     -484.696266       0.0013       0.0000       0.0001      -0.0969
Sella 265 09:37:53     -484.696266       0.0003       0.0000       0.0001     -16.9173
Sella 266 09:37:53     -484.696266       0.0010       0.0000       0.0001      -1.8571
Sella 267 09:37:53     -484.696266       0.0010       0.0000       0.0001      -0.6053
Sella 268 09:37:53     -484.696266       0.0013       0.0000       0.0001       1.4804
Sella 269 09:37:53     -484.696266       0.0006       0.0000       0.0001       0.1423
Sella 270 09:37:53     -484.696266       0.0013       0.0000       0.0001       0.3429
Sella 271 09:37:53     -484.696266       0.0005       0.0000       0.0001       1.7863
Sella 272 09:37:53     -484.696266       0.0004       0.0000       0.0001       0.5171
Sella 273 09:37:53     -484.696266       0.0013       0.0000       0.0001      -0.1194
Sella 274 09:37:53     -484.696266       0.0003       0.0000       0.0001     -16.2927
Sella 275 09:37:53     -484.696266       0.0010       0.0000       0.0001       6.9708
Sella 276 09:37:53     -484.696266       0.0003       0.0000       0.0001    -116.1973
Sella 277 09:37:53     -484.696266       0.0010       0.0000       0.0001      -1.9392
Sella 278 09:37:53     -484.696266       0.0010       0.0000       0.0001      -0.6377
Sella 279 09:37:53     -484.696266       0.0014       0.0000       0.0001       1.4717
Sella 280 09:37:53     -484.696266       0.0006       0.0000       0.0001       0.1806
Sella 281 09:37:53     -484.696266       0.0012       0.0000       0.0001       0.3173
Sella 282 09:37:53     -484.696266       0.0005       0.0000       0.0001       1.7589
Sella 283 09:37:53     -484.696266       0.0004       0.0000       0.0001       0.5233
Sella 284 09:37:53     -484.696266       0.0013       0.0000       0.0001      -0.1220
Sella 285 09:37:53     -484.696266       0.0003       0.0000       0.0001     -16.2954
Sella 286 09:37:53     -484.696266       0.0010       0.0000       0.0001       6.9399
Sella 287 09:37:53     -484.696266       0.0003       0.0000       0.0001    -116.0197
Sella 288 09:37:53     -484.696266       0.0010       0.0000       0.0001      -1.9337
Sella 289 09:37:53     -484.696266       0.0010       0.0000       0.0001      -0.6464
Sella 290 09:37:53     -484.696266       0.0014       0.0000       0.0001       1.4635
Sella 291 09:37:53     -484.696266       0.0006       0.0000       0.0001       0.1818
Sella 292 09:37:53     -484.696266       0.0012       0.0000       0.0001       0.3198
Sella 293 09:37:53     -484.696266       0.0005       0.0000       0.0001       1.7415
Sella 294 09:37:53     -484.696266       0.0004       0.0000       0.0001       0.5213
Sella 295 09:37:53     -484.696266       0.0013       0.0000       0.0001      -0.1203
Sella 296 09:37:53     -484.696266       0.0003       0.0000       0.0001     -16.2929
Sella 297 09:37:53     -484.696266       0.0010       0.0000       0.0001       6.9458
Sella 298 09:37:53     -484.696266       0.0003       0.0000       0.0001    -115.7083
Sella 299 09:37:53     -484.696266       0.0010       0.0000       0.0001      -1.9352
Sella 300 09:37:53     -484.696266       0.0010       0.0000       0.0001      -0.6494
Sella 301 09:37:53     -484.696266       0.0014       0.0000       0.0001       1.4594
Sella 302 09:37:53     -484.696266       0.0006       0.0000       0.0001       0.1823
Sella 303 09:37:53     -484.696266       0.0012       0.0000       0.0001       0.3213
Sella 304 09:37:53     -484.696266       0.0005       0.0000       0.0001       1.7327
Sella 305 09:37:53     -484.696266       0.0004       0.0000       0.0001       0.5205
Sella 306 09:37:53     -484.696266       0.0013       0.0000       0.0001      -0.1196
Sella 307 09:37:53     -484.696266       0.0003       0.0000       0.0001     -16.2799
Sella 308 09:37:53     -484.696266       0.0010       0.0000       0.0001       6.9478
Sella 309 09:37:53     -484.696266       0.0003       0.0000       0.0001    -115.4526
Sella 310 09:37:53     -484.696266       0.0010       0.0000       0.0001      -1.9360
Sella 311 09:37:53     -484.696266       0.0010       0.0000       0.0001      -0.6509
Sella 312 09:37:53     -484.696266       0.0014       0.0000       0.0001       1.4576
Sella 313 09:37:53     -484.696266       0.0006       0.0000       0.0001       0.1837
Sella 314 09:37:53     -484.696266       0.0012       0.0000       0.0001       0.3211
Sella 315 09:37:53     -484.696266       0.0005       0.0000       0.0001       1.7281
Sella 316 09:37:53     -484.696266       0.0004       0.0000       0.0001       0.5211
Sella 317 09:37:53     -484.696266       0.0013       0.0000       0.0001      -0.1197
Sella 318 09:37:53     -484.696266       0.0003       0.0000       0.0001     -16.2655
Sella 319 09:37:53     -484.696266       0.0010       0.0000       0.0001       6.9461
Sella 320 09:37:53     -484.696266       0.0003       0.0000       0.0001    -115.2862
Sella 321 09:37:53     -484.696266       0.0010       0.0000       0.0001      -1.9358
Sella 322 09:37:53     -484.696266       0.0010       0.0000       0.0001      -0.6516
Sella 323 09:37:53     -484.696266       0.0014       0.0000       0.0001       1.4568
Sella 324 09:37:53     -484.696266       0.0006       0.0000       0.0001       0.1853
Sella 325 09:37:53     -484.696266       0.0012       0.0000       0.0001       0.3201
Sella 326 09:37:53     -484.696266       0.0005       0.0000       0.0001       1.7254
Sella 327 09:37:53     -484.696266       0.0004       0.0000       0.0001       0.5226
Sella 328 09:37:53     -484.696266       0.0013       0.0000       0.0001      -0.1203
Sella 329 09:37:53     -484.696266       0.0003       0.0000       0.0001     -16.2518
Sella 330 09:37:53     -484.696266       0.0010       0.0000       0.0001       6.9419
Sella 331 09:37:53     -484.696266       0.0003       0.0000       0.0001    -115.1713
Sella 332 09:37:53     -484.696266       0.0010       0.0000       0.0001      -1.9374
Sella 333 09:37:53     -484.696266       0.0010       0.0000       0.0001      -0.6520
Sella 334 09:37:53     -484.696266       0.0014       0.0000       0.0001       1.4565
Sella 335 09:37:53     -484.696266       0.0006       0.0000       0.0001       0.1869
Sella 336 09:37:53     -484.696266       0.0012       0.0000       0.0001       0.3187
Sella 337 09:37:53     -484.696266       0.0005       0.0000       0.0001       1.7244
Sella 338 09:37:53     -484.696266       0.0004       0.0000       0.0001       0.5245
Sella 339 09:37:53     -484.696266       0.0013       0.0000       0.0001      -0.1212
Sella 340 09:37:53     -484.696266       0.0003       0.0000       0.0001     -16.2383
Sella 341 09:37:53     -484.696266       0.0010       0.0000       0.0001       6.9364
Sella 342 09:37:53     -484.696266       0.0003       0.0000       0.0001    -115.0915
Sella 343 09:37:53     -484.696266       0.0010       0.0000       0.0001      -1.9375
Sella 344 09:37:53     -484.696266       0.0010       0.0000       0.0001      -0.6522
Sella 345 09:37:53     -484.696266       0.0014       0.0000       0.0001       1.4566
Sella 346 09:37:53     -484.696266       0.0006       0.0000       0.0001       0.1884
Sella 347 09:37:53     -484.696266       0.0012       0.0000       0.0001       0.3172
Sella 348 09:37:53     -484.696266       0.0005       0.0000       0.0001       1.7241
Sella 349 09:37:53     -484.696266       0.0004       0.0000       0.0001       0.5265
Sella 350 09:37:53     -484.696266       0.0013       0.0000       0.0001      -0.1222
Sella 351 09:37:53     -484.696266       0.0003       0.0000       0.0001     -16.2241
Sella 352 09:37:53     -484.696266       0.0010       0.0000       0.0001       6.9304
Sella 353 09:37:53     -484.696266       0.0003       0.0000       0.0001    -115.0332
Sella 354 09:37:53     -484.696266       0.0010       0.0000       0.0001      -1.9365
Sella 355 09:37:53     -484.696266       0.0010       0.0000       0.0001      -0.6522
Sella 356 09:37:53     -484.696266       0.0014       0.0000       0.0001       1.4568
Sella 357 09:37:53     -484.696266       0.0006       0.0000       0.0001       0.1896
Sella 358 09:37:53     -484.696266       0.0012       0.0000       0.0001       0.3159
Sella 359 09:37:53     -484.696266       0.0005       0.0000       0.0001       1.7243
Sella 360 09:37:53     -484.696266       0.0004       0.0000       0.0001       0.5284
Sella 361 09:37:53     -484.696266       0.0013       0.0000       0.0001      -0.1232
Sella 362 09:37:53     -484.696266       0.0003       0.0000       0.0001     -16.2099
Sella 363 09:37:53     -484.696266       0.0010       0.0000       0.0001       6.9243
Sella 364 09:37:53     -484.696266       0.0003       0.0000       0.0001    -114.9786
Sella 365 09:37:53     -484.696266       0.0010       0.0000       0.0001      -1.9375
Sella 366 09:37:53     -484.696266       0.0010       0.0000       0.0001      -0.6521
Sella 367 09:37:53     -484.696266       0.0014       0.0000       0.0001       1.4571
Sella 368 09:37:53     -484.696266       0.0006       0.0000       0.0001       0.1907
Sella 369 09:37:53     -484.696266       0.0012       0.0000       0.0001       0.3147
Sella 370 09:37:53     -484.696266       0.0005       0.0000       0.0001       1.7243
Sella 371 09:37:54     -484.696266       0.0004       0.0000       0.0001       0.5303
Sella 372 09:37:54     -484.696266       0.0013       0.0000       0.0001      -0.1242
Sella 373 09:37:54     -484.696266       0.0003       0.0000       0.0001     -16.1951
Sella 374 09:37:54     -484.696266       0.0010       0.0000       0.0001       6.9187
Sella 375 09:37:54     -484.696266       0.0003       0.0000       0.0001    -114.9280
Sella 376 09:37:54     -484.696266       0.0010       0.0000       0.0001      -1.9364
Sella 377 09:37:54     -484.696266       0.0010       0.0000       0.0001      -0.6518
Sella 378 09:37:54     -484.696266       0.0014       0.0000       0.0001       1.4573
Sella 379 09:37:54     -484.696266       0.0006       0.0000       0.0001       0.1913
Sella 380 09:37:54     -484.696266       0.0012       0.0000       0.0001       0.3138
Sella 381 09:37:54     -484.696266       0.0005       0.0000       0.0001       1.7248
Sella 382 09:37:54     -484.696266       0.0004       0.0000       0.0001       0.5319
Sella 383 09:37:54     -484.696266       0.0013       0.0000       0.0001      -0.1251
Sella 384 09:37:54     -484.696266       0.0003       0.0000       0.0001     -16.1818
Sella 385 09:37:54     -484.696266       0.0010       0.0000       0.0001       6.9134
Sella 386 09:37:54     -484.696266       0.0003       0.0000       0.0001    -114.8868
Sella 387 09:37:54     -484.696266       0.0010       0.0000       0.0001      -1.9375
Sella 388 09:37:54     -484.696266       0.0010       0.0000       0.0001      -0.6513
Sella 389 09:37:54     -484.696266       0.0014       0.0000       0.0001       1.4575
Sella 390 09:37:54     -484.696266       0.0006       0.0000       0.0001       0.1918
Sella 391 09:37:54     -484.696266       0.0012       0.0000       0.0001       0.3131
Sella 392 09:37:54     -484.696266       0.0005       0.0000       0.0001       1.7254
Sella 393 09:37:54     -484.696266       0.0004       0.0000       0.0001       0.5335
Sella 394 09:37:54     -484.696266       0.0013       0.0000       0.0001      -0.1259
Sella 395 09:37:54     -484.696266       0.0003       0.0000       0.0001     -16.1684
Sella 396 09:37:54     -484.696266       0.0010       0.0000       0.0001       6.9082
Sella 397 09:37:54     -484.696266       0.0003       0.0000       0.0001    -114.8519
Sella 398 09:37:54     -484.696266       0.0010       0.0000       0.0001      -1.9382
Sella 399 09:37:54     -484.696266       0.0010       0.0000       0.0001      -0.6508
Sella 400 09:37:54     -484.696266       0.0014       0.0000       0.0001       1.4578
Sella 401 09:37:54     -484.696266       0.0006       0.0000       0.0001       0.1920
Sella 402 09:37:54     -484.696266       0.0012       0.0000       0.0001       0.3125
Sella 403 09:37:54     -484.696266       0.0005       0.0000       0.0001       1.7262
Sella 404 09:37:54     -484.696266       0.0004       0.0000       0.0001       0.5349
Sella 405 09:37:54     -484.696266       0.0013       0.0000       0.0001      -0.1267
Sella 406 09:37:54     -484.696266       0.0003       0.0000       0.0001     -16.1548
Sella 407 09:37:54     -484.696266       0.0010       0.0000       0.0001       6.9037
Sella 408 09:37:54     -484.696266       0.0003       0.0000       0.0001    -114.8188
Sella 409 09:37:54     -484.696266       0.0010       0.0000       0.0001      -1.9368
Sella 410 09:37:54     -484.696266       0.0010       0.0000       0.0001      -0.6503
Sella 411 09:37:54     -484.696266       0.0014       0.0000       0.0001       1.4580
Sella 412 09:37:54     -484.696266       0.0006       0.0000       0.0001       0.1921
Sella 413 09:37:54     -484.696266       0.0012       0.0000       0.0001       0.3121
Sella 414 09:37:54     -484.696266       0.0005       0.0000       0.0001       1.7269
Sella 415 09:37:54     -484.696266       0.0004       0.0000       0.0001       0.5361
Sella 416 09:37:54     -484.696266       0.0013       0.0000       0.0001      -0.1274
Sella 417 09:37:54     -484.696266       0.0003       0.0000       0.0001     -16.1423
Sella 418 09:37:54     -484.696266       0.0010       0.0000       0.0001       6.8999
Sella 419 09:37:54     -484.696266       0.0003       0.0000       0.0001    -114.7813
Sella 420 09:37:54     -484.696266       0.0010       0.0000       0.0001      -1.9388
Sella 421 09:37:54     -484.696266       0.0010       0.0000       0.0001      -0.6498
Sella 422 09:37:54     -484.696266       0.0014       0.0000       0.0001       1.4582
Sella 423 09:37:54     -484.696266       0.0006       0.0000       0.0001       0.1920
Sella 424 09:37:54     -484.696266       0.0012       0.0000       0.0001       0.3119
Sella 425 09:37:54     -484.696266       0.0005       0.0000       0.0001       1.7275
Sella 426 09:37:54     -484.696266       0.0004       0.0000       0.0001       0.5370
Sella 427 09:37:54     -484.696266       0.0013       0.0000       0.0001      -0.1279
Sella 428 09:37:54     -484.696266       0.0003       0.0000       0.0001     -16.1300
Sella 429 09:37:54     -484.696266       0.0010       0.0000       0.0001       6.8966
Sella 430 09:37:54     -484.696266       0.0003       0.0000       0.0001    -114.7472
Sella 431 09:37:54     -484.696266       0.0010       0.0000       0.0001      -1.9406
Sella 432 09:37:54     -484.696266       0.0010       0.0000       0.0001      -0.6493
Sella 433 09:37:54     -484.696266       0.0014       0.0000       0.0001       1.4584
Sella 434 09:37:54     -484.696266       0.0006       0.0000       0.0001       0.1917
Sella 435 09:37:54     -484.696266       0.0012       0.0000       0.0001       0.3119
Sella 436 09:37:54     -484.696266       0.0005       0.0000       0.0001       1.7280
Sella 437 09:37:54     -484.696266       0.0004       0.0000       0.0001       0.5377
Sella 438 09:37:54     -484.696266       0.0013       0.0000       0.0001      -0.1284
Sella 439 09:37:54     -484.696266       0.0003       0.0000       0.0001     -16.1184
Sella 440 09:37:54     -484.696266       0.0010       0.0000       0.0001       6.8940
Sella 441 09:37:54     -484.696266       0.0003       0.0000       0.0001    -114.7122
Sella 442 09:37:54     -484.696266       0.0010       0.0000       0.0001      -1.9409
Sella 443 09:37:54     -484.696266       0.0010       0.0000       0.0001      -0.6488
Sella 444 09:37:54     -484.696266       0.0014       0.0000       0.0001       1.4586
Sella 445 09:37:54     -484.696266       0.0006       0.0000       0.0001       0.1913
Sella 446 09:37:54     -484.696266       0.0012       0.0000       0.0001       0.3120
Sella 447 09:37:54     -484.696266       0.0005       0.0000       0.0001       1.7290
Sella 448 09:37:54     -484.696266       0.0004       0.0000       0.0001       0.5383
Sella 449 09:37:54     -484.696266       0.0013       0.0000       0.0001      -0.1288
Sella 450 09:37:54     -484.696266       0.0003       0.0000       0.0001     -16.1056
Sella 451 09:37:54     -484.696266       0.0010       0.0000       0.0001       6.8914
Sella 452 09:37:54     -484.696266       0.0003       0.0000       0.0001    -114.6771
Sella 453 09:37:54     -484.696266       0.0010       0.0000       0.0001      -1.9411
Sella 454 09:37:54     -484.696266       0.0010       0.0000       0.0001      -0.6483
Sella 455 09:37:54     -484.696266       0.0014       0.0000       0.0001       1.4587
Sella 456 09:37:54     -484.696266       0.0006       0.0000       0.0001       0.1906
Sella 457 09:37:54     -484.696266       0.0012       0.0000       0.0001       0.3124
Sella 458 09:37:54     -484.696266       0.0005       0.0000       0.0001       1.7296
Sella 459 09:37:54     -484.696266       0.0004       0.0000       0.0001       0.5386
Sella 460 09:37:54     -484.696266       0.0013       0.0000       0.0001      -0.1290
Sella 461 09:37:54     -484.696266       0.0003       0.0000       0.0001     -16.0951
Sella 462 09:37:54     -484.696266       0.0010       0.0000       0.0001       6.8901
Sella 463 09:37:54     -484.696266       0.0003       0.0000       0.0001    -114.6424
Sella 464 09:37:54     -484.696266       0.0010       0.0000       0.0001      -1.9408
Sella 465 09:37:54     -484.696266       0.0010       0.0000       0.0001      -0.6478
Sella 466 09:37:54     -484.696266       0.0014       0.0000       0.0001       1.4589
Sella 467 09:37:54     -484.696266       0.0006       0.0000       0.0001       0.1899
Sella 468 09:37:54     -484.696266       0.0012       0.0000       0.0001       0.3129
Sella 469 09:37:54     -484.696266       0.0005       0.0000       0.0001       1.7303
Sella 470 09:37:54     -484.696266       0.0004       0.0000       0.0001       0.5387
Sella 471 09:37:54     -484.696266       0.0013       0.0000       0.0001      -0.1292
Sella 472 09:37:54     -484.696266       0.0003       0.0000       0.0001     -16.0843
Sella 473 09:37:54     -484.696266       0.0010       0.0000       0.0001       6.8893
Sella 474 09:37:54     -484.696266       0.0003       0.0000       0.0001    -114.6070
Sella 475 09:37:54     -484.696266       0.0010       0.0000       0.0001      -1.9430
Sella 476 09:37:54     -484.696266       0.0010       0.0000       0.0001      -0.6473
Sella 477 09:37:54     -484.696266       0.0014       0.0000       0.0001       1.4590
Sella 478 09:37:54     -484.696266       0.0006       0.0000       0.0001       0.1890
Sella 479 09:37:54     -484.696266       0.0012       0.0000       0.0001       0.3135
Sella 480 09:37:54     -484.696266       0.0005       0.0000       0.0001       1.7308
Sella 481 09:37:54     -484.696266       0.0004       0.0000       0.0001       0.5386
Sella 482 09:37:54     -484.696266       0.0013       0.0000       0.0001      -0.1292
Sella 483 09:37:54     -484.696266       0.0003       0.0000       0.0001     -16.0747
Sella 484 09:37:54     -484.696266       0.0010       0.0000       0.0001       6.8889
Sella 485 09:37:54     -484.696266       0.0003       0.0000       0.0001    -114.5761
Sella 486 09:37:54     -484.696266       0.0010       0.0000       0.0001      -1.9431
Sella 487 09:37:54     -484.696266       0.0010       0.0000       0.0001      -0.6469
Sella 488 09:37:54     -484.696266       0.0014       0.0000       0.0001       1.4591
Sella 489 09:37:54     -484.696266       0.0006       0.0000       0.0001       0.1881
Sella 490 09:37:54     -484.696266       0.0012       0.0000       0.0001       0.3142
Sella 491 09:37:54     -484.696266       0.0005       0.0000       0.0001       1.7318
Sella 492 09:37:54     -484.696266       0.0004       0.0000       0.0001       0.5384
Sella 493 09:37:54     -484.696266       0.0013       0.0000       0.0001      -0.1292
Sella 494 09:37:54     -484.696266       0.0003       0.0000       0.0001     -16.0659
Sella 495 09:37:54     -484.696266       0.0010       0.0000       0.0001       6.8889
Sella 496 09:37:54     -484.696266       0.0003       0.0000       0.0001    -114.5397
Sella 497 09:37:54     -484.696266       0.0010       0.0000       0.0001      -1.9451
Sella 498 09:37:54     -484.696266       0.0010       0.0000       0.0001      -0.6464
Sella 499 09:37:54     -484.696266       0.0014       0.0000       0.0001       1.4591
Sella 500 09:37:54     -484.696266       0.0006       0.0000       0.0001       0.1870
