     Step     Time          Energy         fmax         cmax       rtrust          rho
Sella   0 09:48:39     -484.755542       0.4611       0.0000       0.1000       1.0000
Sella   1 09:48:39     -484.834411       0.4611       0.0000       0.1000       0.8687
Sella   2 09:48:39     -484.864552       0.2695       0.0000       0.1000       0.8841
Sella   3 09:48:39     -484.845174       0.3300       0.0000       0.0650       7.1633
Sella   4 09:48:39     -484.829350       0.4136       0.0000       0.0650       1.6647
Sella   5 09:48:39     -484.839852       0.6958       0.0000       0.0650       0.6595
Sella   6 09:48:39     -484.873716       0.2287       0.0000       0.0747       1.0088
Sella   7 09:48:39     -484.903402       0.1325       0.0000       0.0860       0.9987
Sella   8 09:48:39     -484.924055       0.1048       0.0000       0.0989       1.0114
Sella   9 09:48:39     -484.924834       0.1683       0.0000       0.0989       0.4165
Sella  10 09:48:39     -484.921864       0.3509       0.0000       0.0989       1.2676
Sella  11 09:48:39     -484.939337       0.1106       0.0000       0.0989       1.0420
Sella  12 09:48:39     -484.946404       0.0864       0.0000       0.0989       0.8925
Sella  13 09:48:39     -484.955208       0.2211       0.0000       0.0989       0.8128
Sella  14 09:48:39     -484.962229       0.0891       0.0000       0.0989       2.0930
Sella  15 09:48:39     -484.969263       0.0703       0.0000       0.0989       0.5957
Sella  16 09:48:39     -484.969942       0.3781       0.0000       0.0989       0.5113
Sella  17 09:48:39     -484.976136       0.3655       0.0000       0.0989       1.0781
Sella  18 09:48:39     -484.978854       0.1149       0.0000       0.0989       1.4433
Sella  19 09:48:39     -484.980757       0.1678       0.0000       0.0989       0.6908
Sella  20 09:48:39     -484.977993       0.2483       0.0000       0.0989       1.1225
Sella  21 09:48:39     -484.974037       0.2050       0.0000       0.0989       1.9224
Sella  22 09:48:39     -484.962896       0.1802       0.0000       0.0989       1.1464
Sella  23 09:48:39     -484.970591       0.2049       0.0000       0.1137       0.9986
Sella  24 09:48:39     -484.975640       0.0622       0.0000       0.1137       1.1763
Sella  25 09:48:39     -484.978256       0.0813       0.0000       0.1137       0.8365
Sella  26 09:48:39     -484.978852       0.0869       0.0000       0.1137       0.4640
Sella  27 09:48:39     -484.980669       0.1167       0.0000       0.1137       0.8678
Sella  28 09:48:39     -484.979380       0.0944       0.0000       0.1137       1.0433
Sella  29 09:48:39     -484.977498       0.1713       0.0000       0.1137       1.1479
Sella  30 09:48:40     -484.974706       0.0850       0.0000       0.1137       2.5396
Sella  31 09:48:40     -484.976410       0.1907       0.0000       0.1137       1.2080
Sella  32 09:48:40     -484.976564       0.0302       0.0000       0.1137       1.2519
Sella  33 09:48:40     -484.975849       0.1089       0.0000       0.1137       0.8165
Sella  34 09:48:40     -484.973378       0.1249       0.0000       0.1307       0.9887
Sella  35 09:48:40     -484.974454       0.1069       0.0000       0.1307       0.5045
Sella  36 09:48:40     -484.971862       0.0949       0.0000       0.0850       8.0299
Sella  37 09:48:40     -484.974281       0.1530       0.0000       0.0850       0.7274
Sella  38 09:48:40     -484.975683       0.1035       0.0000       0.0850       0.7649
Sella  39 09:48:40     -484.976150       0.1183       0.0000       0.0850       0.4745
Sella  40 09:48:40     -484.976440       0.1428       0.0000       0.0850       0.3622
Sella  41 09:48:40     -484.974942       0.1043       0.0000       0.0850       1.6048
Sella  42 09:48:40     -484.976493       0.1278       0.0000       0.0850       0.8988
Sella  43 09:48:40     -484.975967       0.0697       0.0000       0.0552      19.6852
Sella  44 09:48:40     -484.976344       0.1971       0.0000       0.0552       1.1832
Sella  45 09:48:40     -484.976224       0.0604       0.0000       0.0552       0.5735
Sella  46 09:48:40     -484.976466       0.0504       0.0000       0.0552       0.6878
Sella  47 09:48:40     -484.976260       0.0506       0.0000       0.0552       1.4113
Sella  48 09:48:40     -484.975923       0.0813       0.0000       0.0359       6.7357
Sella  49 09:48:40     -484.975582       0.1029       0.0000       0.0359       0.8856
Sella  50 09:48:40     -484.975112       0.0521       0.0000       0.0359       1.1759
Sella  51 09:48:40     -484.974785       0.0557       0.0000       0.0359       0.9379
Sella  52 09:48:40     -484.975240       0.0342       0.0000       0.0359       1.0558
Sella  53 09:48:40     -484.975867       0.0106       0.0000       0.0413       1.0308
Sella  54 09:48:40     -484.976618       0.0189       0.0000       0.0413       0.9191
Sella  55 09:48:40     -484.977180       0.0349       0.0000       0.0413       0.9659
Sella  56 09:48:40     -484.977288       0.0540       0.0000       0.0413       0.6325
Sella  57 09:48:40     -484.978188       0.0467       0.0000       0.0413       0.9596
Sella  58 09:48:40     -484.979011       0.0611       0.0000       0.0413       1.0370
Sella  59 09:48:40     -484.975982       0.0527       0.0000       0.0268      -5.4469
Sella  60 09:48:40     -484.968114       0.2358       0.0000       0.0174      -4.3076
Sella  61 09:48:40     -484.977527       0.8470       0.0000       0.0174       0.9478
Sella  62 09:48:40     -484.979174       0.0972       0.0000       0.0201       1.0102
Sella  63 09:48:40     -484.979679       0.0232       0.0000       0.0231       1.0053
Sella  64 09:48:40     -484.980240       0.0152       0.0000       0.0265       0.9870
Sella  65 09:48:40     -484.980090       0.0209       0.0000       0.0172      -0.2223
Sella  66 09:48:40     -484.981007       0.1050       0.0000       0.0172       0.9547
Sella  67 09:48:40     -484.981264       0.0262       0.0000       0.0172       1.0354
Sella  68 09:48:40     -484.981553       0.0184       0.0000       0.0172       0.8538
Sella  69 09:48:40     -484.981987       0.0162       0.0000       0.0198       0.9729
Sella  70 09:48:40     -484.982458       0.0129       0.0000       0.0228       1.0042
Sella  71 09:48:40     -484.982579       0.0244       0.0000       0.0228       0.5542
Sella  72 09:48:40     -484.982783       0.0392       0.0000       0.0228       0.9508
Sella  73 09:48:40     -484.982973       0.0311       0.0000       0.0228       1.1695
Sella  74 09:48:40     -484.983355       0.0189       0.0000       0.0262       1.0098
Sella  75 09:48:40     -484.983708       0.0107       0.0000       0.0262       0.9285
Sella  76 09:48:40     -484.984136       0.0185       0.0000       0.0262       0.9329
Sella  77 09:48:40     -484.984370       0.0202       0.0000       0.0262       0.9355
Sella  78 09:48:40     -484.984418       0.0239       0.0000       0.0262       0.9495
Sella  79 09:48:40     -484.984406       0.0212       0.0000       0.0262       0.7889
Sella  80 09:48:40     -484.983064       0.0281       0.0000       0.0170      -5.3200
Sella  81 09:48:40     -484.984083       0.1347       0.0000       0.0170       0.7745
Sella  82 09:48:40     -484.984120       0.0644       0.0000       0.0111      62.7250
Sella  83 09:48:40     -484.984125       0.0202       0.0000       0.0111       0.9661
Sella  84 09:48:40     -484.984121       0.0097       0.0000       0.0072      -2.4620
Sella  85 09:48:40     -484.984079       0.0079       0.0000       0.0083       0.9980
Sella  86 09:48:40     -484.984021       0.0058       0.0000       0.0095       0.9987
Sella  87 09:48:40     -484.983939       0.0033       0.0000       0.0095       1.0508
Sella  88 09:48:40     -484.983870       0.0084       0.0000       0.0095       1.0559
Sella  89 09:48:40     -484.983779       0.0068       0.0000       0.0110       0.9867
Sella  90 09:48:40     -484.983801       0.0069       0.0000       0.0110       0.8547
Sella  91 09:48:41     -484.983765       0.0072       0.0000       0.0110       1.0953
Sella  92 09:48:41     -484.983847       0.0088       0.0000       0.0126       1.0018
Sella  93 09:48:41     -484.983897       0.0034       0.0000       0.0145       0.9845
Sella  94 09:48:41     -484.983892       0.0041       0.0000       0.0145       1.1823
Sella  95 09:48:41     -484.983908       0.0073       0.0000       0.0167       1.0063
Sella  96 09:48:41     -484.983996       0.0049       0.0000       0.0192       1.0172
Sella  97 09:48:41     -484.983946       0.0043       0.0000       0.0192       1.0589
Sella  98 09:48:41     -484.983802       0.0069       0.0000       0.0220       0.9993
Sella  99 09:48:41     -484.983669       0.0048       0.0000       0.0253       0.9814
Sella 100 09:48:41     -484.983728       0.0092       0.0000       0.0253       1.0885
Sella 101 09:48:41     -484.983489       0.0048       0.0000       0.0253       1.0888
Sella 102 09:48:41     -484.983448       0.0210       0.0000       0.0291       1.0000
Sella 103 09:48:41     -484.983385       0.0071       0.0000       0.0335       1.0129
Sella 104 09:48:41     -484.983766       0.0105       0.0000       0.0385       1.0275
Sella 105 09:48:41     -484.983630       0.0051       0.0000       0.0385       2.0958
Sella 106 09:48:41     -484.983338       0.0393       0.0000       0.0443       1.0063
Sella 107 09:48:41     -484.982834       0.0158       0.0000       0.0443       1.0667
Sella 108 09:48:41     -484.982936       0.0415       0.0000       0.0443       0.4740
Sella 109 09:48:41     -484.983012       0.0583       0.0000       0.0443       0.5476
Sella 110 09:48:41     -484.982670       0.0288       0.0000       0.0443       1.1994
Sella 111 09:48:41     -484.982849       0.0659       0.0000       0.0443       0.8411
Sella 112 09:48:41     -484.982998       0.0080       0.0000       0.0510       1.0227
Sella 113 09:48:41     -484.982940       0.0255       0.0000       0.0510       1.4855
Sella 114 09:48:41     -484.982307       0.0200       0.0000       0.0510       1.1051
Sella 115 09:48:41     -484.982701       0.0493       0.0000       0.0586       0.9834
Sella 116 09:48:41     -484.983067       0.0303       0.0000       0.0586       1.0584
Sella 117 09:48:41     -484.983330       0.0507       0.0000       0.0586       0.7357
Sella 118 09:48:41     -484.983017       0.0278       0.0000       0.0586       1.5890
Sella 119 09:48:41     -484.982828       0.0467       0.0000       0.0586       1.4493
Sella 120 09:48:41     -484.982330       0.0478       0.0000       0.0586       1.1155
Sella 121 09:48:41     -484.982217       0.0635       0.0000       0.0586       1.1797
Sella 122 09:48:41     -484.981692       0.0214       0.0000       0.0586       1.1578
Sella 123 09:48:41     -484.981692       0.0520       0.0000       0.0381       0.0095
Sella 124 09:48:41     -484.981858       0.0456       0.0000       0.0381       0.6068
Sella 125 09:48:41     -484.981938       0.0270       0.0000       0.0381       0.3382
Sella 126 09:48:41     -484.981858       0.0208       0.0000       0.0381       2.0043
Sella 127 09:48:41     -484.981673       0.0188       0.0000       0.0438       1.0113
Sella 128 09:48:41     -484.981758       0.0192       0.0000       0.0438       0.5182
Sella 129 09:48:41     -484.981652       0.0426       0.0000       0.0438       1.7988
Sella 130 09:48:41     -484.981823       0.0145       0.0000       0.0438       0.5161
Sella 131 09:48:42     -484.981782       0.0413       0.0000       0.0285      -2.1194
Sella 132 09:48:42     -484.981887       0.0492       0.0000       0.0285       0.7329
Sella 133 09:48:42     -484.981809       0.0410       0.0000       0.0285       1.4182
Sella 134 09:48:42     -484.981649       0.0199       0.0000       0.0327       0.9822
Sella 135 09:48:42     -484.981812       0.0216       0.0000       0.0327       0.9422
Sella 136 09:48:42     -484.982013       0.0097       0.0000       0.0327       0.8541
Sella 137 09:48:42     -484.982123       0.0468       0.0000       0.0327       1.2527
Sella 138 09:48:42     -484.982226       0.0387       0.0000       0.0327       0.7998
Sella 139 09:48:42     -484.982203       0.0203       0.0000       0.0327       2.4370
Sella 140 09:48:42     -484.982093       0.0239       0.0000       0.0327       1.2462
Sella 141 09:48:42     -484.982067       0.0159       0.0000       0.0327       1.4464
Sella 142 09:48:42     -484.982158       0.0143       0.0000       0.0327       0.9000
Sella 143 09:48:42     -484.982036       0.0096       0.0000       0.0327       1.3316
Sella 144 09:48:42     -484.982152       0.0298       0.0000       0.0327       0.9034
Sella 145 09:48:42     -484.982144       0.0241       0.0000       0.0327       0.4347
Sella 146 09:48:42     -484.982025       0.0129       0.0000       0.0327       1.1655
Sella 147 09:48:42     -484.981773       0.0154       0.0000       0.0327       1.0482
Sella 148 09:48:42     -484.981855       0.0273       0.0000       0.0327       0.5324
Sella 149 09:48:42     -484.981737       0.0218       0.0000       0.0327       1.2408
Sella 150 09:48:42     -484.981885       0.0263       0.0000       0.0327       0.8837
Sella 151 09:48:42     -484.981877       0.0190       0.0000       0.0327       0.4739
Sella 152 09:48:42     -484.981760       0.0189       0.0000       0.0377       0.9983
Sella 153 09:48:42     -484.981747       0.0211       0.0000       0.0245     -40.2783
Sella 154 09:48:42     -484.981715       0.0267       0.0000       0.0245       0.7714
Sella 155 09:48:42     -484.981760       0.0324       0.0000       0.0245       1.0853
Sella 156 09:48:42     -484.981787       0.0141       0.0000       0.0245       1.5660
Sella 157 09:48:42     -484.981692       0.0101       0.0000       0.0245       1.0828
Sella 158 09:48:42     -484.981684       0.0130       0.0000       0.0159      -0.0912
Sella 159 09:48:42     -484.981756       0.0372       0.0000       0.0183       0.9785
Sella 160 09:48:42     -484.981790       0.0105       0.0000       0.0183       1.0680
Sella 161 09:48:42     -484.981809       0.0088       0.0000       0.0183       1.0742
Sella 162 09:48:42     -484.981847       0.0068       0.0000       0.0210       0.9675
Sella 163 09:48:42     -484.981875       0.0059       0.0000       0.0210       1.0477
Sella 164 09:48:42     -484.981869       0.0075       0.0000       0.0210       0.6183
Sella 165 09:48:42     -484.981889       0.0133       0.0000       0.0242       1.0114
Sella 166 09:48:42     -484.981915       0.0052       0.0000       0.0242       0.8058
Sella 167 09:48:42     -484.981931       0.0097       0.0000       0.0242       0.8356
Sella 168 09:48:42     -484.981917       0.0163       0.0000       0.0157      -0.3977
Sella 169 09:48:42     -484.981958       0.0271       0.0000       0.0157       1.1038
Sella 170 09:48:42     -484.981975       0.0044       0.0000       0.0157       0.9108
Sella 171 09:48:42     -484.981989       0.0136       0.0000       0.0157       1.1022
Sella 172 09:48:42     -484.981946       0.0188       0.0000       0.0157       1.8319
Sella 173 09:48:42     -484.981918       0.0143       0.0000       0.0157       1.4917
Sella 174 09:48:42     -484.981876       0.0101       0.0000       0.0181       0.9806
Sella 175 09:48:42     -484.981863       0.0108       0.0000       0.0181       0.7349
Sella 176 09:48:43     -484.974796       0.0186       0.0000       0.0118      23.4255
Sella 177 09:48:43     -484.979718       0.3451       0.0000       0.0135       1.0029
Sella 178 09:48:43     -484.981803       0.1854       0.0000       0.0135       0.9330
Sella 179 09:48:43     -484.981816       0.0220       0.0000       0.0135       0.2959
Sella 180 09:48:43     -484.981775       0.0181       0.0000       0.0156       1.0344
Sella 181 09:48:43     -484.981715       0.0084       0.0000       0.0156       1.0633
Sella 182 09:48:43     -484.981726       0.0073       0.0000       0.0156       0.8534
Sella 183 09:48:43     -484.981715       0.0026       0.0000       0.0156       1.1392
Sella 184 09:48:43     -484.981676       0.0066       0.0000       0.0179       0.9995
Sella 185 09:48:43     -484.981634       0.0056       0.0000       0.0179       1.0964
Sella 186 09:48:43     -484.981637       0.0080       0.0000       0.0116       0.0516
Sella 187 09:48:43     -484.981682       0.0257       0.0000       0.0116       1.0440
Sella 188 09:48:43     -484.981707       0.0061       0.0000       0.0134       1.0170
Sella 189 09:48:43     -484.981724       0.0061       0.0000       0.0134       1.0767
Sella 190 09:48:43     -484.981752       0.0060       0.0000       0.0134       1.0481
Sella 191 09:48:43     -484.981784       0.0048       0.0000       0.0154       1.0045
Sella 192 09:48:43     -484.981828       0.0021       0.0000       0.0177       1.0030
Sella 193 09:48:43     -484.981869       0.0031       0.0000       0.0203       1.0042
Sella 194 09:48:43     -484.981930       0.0026       0.0000       0.0234       0.9911
Sella 195 09:48:43     -484.981972       0.0040       0.0000       0.0269       0.9784
Sella 196 09:48:43     -484.981998       0.0109       0.0000       0.0269       0.9621
Sella 197 09:48:43     -484.982007       0.0125       0.0000       0.0269       0.7732
Sella 198 09:48:43     -484.981969       0.0187       0.0000       0.0269       0.9238
Sella 199 09:48:43     -484.981959       0.0254       0.0000       0.0169      -0.7042
Sella 200 09:48:43     -484.981926       0.0156       0.0000       0.0169       1.0962
Sella 201 09:48:43     -484.981938       0.0109       0.0000       0.0169       1.1720
Sella 202 09:48:43     -484.981959       0.0096       0.0000       0.0169       0.8233
Sella 203 09:48:43     -484.981978       0.0088       0.0000       0.0194       1.0186
Sella 204 09:48:43     -484.981993       0.0063       0.0000       0.0194       0.7721
Sella 205 09:48:43     -484.982022       0.0138       0.0000       0.0194       0.9446
Sella 206 09:48:43     -484.982044       0.0132       0.0000       0.0194       0.9497
Sella 207 09:48:43     -484.982062       0.0136       0.0000       0.0194       1.9924
Sella 208 09:48:43     -484.982112       0.0124       0.0000       0.0194       0.9442
Sella 209 09:48:43     -484.982159       0.0103       0.0000       0.0194       0.9228
Sella 210 09:48:43     -484.982219       0.0100       0.0000       0.0194       1.0551
Sella 211 09:48:43     -484.982062       0.0104       0.0000       0.0126      -5.3114
Sella 212 09:48:43     -484.982236       0.0522       0.0000       0.0126       0.7743
Sella 213 09:48:43     -484.982254       0.0353       0.0000       0.0126       0.5434
Sella 214 09:48:43     -484.982259       0.0129       0.0000       0.0126       0.2410
Sella 215 09:48:43     -484.982253       0.0110       0.0000       0.0126       1.1446
Sella 216 09:48:43     -484.982231       0.0098       0.0000       0.0126       1.3087
Sella 217 09:48:43     -484.982225       0.0136       0.0000       0.0126       0.9598
Sella 218 09:48:43     -484.982215       0.0068       0.0000       0.0126       0.8534
Sella 219 09:48:43     -484.982209       0.0068       0.0000       0.0126       0.8503
Sella 220 09:48:43     -484.982213       0.0048       0.0000       0.0126       0.9435
Sella 221 09:48:43     -484.982213       0.0046       0.0000       0.0082       0.0308
Sella 222 09:48:43     -484.982219       0.0058       0.0000       0.0082       0.8912
Sella 223 09:48:43     -484.982226       0.0030       0.0000       0.0094       0.9845
Sella 224 09:48:43     -484.982235       0.0021       0.0000       0.0108       1.0245
Sella 225 09:48:43     -484.982257       0.0035       0.0000       0.0108       0.8992
Sella 226 09:48:43     -484.982279       0.0051       0.0000       0.0108       0.9181
Sella 227 09:48:43     -484.982290       0.0063       0.0000       0.0108       0.6262
Sella 228 09:48:43     -484.982318       0.0091       0.0000       0.0108       1.0707
Sella 229 09:48:43     -484.982345       0.0042       0.0000       0.0108       1.0681
Sella 230 09:48:43     -484.982370       0.0032       0.0000       0.0125       0.9924
Sella 231 09:48:43     -484.982399       0.0033       0.0000       0.0143       1.0011
Sella 232 09:48:43     -484.982430       0.0034       0.0000       0.0165       0.9935
Sella 233 09:48:43     -484.982457       0.0058       0.0000       0.0165       0.8248
Sella 234 09:48:43     -484.982479       0.0155       0.0000       0.0165       0.8301
Sella 235 09:48:43     -484.982487       0.0154       0.0000       0.0165       2.7683
Sella 236 09:48:43     -484.982339       0.0153       0.0000       0.0107       9.2958
Sella 237 09:48:43     -484.982423       0.0543       0.0000       0.0107       0.7148
Sella 238 09:48:43     -484.982411       0.0299       0.0000       0.0107       0.8987
Sella 239 09:48:43     -484.982393       0.0078       0.0000       0.0123       1.0014
Sella 240 09:48:43     -484.982372       0.0035       0.0000       0.0123       1.0549
Sella 241 09:48:43     -484.982350       0.0043       0.0000       0.0123       1.1008
Sella 242 09:48:43     -484.982367       0.0073       0.0000       0.0123       0.7281
Sella 243 09:48:44     -484.982394       0.0196       0.0000       0.0142       1.0129
Sella 244 09:48:44     -484.982425       0.0091       0.0000       0.0142       1.1037
Sella 245 09:48:44     -484.982446       0.0096       0.0000       0.0142       0.8266
Sella 246 09:48:44     -484.982466       0.0074       0.0000       0.0142       1.1173
Sella 247 09:48:44     -484.982498       0.0030       0.0000       0.0163       0.9976
Sella 248 09:48:44     -484.982518       0.0036       0.0000       0.0187       1.0102
Sella 249 09:48:44     -484.982535       0.0072       0.0000       0.0187       1.0452
Sella 250 09:48:44     -484.982562       0.0109       0.0000       0.0187       1.2208
Sella 251 09:48:44     -484.982602       0.0082       0.0000       0.0187       0.8438
Sella 252 09:48:44     -484.982637       0.0114       0.0000       0.0187       1.1121
Sella 253 09:48:44     -484.982485       0.0088       0.0000       0.0122      -9.0840
Sella 254 09:48:44     -484.982620       0.0418       0.0000       0.0140       0.9735
Sella 255 09:48:44     -484.982606       0.0160       0.0000       0.0140       1.1100
Sella 256 09:48:44     -484.982588       0.0029       0.0000       0.0140       1.0848
Sella 257 09:48:44     -484.982559       0.0033       0.0000       0.0140       1.0904
Sella 258 09:48:44     -484.982522       0.0043       0.0000       0.0140       1.0773
Sella 259 09:48:44     -484.982495       0.0077       0.0000       0.0140       0.9543
Sella 260 09:48:44     -484.982515       0.0053       0.0000       0.0140       1.1043
Sella 261 09:48:44     -484.982543       0.0031       0.0000       0.0140       1.0421
Sella 262 09:48:44     -484.982563       0.0021       0.0000       0.0140       0.9574
Sella 263 09:48:44     -484.982585       0.0038       0.0000       0.0161       1.0252
Sella 264 09:48:44     -484.982622       0.0030       0.0000       0.0185       0.9969
Sella 265 09:48:44     -484.982662       0.0043       0.0000       0.0213       0.9730
Sella 266 09:48:44     -484.982684       0.0083       0.0000       0.0213       0.8233
Sella 267 09:48:44     -484.982683       0.0176       0.0000       0.0138      -0.3382
Sella 268 09:48:44     -484.982670       0.0248       0.0000       0.0138       0.6654
Sella 269 09:48:44     -484.982657       0.0152       0.0000       0.0138       1.2041
Sella 270 09:48:44     -484.982644       0.0061       0.0000       0.0138       0.8784
Sella 271 09:48:44     -484.982638       0.0038       0.0000       0.0138       1.8039
Sella 272 09:48:44     -484.982658       0.0077       0.0000       0.0159       0.9989
Sella 273 09:48:44     -484.982677       0.0072       0.0000       0.0183       1.0164
Sella 274 09:48:44     -484.982692       0.0102       0.0000       0.0183       1.0457
Sella 275 09:48:44     -484.982724       0.0136       0.0000       0.0183       1.1063
Sella 276 09:48:44     -484.982326       0.0096       0.0000       0.0119      77.0206
Sella 277 09:48:44     -484.982763       0.0917       0.0000       0.0137       0.9692
Sella 278 09:48:44     -484.982786       0.0192       0.0000       0.0137       1.2225
Sella 279 09:48:44     -484.982812       0.0087       0.0000       0.0137       0.7420
Sella 280 09:48:44     -484.982854       0.0118       0.0000       0.0157       1.0153
Sella 281 09:48:44     -484.982886       0.0087       0.0000       0.0181       0.9771
Sella 282 09:48:44     -484.982909       0.0082       0.0000       0.0208       0.9793
Sella 283 09:48:44     -484.982873       0.0115       0.0000       0.0208       3.7216
Sella 284 09:48:44     -484.982842       0.0449       0.0000       0.0208       2.4358
Sella 285 09:48:44     -484.982809       0.0331       0.0000       0.0208       1.2651
Sella 286 09:48:44     -484.982803       0.0138       0.0000       0.0135      15.8286
Sella 287 09:48:44     -484.982790       0.0076       0.0000       0.0135       0.8063
Sella 288 09:48:44     -484.982764       0.0077       0.0000       0.0135       0.8266
Sella 289 09:48:44     -484.982744       0.0046       0.0000       0.0135       1.2665
Sella 290 09:48:44     -484.982662       0.0091       0.0000       0.0088      -7.5433
Sella 291 09:48:44     -484.982704       0.0324       0.0000       0.0088       0.9494
Sella 292 09:48:44     -484.982701       0.0041       0.0000       0.0088       0.7751
Sella 293 09:48:44     -484.982715       0.0043       0.0000       0.0088       0.9556
Sella 294 09:48:44     -484.982733       0.0021       0.0000       0.0101       0.9924
Sella 295 09:48:44     -484.982745       0.0034       0.0000       0.0101       0.9063
Sella 296 09:48:44     -484.982759       0.0050       0.0000       0.0116       1.0033
Sella 297 09:48:44     -484.982775       0.0038       0.0000       0.0134       1.0257
Sella 298 09:48:44     -484.982798       0.0054       0.0000       0.0134       1.0539
Sella 299 09:48:44     -484.982816       0.0049       0.0000       0.0134       0.5366
Sella 300 09:48:44     -484.982850       0.0175       0.0000       0.0134       1.0728
Sella 301 09:48:44     -484.982879       0.0034       0.0000       0.0154       0.9854
Sella 302 09:48:44     -484.982907       0.0058       0.0000       0.0177       0.9909
Sella 303 09:48:44     -484.982931       0.0114       0.0000       0.0203       0.9972
Sella 304 09:48:44     -484.982937       0.0127       0.0000       0.0203       0.2765
Sella 305 09:48:44     -484.982961       0.0159       0.0000       0.0203       0.9143
Sella 306 09:48:44     -484.982928       0.0169       0.0000       0.0132       7.3264
Sella 307 09:48:44     -484.982919       0.0186       0.0000       0.0132       0.9448
Sella 308 09:48:44     -484.982899       0.0206       0.0000       0.0132       0.7525
Sella 309 09:48:44     -484.982919       0.0063       0.0000       0.0132       1.0616
Sella 310 09:48:44     -484.982895       0.0052       0.0000       0.0132       1.3623
Sella 311 09:48:44     -484.982872       0.0089       0.0000       0.0132       1.3430
Sella 312 09:48:44     -484.982865       0.0100       0.0000       0.0132       1.5109
Sella 313 09:48:44     -484.982871       0.0035       0.0000       0.0132       1.1268
Sella 314 09:48:44     -484.982913       0.0029       0.0000       0.0132       0.7957
Sella 315 09:48:44     -484.982920       0.0091       0.0000       0.0132       0.5789
Sella 316 09:48:44     -484.982920       0.0177       0.0000       0.0132       0.2442
Sella 317 09:48:45     -484.982916       0.0123       0.0000       0.0132       1.7526
Sella 318 09:48:45     -484.982919       0.0062       0.0000       0.0132       0.5587
Sella 319 09:48:45     -484.982917       0.0037       0.0000       0.0132       1.2920
Sella 320 09:48:45     -484.982853       0.0055       0.0000       0.0086      -4.9985
Sella 321 09:48:45     -484.982895       0.0290       0.0000       0.0099       1.0255
Sella 322 09:48:45     -484.982896       0.0051       0.0000       0.0099       1.6516
Sella 323 09:48:45     -484.982886       0.0038       0.0000       0.0064      -2.4981
Sella 324 09:48:45     -484.982892       0.0140       0.0000       0.0064       1.0687
Sella 325 09:48:45     -484.982894       0.0051       0.0000       0.0064       1.6161
Sella 326 09:48:45     -484.982897       0.0039       0.0000       0.0064       0.7920
Sella 327 09:48:45     -484.982902       0.0030       0.0000       0.0074       1.0142
Sella 328 09:48:45     -484.982908       0.0010       0.0000       0.0085       1.0044
Sella 329 09:48:45     -484.982918       0.0022       0.0000       0.0098       1.0110
Sella 330 09:48:45     -484.982937       0.0013       0.0000       0.0112       0.9904
Sella 331 09:48:45     -484.982958       0.0038       0.0000       0.0112       0.9079
Sella 332 09:48:45     -484.982987       0.0052       0.0000       0.0129       0.9823
Sella 333 09:48:45     -484.983015       0.0034       0.0000       0.0149       0.9897
Sella 334 09:48:45     -484.983030       0.0044       0.0000       0.0171       1.0006
Sella 335 09:48:45     -484.983057       0.0049       0.0000       0.0171       0.9165
Sella 336 09:48:45     -484.983091       0.0102       0.0000       0.0171       1.0694
Sella 337 09:48:45     -484.983115       0.0101       0.0000       0.0171       0.6457
Sella 338 09:48:45     -484.983156       0.0158       0.0000       0.0171       0.9458
Sella 339 09:48:45     -484.983190       0.0055       0.0000       0.0171       0.9237
Sella 340 09:48:45     -484.983213       0.0087       0.0000       0.0171       1.0640
Sella 341 09:48:45     -484.983226       0.0127       0.0000       0.0171       1.1620
Sella 342 09:48:45     -484.983003       0.0103       0.0000       0.0111     -23.1481
Sella 343 09:48:45     -484.983198       0.0636       0.0000       0.0128       1.0166
Sella 344 09:48:45     -484.983208       0.0135       0.0000       0.0128       1.4632
Sella 345 09:48:45     -484.983212       0.0088       0.0000       0.0128       0.4713
Sella 346 09:48:45     -484.983231       0.0169       0.0000       0.0147       1.0316
Sella 347 09:48:45     -484.983224       0.0021       0.0000       0.0147       1.3814
Sella 348 09:48:45     -484.983197       0.0053       0.0000       0.0147       0.9380
Sella 349 09:48:45     -484.983201       0.0100       0.0000       0.0147       0.8712
Sella 350 09:48:45     -484.983196       0.0061       0.0000       0.0147       1.3875
Sella 351 09:48:45     -484.983197       0.0091       0.0000       0.0095       0.0849
Sella 352 09:48:45     -484.983201       0.0087       0.0000       0.0095       1.4604
Sella 353 09:48:45     -484.983205       0.0045       0.0000       0.0095       1.2138
Sella 354 09:48:45     -484.983214       0.0013       0.0000       0.0110       0.9992
Sella 355 09:48:45     -484.983218       0.0025       0.0000       0.0110       0.2125
Sella 356 09:48:45     -484.983242       0.0160       0.0000       0.0110       0.9468
Sella 357 09:48:45     -484.983260       0.0029       0.0000       0.0126       1.0005
Sella 358 09:48:45     -484.983155       0.0035       0.0000       0.0082      -2.9745
Sella 359 09:48:45     -484.983282       0.0394       0.0000       0.0094       1.0175
Sella 360 09:48:45     -484.983297       0.0056       0.0000       0.0094       0.9155
Sella 361 09:48:45     -484.983320       0.0033       0.0000       0.0109       0.9899
Sella 362 09:48:45     -484.983343       0.0035       0.0000       0.0125       1.0235
Sella 363 09:48:45     -484.983371       0.0042       0.0000       0.0144       0.9890
Sella 364 09:48:45     -484.983407       0.0026       0.0000       0.0165       0.9700
Sella 365 09:48:45     -484.983437       0.0045       0.0000       0.0190       0.9891
Sella 366 09:48:45     -484.983362       0.0068       0.0000       0.0190       1.7123
Sella 367 09:48:45     -484.983322       0.0199       0.0000       0.0218       1.0042
Sella 368 09:48:45     -484.983335       0.0096       0.0000       0.0218       1.0906
Sella 369 09:48:45     -484.983340       0.0020       0.0000       0.0218       0.6981
Sella 370 09:48:45     -484.983326       0.0079       0.0000       0.0218       1.9994
Sella 371 09:48:45     -484.983326       0.0058       0.0000       0.0142       0.0751
Sella 372 09:48:45     -484.983280       0.0135       0.0000       0.0142       1.0557
Sella 373 09:48:45     -484.983267       0.0096       0.0000       0.0142       0.7931
Sella 374 09:48:45     -484.983240       0.0057       0.0000       0.0142       1.2438
Sella 375 09:48:45     -484.983213       0.0086       0.0000       0.0142       1.0472
Sella 376 09:48:45     -484.983175       0.0044       0.0000       0.0163       1.0167
Sella 377 09:48:45     -484.983131       0.0060       0.0000       0.0163       1.0666
Sella 378 09:48:45     -484.983040       0.0063       0.0000       0.0163       2.1886
Sella 379 09:48:45     -484.983075       0.0260       0.0000       0.0188       0.9938
Sella 380 09:48:45     -484.983086       0.0069       0.0000       0.0188       1.2138
Sella 381 09:48:45     -484.983096       0.0047       0.0000       0.0188       1.0436
Sella 382 09:48:45     -484.983057       0.0062       0.0000       0.0188       1.0541
Sella 383 09:48:45     -484.983015       0.0075       0.0000       0.0188       1.1107
Sella 384 09:48:46     -484.983043       0.0107       0.0000       0.0216       0.9779
Sella 385 09:48:46     -484.983050       0.0031       0.0000       0.0216       0.5668
Sella 386 09:48:46     -484.983014       0.0053       0.0000       0.0216       1.0728
Sella 387 09:48:46     -484.983047       0.0082       0.0000       0.0248       0.9702
Sella 388 09:48:46     -484.983075       0.0077       0.0000       0.0248       0.9157
Sella 389 09:48:46     -484.983106       0.0124       0.0000       0.0285       0.9967
Sella 390 09:48:46     -484.983125       0.0067       0.0000       0.0285       0.8838
Sella 391 09:48:46     -484.983096       0.0157       0.0000       0.0285       1.2486
Sella 392 09:48:46     -484.983044       0.0174       0.0000       0.0285       1.4593
Sella 393 09:48:46     -484.983050       0.0224       0.0000       0.0285       0.2536
Sella 394 09:48:46     -484.983039       0.0172       0.0000       0.0186      -0.4041
Sella 395 09:48:46     -484.983076       0.0148       0.0000       0.0186       0.8618
Sella 396 09:48:46     -484.983100       0.0129       0.0000       0.0186       1.3371
Sella 397 09:48:46     -484.983122       0.0114       0.0000       0.0186       1.0483
Sella 398 09:48:46     -484.983155       0.0040       0.0000       0.0213       1.0069
Sella 399 09:48:46     -484.983123       0.0028       0.0000       0.0213       1.3570
Sella 400 09:48:46     -484.983064       0.0082       0.0000       0.0213       1.0479
Sella 401 09:48:46     -484.982985       0.0055       0.0000       0.0213       1.0771
Sella 402 09:48:46     -484.982971       0.0097       0.0000       0.0213       0.9022
Sella 403 09:48:46     -484.982986       0.0079       0.0000       0.0213       0.4941
Sella 404 09:48:46     -484.982970       0.0102       0.0000       0.0213       1.1033
Sella 405 09:48:46     -484.982951       0.0080       0.0000       0.0213       0.9644
Sella 406 09:48:46     -484.982939       0.0109       0.0000       0.0213       1.3534
Sella 407 09:48:46     -484.982883       0.0093       0.0000       0.0213       1.6395
Sella 408 09:48:46     -484.982923       0.0147       0.0000       0.0213       0.9163
Sella 409 09:48:46     -484.982953       0.0030       0.0000       0.0213       0.8845
Sella 410 09:48:46     -484.982956       0.0047       0.0000       0.0213       0.3037
Sella 411 09:48:46     -484.982962       0.0051       0.0000       0.0213       0.5876
Sella 412 09:48:47     -484.982944       0.0119       0.0000       0.0213       1.2593
Sella 413 09:48:47     -484.982969       0.0038       0.0000       0.0213       1.1151
Sella 414 09:48:47     -484.982947       0.0043       0.0000       0.0213       1.1477
Sella 415 09:48:47     -484.982921       0.0090       0.0000       0.0213       1.0852
Sella 416 09:48:47     -484.982881       0.0060       0.0000       0.0213       0.9580
Sella 417 09:48:47     -484.982787       0.0043       0.0000       0.0213       1.0585
Sella 418 09:48:47     -484.982815       0.0137       0.0000       0.0213       0.9175
Sella 419 09:48:47     -484.982881       0.0080       0.0000       0.0213       1.0364
Sella 420 09:48:47     -484.982899       0.0146       0.0000       0.0213       1.2772
Sella 421 09:48:47     -484.982912       0.0078       0.0000       0.0213       1.0659
Sella 422 09:48:47     -484.982926       0.0042       0.0000       0.0213       0.7684
Sella 423 09:48:47     -484.982919       0.0110       0.0000       0.0213       1.2153
Sella 424 09:48:47     -484.982883       0.0014       0.0000       0.0213       1.0812
Sella 425 09:48:47     -484.982890       0.0120       0.0000       0.0213       1.1779
Sella 426 09:48:47     -484.982912       0.0113       0.0000       0.0213       1.0426
Sella 427 09:48:47     -484.982945       0.0074       0.0000       0.0213       1.0796
Sella 428 09:48:47     -484.982898       0.0070       0.0000       0.0213       1.0384
Sella 429 09:48:47     -484.982838       0.0056       0.0000       0.0213       0.9630
Sella 430 09:48:47     -484.982859       0.0062       0.0000       0.0245       1.0134
Sella 431 09:48:47     -484.982330       0.0109       0.0000       0.0160     -16.4955
Sella 432 09:48:47     -484.982891       0.1200       0.0000       0.0183       0.9680
Sella 433 09:48:47     -484.982857       0.0025       0.0000       0.0183       3.4978
Sella 434 09:48:47     -484.982869       0.0146       0.0000       0.0211       0.9878
Sella 435 09:48:47     -484.982876       0.0029       0.0000       0.0211       1.8145
Sella 436 09:48:47     -484.982906       0.0066       0.0000       0.0243       0.9858
Sella 437 09:48:47     -484.982938       0.0055       0.0000       0.0243       0.8682
Sella 438 09:48:47     -484.982920       0.0044       0.0000       0.0243       1.0547
Sella 439 09:48:47     -484.982934       0.0082       0.0000       0.0279       1.0143
Sella 440 09:48:47     -484.982954       0.0025       0.0000       0.0279       0.8318
Sella 441 09:48:47     -484.982947       0.0097       0.0000       0.0181      -6.7867
Sella 442 09:48:47     -484.982942       0.0224       0.0000       0.0118      -7.6012
Sella 443 09:48:47     -484.982967       0.0122       0.0000       0.0136       1.0316
Sella 444 09:48:47     -484.982990       0.0016       0.0000       0.0136       1.0554
Sella 445 09:48:47     -484.982962       0.0041       0.0000       0.0136       1.1369
Sella 446 09:48:47     -484.982963       0.0099       0.0000       0.0136       0.5639
Sella 447 09:48:48     -484.982963       0.0052       0.0000       0.0136       0.4766
Sella 448 09:48:48     -484.982973       0.0021       0.0000       0.0156       1.0189
Sella 449 09:48:48     -484.982989       0.0053       0.0000       0.0156       0.4184
Sella 450 09:48:48     -484.983032       0.0249       0.0000       0.0156       0.9173
Sella 451 09:48:48     -484.983064       0.0055       0.0000       0.0179       0.9990
Sella 452 09:48:48     -484.983096       0.0053       0.0000       0.0206       0.9671
Sella 453 09:48:48     -484.983111       0.0083       0.0000       0.0206       0.9366
Sella 454 09:48:48     -484.983083       0.0151       0.0000       0.0206       2.0484
Sella 455 09:48:48     -484.983042       0.0211       0.0000       0.0206       1.0449
Sella 456 09:48:48     -484.983080       0.0247       0.0000       0.0206       0.9436
Sella 457 09:48:48     -484.983095       0.0091       0.0000       0.0206       1.1811
Sella 458 09:48:48     -484.983061       0.0099       0.0000       0.0237       0.9695
Sella 459 09:48:48     -484.983022       0.0028       0.0000       0.0237       1.3677
Sella 460 09:48:48     -484.983054       0.0129       0.0000       0.0237       0.6898
Sella 461 09:48:48     -484.983059       0.0247       0.0000       0.0237       0.7711
Sella 462 09:48:48     -484.983040       0.0054       0.0000       0.0237       1.2376
Sella 463 09:48:48     -484.983004       0.0126       0.0000       0.0237       1.0806
Sella 464 09:48:48     -484.982972       0.0089       0.0000       0.0237       0.8654
Sella 465 09:48:48     -484.982977       0.0145       0.0000       0.0237       0.6575
Sella 466 09:48:48     -484.982960       0.0046       0.0000       0.0237       1.4317
Sella 467 09:48:48     -484.982940       0.0121       0.0000       0.0237       1.5560
Sella 468 09:48:48     -484.982904       0.0126       0.0000       0.0237       0.7693
Sella 469 09:48:48     -484.982857       0.0120       0.0000       0.0237       1.2388
Sella 470 09:48:48     -484.982777       0.0049       0.0000       0.0237       1.2794
Sella 471 09:48:48     -484.982725       0.0236       0.0000       0.0237       2.3643
Sella 472 09:48:48     -484.982691       0.0205       0.0000       0.0237       0.9325
Sella 473 09:48:48     -484.982634       0.0188       0.0000       0.0237       1.2793
Sella 474 09:48:48     -484.982623       0.0172       0.0000       0.0237       2.4540
Sella 475 09:48:48     -484.982650       0.0193       0.0000       0.0237       1.2083
Sella 476 09:48:48     -484.982683       0.0158       0.0000       0.0237       0.7905
Sella 477 09:48:48     -484.982663       0.0310       0.0000       0.0237       1.4821
Sella 478 09:48:48     -484.982621       0.0127       0.0000       0.0237       0.8729
Sella 479 09:48:48     -484.982603       0.0081       0.0000       0.0273       1.0181
Sella 480 09:48:48     -484.982572       0.0164       0.0000       0.0273       0.9285
Sella 481 09:48:48     -484.982684       0.0234       0.0000       0.0273       1.0523
Sella 482 09:48:48     -484.982783       0.0061       0.0000       0.0273       1.0565
Sella 483 09:48:48     -484.982866       0.0118       0.0000       0.0273       0.8619
Sella 484 09:48:48     -484.982840       0.0100       0.0000       0.0273       1.1453
Sella 485 09:48:48     -484.982868       0.0198       0.0000       0.0273       0.9592
Sella 486 09:48:48     -484.982882       0.0066       0.0000       0.0273       0.8932
Sella 487 09:48:48     -484.982909       0.0158       0.0000       0.0273       0.6403
Sella 488 09:48:48     -484.982928       0.0190       0.0000       0.0273       0.7119
Sella 489 09:48:49     -484.982866       0.0165       0.0000       0.0273       1.0798
Sella 490 09:48:49     -484.982850       0.0160       0.0000       0.0273       1.5875
Sella 491 09:48:49     -484.982793       0.0082       0.0000       0.0273       1.2017
Sella 492 09:48:49     -484.982750       0.0198       0.0000       0.0273       3.1319
Sella 493 09:48:49     -484.982676       0.0250       0.0000       0.0314       1.0269
Sella 494 09:48:49     -484.982620       0.0196       0.0000       0.0314       1.9887
Sella 495 09:48:49     -484.982597       0.0163       0.0000       0.0314       1.2743
Sella 496 09:48:49     -484.982551       0.0187       0.0000       0.0314       1.1689
Sella 497 09:48:49     -484.982461       0.0347       0.0000       0.0314       1.3496
Sella 498 09:48:49     -484.982451       0.0351       0.0000       0.0314       2.0706
Sella 499 09:48:49     -484.982372       0.0072       0.0000       0.0314       1.4415
Sella 500 09:48:49     -484.982242       0.0213       0.0000       0.0314       1.3415
