     Step     Time          Energy         fmax         cmax       rtrust          rho
Sella   0 09:48:07     -484.616699       0.6861       0.0000       0.1000       1.0000
Sella   1 09:48:07     -484.661022       0.6861       0.0000       0.1000       1.0526
Sella   2 09:48:07     -484.681493       0.2563       0.0000       0.1000       0.8014
Sella   3 09:48:07     -484.676528       0.4577       0.0000       0.0234      -0.5943
Sella   4 09:48:07     -484.687445       0.6403       0.0000       0.0234       1.3747
Sella   5 09:48:07     -484.687046       0.1754       0.0000       0.0152       0.1316
Sella   6 09:48:07     -484.687693       0.2348       0.0000       0.0152       1.9249
Sella   7 09:48:07     -484.688451       0.0620       0.0000       0.0152       1.6582
Sella   8 09:48:07     -484.690912       0.0674       0.0000       0.0152       0.9039
Sella   9 09:48:07     -484.691826       0.2563       0.0000       0.0152       1.2232
Sella  10 09:48:08     -484.692293       0.0386       0.0000       0.0152       1.6069
Sella  11 09:48:08     -484.693268       0.0394       0.0000       0.0152       1.5615
Sella  12 09:48:08     -484.694558       0.0741       0.0000       0.0152       1.3037
Sella  13 09:48:08     -484.695106       0.0506       0.0000       0.0152       1.2037
Sella  14 09:48:08     -484.695252       0.0256       0.0000       0.0152       1.5143
Sella  15 09:48:08     -484.695423       0.0215       0.0000       0.0152       1.3689
Sella  16 09:48:08     -484.695538       0.0170       0.0000       0.0152       1.4798
Sella  17 09:48:08     -484.695668       0.0186       0.0000       0.0152       1.4368
Sella  18 09:48:08     -484.695783       0.0134       0.0000       0.0152       1.4184
Sella  19 09:48:08     -484.695869       0.0149       0.0000       0.0152       1.3831
Sella  20 09:48:08     -484.695919       0.0127       0.0000       0.0152       1.3772
Sella  21 09:48:08     -484.695950       0.0079       0.0000       0.0152       1.4040
Sella  22 09:48:08     -484.695973       0.0087       0.0000       0.0152       1.4465
Sella  23 09:48:08     -484.695995       0.0079       0.0000       0.0152       1.4541
Sella  24 09:48:08     -484.696017       0.0062       0.0000       0.0152       1.4324
Sella  25 09:48:08     -484.696037       0.0066       0.0000       0.0152       1.4426
Sella  26 09:48:08     -484.696056       0.0078       0.0000       0.0152       1.4965
Sella  27 09:48:08     -484.696083       0.0072       0.0000       0.0152       1.5037
Sella  28 09:48:08     -484.696119       0.0079       0.0000       0.0152       1.4385
Sella  29 09:48:08     -484.696148       0.0082       0.0000       0.0152       1.3987
Sella  30 09:48:08     -484.696170       0.0083       0.0000       0.0152       1.4399
Sella  31 09:48:08     -484.696191       0.0064       0.0000       0.0152       1.4575
Sella  32 09:48:08     -484.696211       0.0083       0.0000       0.0152       1.4139
Sella  33 09:48:08     -484.696225       0.0097       0.0000       0.0152       1.3850
Sella  34 09:48:08     -484.696234       0.0052       0.0000       0.0152       1.4170
Sella  35 09:48:08     -484.696242       0.0054       0.0000       0.0152       1.4489
Sella  36 09:48:08     -484.696249       0.0055       0.0000       0.0152       1.4292
Sella  37 09:48:08     -484.696255       0.0039       0.0000       0.0152       1.4150
Sella  38 09:48:08     -484.696259       0.0035       0.0000       0.0152       1.3875
Sella  39 09:48:08     -484.696261       0.0031       0.0000       0.0152       1.3170
Sella  40 09:48:08     -484.696263       0.0029       0.0000       0.0152       1.3967
Sella  41 09:48:08     -484.696264       0.0017       0.0000       0.0152       1.4775
Sella  42 09:48:08     -484.696265       0.0012       0.0000       0.0152       1.3228
Sella  43 09:48:08     -484.696265       0.0011       0.0000       0.0152       1.4807
Sella  44 09:48:08     -484.696265       0.0010       0.0000       0.0152       1.3422
Sella  45 09:48:08     -484.696265       0.0008       0.0000       0.0152       1.3919
Sella  46 09:48:08     -484.696198       0.0013       0.0000       0.0046     -15.9364
Sella  47 09:48:08     -484.696262       0.0127       0.0000       0.0053       1.0347
Sella  48 09:48:08     -484.696265       0.0030       0.0000       0.0053       1.0310
Sella  49 09:48:08     -484.696266       0.0007       0.0000       0.0053       1.5823
Sella  50 09:48:08     -484.696266       0.0005       0.0000       0.0053       1.1155
Sella  51 09:48:08     -484.696266       0.0006       0.0000       0.0053       1.1124
Sella  52 09:48:08     -484.696266       0.0013       0.0000       0.0053       0.3477
Sella  53 09:48:08     -484.696266       0.0006       0.0000       0.0053       1.7418
Sella  54 09:48:08     -484.696266       0.0004       0.0000       0.0001      -0.2055
Sella  55 09:48:08     -484.696266       0.0011       0.0000       0.0001       0.9635
Sella  56 09:48:08     -484.696266       0.0004       0.0000       0.0001     -14.0798
Sella  57 09:48:08     -484.696266       0.0010       0.0000       0.0001      14.1443
Sella  58 09:48:08     -484.696266       0.0004       0.0000       0.0001       1.8694
Sella  59 09:48:08     -484.696266       0.0003       0.0000       0.0001      -3.6987
Sella  60 09:48:08     -484.696266       0.0010       0.0000       0.0001      27.0988
Sella  61 09:48:08     -484.696266       0.0003       0.0000       0.0001    -158.8899
Sella  62 09:48:08     -484.696266       0.0010       0.0000       0.0001      71.0179
Sella  63 09:48:08     -484.696266       0.0003       0.0000       0.0001       1.8161
Sella  64 09:48:08     -484.696266       0.0003       0.0000       0.0001    -315.7466
Sella  65 09:48:08     -484.696266       0.0010       0.0000       0.0001     526.1291
Sella  66 09:48:08     -484.696266       0.0003       0.0000       0.0001       1.9616
Sella  67 09:48:08     -484.696266       0.0003       0.0000       0.0001    -659.2338
Sella  68 09:48:08     -484.696266       0.0010       0.0000       0.0001      -1.7730
Sella  69 09:48:08     -484.696266       0.0010       0.0000       0.0001      40.2787
Sella  70 09:48:08     -484.696266       0.0003       0.0000       0.0001       1.4187
Sella  71 09:48:08     -484.696266       0.0003       0.0000       0.0001       1.0534
Sella  72 09:48:08     -484.696266       0.0003       0.0000       0.0001    -222.8001
Sella  73 09:48:08     -484.696266       0.0010       0.0000       0.0001      -1.4243
Sella  74 09:48:08     -484.696266       0.0010       0.0000       0.0001       3.2867
Sella  75 09:48:08     -484.696266       0.0004       0.0000       0.0001       1.6633
Sella  76 09:48:08     -484.696266       0.0003       0.0000       0.0001     -11.4106
Sella  77 09:48:08     -484.696266       0.0010       0.0000       0.0001       8.3247
Sella  78 09:48:08     -484.696266       0.0003       0.0000       0.0001       2.0007
Sella  79 09:48:08     -484.696266       0.0003       0.0000       0.0001     -13.9991
Sella  80 09:48:08     -484.696266       0.0010       0.0000       0.0001       4.6743
Sella  81 09:48:08     -484.696266       0.0003       0.0000       0.0001    -116.5934
Sella  82 09:48:08     -484.696266       0.0010       0.0000       0.0001      45.6400
Sella  83 09:48:08     -484.696266       0.0003       0.0000       0.0001       1.9175
Sella  84 09:48:08     -484.696266       0.0003       0.0000       0.0001      -9.7032
Sella  85 09:48:08     -484.696266       0.0011       0.0000       0.0001      -1.4546
Sella  86 09:48:08     -484.696266       0.0010       0.0000       0.0001      -0.5594
Sella  87 09:48:08     -484.696266       0.0010       0.0000       0.0001       1.5333
Sella  88 09:48:08     -484.696266       0.0005       0.0000       0.0001      -0.3490
Sella  89 09:48:08     -484.696266       0.0011       0.0000       0.0001       0.7080
Sella  90 09:48:08     -484.696266       0.0004       0.0000       0.0001       1.7915
Sella  91 09:48:08     -484.696266       0.0004       0.0000       0.0001       0.2969
Sella  92 09:48:08     -484.696266       0.0012       0.0000       0.0001      -1.3484
Sella  93 09:48:08     -484.696266       0.0010       0.0000       0.0001      -0.6098
Sella  94 09:48:08     -484.696266       0.0014       0.0000       0.0001       1.4481
Sella  95 09:48:08     -484.696266       0.0006       0.0000       0.0001       0.0051
Sella  96 09:48:08     -484.696266       0.0012       0.0000       0.0001       0.4757
Sella  97 09:48:08     -484.696266       0.0005       0.0000       0.0001       1.7492
Sella  98 09:48:08     -484.696266       0.0004       0.0000       0.0001       0.3976
Sella  99 09:48:08     -484.696266       0.0013       0.0000       0.0001      -0.0468
Sella 100 09:48:08     -484.696266       0.0003       0.0000       0.0001     -17.2146
Sella 101 09:48:08     -484.696266       0.0010       0.0000       0.0001       7.5758
Sella 102 09:48:08     -484.696266       0.0003       0.0000       0.0001       1.6927
Sella 103 09:48:08     -484.696266       0.0003       0.0000       0.0001      -1.8974
Sella 104 09:48:08     -484.696266       0.0014       0.0000       0.0001      -0.0570
Sella 105 09:48:08     -484.696266       0.0012       0.0000       0.0001      -0.8067
Sella 106 09:48:08     -484.696266       0.0013       0.0000       0.0001       1.5287
Sella 107 09:48:08     -484.696266       0.0006       0.0000       0.0001      -0.2818
Sella 108 09:48:08     -484.696266       0.0013       0.0000       0.0001       0.6429
Sella 109 09:48:08     -484.696266       0.0004       0.0000       0.0001       1.8421
Sella 110 09:48:08     -484.696266       0.0003       0.0000       0.0001      -0.7406
Sella 111 09:48:08     -484.696266       0.0013       0.0000       0.0001       0.3822
Sella 112 09:48:08     -484.696266       0.0003       0.0000       0.0001     -32.5740
Sella 113 09:48:08     -484.696266       0.0011       0.0000       0.0001      -1.7849
Sella 114 09:48:08     -484.696266       0.0010       0.0000       0.0001      -0.7297
Sella 115 09:48:08     -484.696266       0.0015       0.0000       0.0001       1.5005
Sella 116 09:48:08     -484.696266       0.0007       0.0000       0.0001       0.5696
Sella 117 09:48:08     -484.696266       0.0013       0.0000       0.0001      -0.0010
Sella 118 09:48:08     -484.696266       0.0005       0.0000       0.0001       1.6611
Sella 119 09:48:08     -484.696266       0.0003       0.0000       0.0001       0.2399
Sella 120 09:48:08     -484.696266       0.0013       0.0000       0.0001      -1.2973
Sella 121 09:48:08     -484.696266       0.0010       0.0000       0.0001      -0.5981
Sella 122 09:48:08     -484.696266       0.0014       0.0000       0.0001       1.5551
Sella 123 09:48:08     -484.696266       0.0007       0.0000       0.0001       0.6300
Sella 124 09:48:08     -484.696266       0.0014       0.0000       0.0001      -0.0785
Sella 125 09:48:08     -484.696266       0.0004       0.0000       0.0001       1.8173
Sella 126 09:48:08     -484.696266       0.0003       0.0000       0.0001       0.6463
Sella 127 09:48:08     -484.696266       0.0014       0.0000       0.0001      -1.2545
Sella 128 09:48:08     -484.696266       0.0011       0.0000       0.0001      -0.5019
Sella 129 09:48:08     -484.696266       0.0013       0.0000       0.0001       1.5860
Sella 130 09:48:08     -484.696266       0.0007       0.0000       0.0001       0.6432
Sella 131 09:48:08     -484.696266       0.0014       0.0000       0.0001      -0.0921
Sella 132 09:48:08     -484.696266       0.0004       0.0000       0.0001       1.8058
Sella 133 09:48:08     -484.696266       0.0003       0.0000       0.0001       0.8322
Sella 134 09:48:08     -484.696266       0.0014       0.0000       0.0001      -1.2481
Sella 135 09:48:08     -484.696266       0.0011       0.0000       0.0001      -0.4483
Sella 136 09:48:08     -484.696266       0.0012       0.0000       0.0001       1.5972
Sella 137 09:48:08     -484.696266       0.0007       0.0000       0.0001       0.6450
Sella 138 09:48:08     -484.696266       0.0014       0.0000       0.0001      -0.0975
Sella 139 09:48:08     -484.696266       0.0004       0.0000       0.0001       1.8070
Sella 140 09:48:08     -484.696266       0.0003       0.0000       0.0001       0.9747
Sella 141 09:48:08     -484.696266       0.0014       0.0000       0.0001      -1.2424
Sella 142 09:48:08     -484.696266       0.0011       0.0000       0.0001      -0.4191
Sella 143 09:48:08     -484.696266       0.0012       0.0000       0.0001       1.6035
Sella 144 09:48:08     -484.696266       0.0006       0.0000       0.0001       0.6435
Sella 145 09:48:08     -484.696266       0.0014       0.0000       0.0001      -0.0987
Sella 146 09:48:08     -484.696266       0.0004       0.0000       0.0001       1.8080
Sella 147 09:48:08     -484.696266       0.0003       0.0000       0.0001       1.0732
Sella 148 09:48:08     -484.696266       0.0014       0.0000       0.0001      -1.2395
Sella 149 09:48:08     -484.696266       0.0011       0.0000       0.0001      -0.4041
Sella 150 09:48:08     -484.696266       0.0011       0.0000       0.0001       1.6068
Sella 151 09:48:08     -484.696266       0.0006       0.0000       0.0001       0.6402
Sella 152 09:48:08     -484.696266       0.0014       0.0000       0.0001      -0.0975
Sella 153 09:48:08     -484.696266       0.0004       0.0000       0.0001       1.8086
Sella 154 09:48:08     -484.696266       0.0003       0.0000       0.0001       1.1404
Sella 155 09:48:08     -484.696266       0.0014       0.0000       0.0001      -1.2386
Sella 156 09:48:08     -484.696266       0.0011       0.0000       0.0001      -0.3977
Sella 157 09:48:08     -484.696266       0.0011       0.0000       0.0001       1.6080
Sella 158 09:48:08     -484.696266       0.0006       0.0000       0.0001       0.6354
Sella 159 09:48:08     -484.696266       0.0013       0.0000       0.0001      -0.0947
Sella 160 09:48:08     -484.696266       0.0004       0.0000       0.0001       1.8097
Sella 161 09:48:08     -484.696266       0.0003       0.0000       0.0001       1.1860
Sella 162 09:48:08     -484.696266       0.0014       0.0000       0.0001      -1.2388
Sella 163 09:48:08     -484.696266       0.0011       0.0000       0.0001      -0.3964
Sella 164 09:48:08     -484.696266       0.0011       0.0000       0.0001       1.6078
Sella 165 09:48:08     -484.696266       0.0006       0.0000       0.0001       0.6298
Sella 166 09:48:08     -484.696266       0.0013       0.0000       0.0001      -0.0908
Sella 167 09:48:08     -484.696266       0.0004       0.0000       0.0001       1.8109
Sella 168 09:48:08     -484.696266       0.0003       0.0000       0.0001       1.2182
Sella 169 09:48:08     -484.696266       0.0014       0.0000       0.0001      -1.2396
Sella 170 09:48:08     -484.696266       0.0011       0.0000       0.0001      -0.3981
Sella 171 09:48:08     -484.696266       0.0011       0.0000       0.0001       1.6066
Sella 172 09:48:08     -484.696266       0.0006       0.0000       0.0001       0.6232
Sella 173 09:48:08     -484.696266       0.0013       0.0000       0.0001      -0.0859
Sella 174 09:48:08     -484.696266       0.0004       0.0000       0.0001       1.8127
Sella 175 09:48:08     -484.696266       0.0003       0.0000       0.0001       1.2429
Sella 176 09:48:08     -484.696266       0.0014       0.0000       0.0001      -1.2405
Sella 177 09:48:08     -484.696266       0.0011       0.0000       0.0001      -0.4012
Sella 178 09:48:08     -484.696266       0.0011       0.0000       0.0001       1.6047
Sella 179 09:48:08     -484.696266       0.0006       0.0000       0.0001       0.6162
Sella 180 09:48:08     -484.696266       0.0013       0.0000       0.0001      -0.0805
Sella 181 09:48:08     -484.696266       0.0004       0.0000       0.0001       1.8150
Sella 182 09:48:08     -484.696266       0.0003       0.0000       0.0001       1.2640
Sella 183 09:48:08     -484.696266       0.0014       0.0000       0.0001      -1.2413
Sella 184 09:48:08     -484.696266       0.0011       0.0000       0.0001      -0.4050
Sella 185 09:48:08     -484.696266       0.0011       0.0000       0.0001       1.6022
Sella 186 09:48:08     -484.696266       0.0006       0.0000       0.0001       0.6086
Sella 187 09:48:08     -484.696266       0.0013       0.0000       0.0001      -0.0746
Sella 188 09:48:08     -484.696266       0.0004       0.0000       0.0001       1.8180
Sella 189 09:48:08     -484.696266       0.0003       0.0000       0.0001       1.2843
Sella 190 09:48:08     -484.696266       0.0014       0.0000       0.0001      -1.2419
Sella 191 09:48:08     -484.696266       0.0011       0.0000       0.0001      -0.4090
Sella 192 09:48:08     -484.696266       0.0011       0.0000       0.0001       1.5992
Sella 193 09:48:08     -484.696266       0.0006       0.0000       0.0001       0.6005
Sella 194 09:48:08     -484.696266       0.0013       0.0000       0.0001      -0.0682
Sella 195 09:48:08     -484.696266       0.0004       0.0000       0.0001       1.8208
Sella 196 09:48:08     -484.696266       0.0003       0.0000       0.0001       1.3051
Sella 197 09:48:08     -484.696266       0.0014       0.0000       0.0001      -1.2422
Sella 198 09:48:08     -484.696266       0.0011       0.0000       0.0001      -0.4130
Sella 199 09:48:08     -484.696266       0.0011       0.0000       0.0001       1.5958
Sella 200 09:48:08     -484.696266       0.0006       0.0000       0.0001       0.5920
Sella 201 09:48:08     -484.696266       0.0013       0.0000       0.0001      -0.0615
Sella 202 09:48:08     -484.696266       0.0004       0.0000       0.0001       1.8248
Sella 203 09:48:08     -484.696266       0.0003       0.0000       0.0001       1.2830
Sella 204 09:48:08     -484.696266       0.0014       0.0000       0.0001      -1.2485
Sella 205 09:48:08     -484.696266       0.0011       0.0000       0.0001      -0.4189
Sella 206 09:48:08     -484.696266       0.0012       0.0000       0.0001       1.5920
Sella 207 09:48:08     -484.696266       0.0006       0.0000       0.0001       0.5833
Sella 208 09:48:08     -484.696266       0.0013       0.0000       0.0001      -0.0542
Sella 209 09:48:08     -484.696266       0.0004       0.0000       0.0001       1.8284
Sella 210 09:48:09     -484.696266       0.0003       0.0000       0.0001       1.2382
Sella 211 09:48:09     -484.696266       0.0014       0.0000       0.0001      -1.2580
Sella 212 09:48:09     -484.696266       0.0011       0.0000       0.0001      -0.4261
Sella 213 09:48:09     -484.696266       0.0012       0.0000       0.0001       1.5880
Sella 214 09:48:09     -484.696266       0.0006       0.0000       0.0001       0.5750
Sella 215 09:48:09     -484.696266       0.0013       0.0000       0.0001      -0.0468
Sella 216 09:48:09     -484.696266       0.0004       0.0000       0.0001       1.8322
Sella 217 09:48:09     -484.696266       0.0003       0.0000       0.0001       1.1936
Sella 218 09:48:09     -484.696266       0.0014       0.0000       0.0001      -1.2674
Sella 219 09:48:09     -484.696266       0.0010       0.0000       0.0001      -0.4335
Sella 220 09:48:09     -484.696266       0.0012       0.0000       0.0001       1.5841
Sella 221 09:48:09     -484.696266       0.0006       0.0000       0.0001       0.5669
Sella 222 09:48:09     -484.696266       0.0013       0.0000       0.0001      -0.0395
Sella 223 09:48:09     -484.696266       0.0004       0.0000       0.0001       1.8363
Sella 224 09:48:09     -484.696266       0.0003       0.0000       0.0001       1.1505
Sella 225 09:48:09     -484.696266       0.0014       0.0000       0.0001      -1.2765
Sella 226 09:48:09     -484.696266       0.0010       0.0000       0.0001      -0.4408
Sella 227 09:48:09     -484.696266       0.0012       0.0000       0.0001       1.5802
Sella 228 09:48:09     -484.696266       0.0006       0.0000       0.0001       0.5593
Sella 229 09:48:09     -484.696266       0.0013       0.0000       0.0001      -0.0324
Sella 230 09:48:09     -484.696266       0.0004       0.0000       0.0001       1.8398
Sella 231 09:48:09     -484.696266       0.0003       0.0000       0.0001       1.1095
Sella 232 09:48:09     -484.696266       0.0013       0.0000       0.0001      -1.2854
Sella 233 09:48:09     -484.696266       0.0010       0.0000       0.0001      -0.4479
Sella 234 09:48:09     -484.696266       0.0012       0.0000       0.0001       1.5762
Sella 235 09:48:09     -484.696266       0.0006       0.0000       0.0001       0.5521
Sella 236 09:48:09     -484.696266       0.0013       0.0000       0.0001      -0.0255
Sella 237 09:48:09     -484.696266       0.0004       0.0000       0.0001       1.8432
Sella 238 09:48:09     -484.696266       0.0003       0.0000       0.0001       1.0709
Sella 239 09:48:09     -484.696266       0.0013       0.0000       0.0001      -1.2940
Sella 240 09:48:09     -484.696266       0.0010       0.0000       0.0001      -0.4548
Sella 241 09:48:09     -484.696266       0.0012       0.0000       0.0001       1.5724
Sella 242 09:48:09     -484.696266       0.0006       0.0000       0.0001       0.5453
Sella 243 09:48:09     -484.696266       0.0013       0.0000       0.0001      -0.0189
Sella 244 09:48:09     -484.696266       0.0004       0.0000       0.0001       1.8470
Sella 245 09:48:09     -484.696266       0.0003       0.0000       0.0001       1.0349
Sella 246 09:48:09     -484.696266       0.0013       0.0000       0.0001      -1.3023
Sella 247 09:48:09     -484.696266       0.0010       0.0000       0.0001      -0.4614
Sella 248 09:48:09     -484.696266       0.0012       0.0000       0.0001       1.5687
Sella 249 09:48:09     -484.696266       0.0006       0.0000       0.0001       0.5391
Sella 250 09:48:09     -484.696266       0.0013       0.0000       0.0001      -0.0126
Sella 251 09:48:09     -484.696266       0.0004       0.0000       0.0001       1.8500
Sella 252 09:48:09     -484.696266       0.0003       0.0000       0.0001       1.0015
Sella 253 09:48:09     -484.696266       0.0013       0.0000       0.0001      -1.3103
Sella 254 09:48:09     -484.696266       0.0010       0.0000       0.0001      -0.4677
Sella 255 09:48:09     -484.696266       0.0012       0.0000       0.0001       1.5651
Sella 256 09:48:09     -484.696266       0.0006       0.0000       0.0001       0.5279
Sella 257 09:48:09     -484.696266       0.0013       0.0000       0.0001      -0.0030
Sella 258 09:48:09     -484.696266       0.0004       0.0000       0.0001       1.8522
Sella 259 09:48:09     -484.696266       0.0003       0.0000       0.0001       0.9679
Sella 260 09:48:09     -484.696266       0.0013       0.0000       0.0001      -1.3182
Sella 261 09:48:09     -484.696266       0.0010       0.0000       0.0001      -0.4740
Sella 262 09:48:09     -484.696266       0.0012       0.0000       0.0001       1.5616
Sella 263 09:48:09     -484.696266       0.0006       0.0000       0.0001       0.5138
Sella 264 09:48:09     -484.696266       0.0013       0.0000       0.0001       0.0088
Sella 265 09:48:09     -484.696266       0.0004       0.0000       0.0001       1.8543
Sella 266 09:48:09     -484.696266       0.0003       0.0000       0.0001       0.9344
Sella 267 09:48:09     -484.696266       0.0013       0.0000       0.0001      -1.3262
Sella 268 09:48:09     -484.696266       0.0010       0.0000       0.0001      -0.4801
Sella 269 09:48:09     -484.696266       0.0012       0.0000       0.0001       1.5583
Sella 270 09:48:09     -484.696266       0.0006       0.0000       0.0001       0.4996
Sella 271 09:48:09     -484.696266       0.0013       0.0000       0.0001       0.0207
Sella 272 09:48:09     -484.696266       0.0004       0.0000       0.0001       1.8558
Sella 273 09:48:09     -484.696266       0.0004       0.0000       0.0001       0.9024
Sella 274 09:48:09     -484.696266       0.0013       0.0000       0.0001      -1.3340
Sella 275 09:48:09     -484.696266       0.0010       0.0000       0.0001      -0.4860
Sella 276 09:48:09     -484.696266       0.0012       0.0000       0.0001       1.5552
Sella 277 09:48:09     -484.696266       0.0006       0.0000       0.0001       0.4856
Sella 278 09:48:09     -484.696266       0.0013       0.0000       0.0001       0.0327
Sella 279 09:48:09     -484.696266       0.0004       0.0000       0.0001       1.8569
Sella 280 09:48:09     -484.696266       0.0004       0.0000       0.0001       0.8721
Sella 281 09:48:09     -484.696266       0.0013       0.0000       0.0001      -1.3414
Sella 282 09:48:09     -484.696266       0.0010       0.0000       0.0001      -0.4916
Sella 283 09:48:09     -484.696266       0.0012       0.0000       0.0001       1.5521
Sella 284 09:48:09     -484.696266       0.0006       0.0000       0.0001       0.4719
Sella 285 09:48:09     -484.696266       0.0013       0.0000       0.0001       0.0447
Sella 286 09:48:09     -484.696266       0.0004       0.0000       0.0001       1.8577
Sella 287 09:48:09     -484.696266       0.0004       0.0000       0.0001       0.8437
Sella 288 09:48:09     -484.696266       0.0013       0.0000       0.0001      -1.3486
Sella 289 09:48:09     -484.696266       0.0010       0.0000       0.0001      -0.4970
Sella 290 09:48:09     -484.696266       0.0012       0.0000       0.0001       1.5492
Sella 291 09:48:09     -484.696266       0.0006       0.0000       0.0001       0.4586
Sella 292 09:48:09     -484.696266       0.0013       0.0000       0.0001       0.0565
Sella 293 09:48:09     -484.696266       0.0004       0.0000       0.0001       1.8589
Sella 294 09:48:09     -484.696266       0.0004       0.0000       0.0001       0.8169
Sella 295 09:48:09     -484.696266       0.0013       0.0000       0.0001      -1.3554
Sella 296 09:48:09     -484.696266       0.0010       0.0000       0.0001      -0.5020
Sella 297 09:48:09     -484.696266       0.0012       0.0000       0.0001       1.5464
Sella 298 09:48:09     -484.696266       0.0006       0.0000       0.0001       0.4457
Sella 299 09:48:09     -484.696266       0.0013       0.0000       0.0001       0.0681
Sella 300 09:48:09     -484.696266       0.0004       0.0000       0.0001       1.8593
Sella 301 09:48:09     -484.696266       0.0004       0.0000       0.0001       0.7920
Sella 302 09:48:09     -484.696266       0.0013       0.0000       0.0001      -1.3321
Sella 303 09:48:09     -484.696266       0.0010       0.0000       0.0001      -0.5174
Sella 304 09:48:09     -484.696266       0.0013       0.0000       0.0001       1.5581
Sella 305 09:48:09     -484.696266       0.0006       0.0000       0.0001       0.4404
Sella 306 09:48:09     -484.696266       0.0013       0.0000       0.0001       0.0749
Sella 307 09:48:09     -484.696266       0.0004       0.0000       0.0001       1.8836
Sella 308 09:48:09     -484.696266       0.0004       0.0000       0.0001       0.7693
Sella 309 09:48:09     -484.696266       0.0013       0.0000       0.0001      -1.3369
Sella 310 09:48:09     -484.696266       0.0010       0.0000       0.0001      -0.5171
Sella 311 09:48:09     -484.696266       0.0013       0.0000       0.0001       1.5573
Sella 312 09:48:09     -484.696266       0.0006       0.0000       0.0001       0.4369
Sella 313 09:48:09     -484.696266       0.0013       0.0000       0.0001       0.0774
Sella 314 09:48:09     -484.696266       0.0004       0.0000       0.0001       1.8823
Sella 315 09:48:09     -484.696266       0.0004       0.0000       0.0001       0.7554
Sella 316 09:48:09     -484.696266       0.0013       0.0000       0.0001      -1.3717
Sella 317 09:48:09     -484.696266       0.0010       0.0000       0.0001      -0.5071
Sella 318 09:48:09     -484.696266       0.0012       0.0000       0.0001       1.5417
Sella 319 09:48:09     -484.696266       0.0006       0.0000       0.0001       0.4269
Sella 320 09:48:09     -484.696266       0.0013       0.0000       0.0001       0.0847
Sella 321 09:48:09     -484.696266       0.0004       0.0000       0.0001       1.8618
Sella 322 09:48:09     -484.696266       0.0004       0.0000       0.0001       0.7422
Sella 323 09:48:09     -484.696266       0.0013       0.0000       0.0001      -1.3770
Sella 324 09:48:09     -484.696266       0.0010       0.0000       0.0001      -0.5117
Sella 325 09:48:09     -484.696266       0.0013       0.0000       0.0001       1.5396
Sella 326 09:48:09     -484.696266       0.0006       0.0000       0.0001       0.4145
Sella 327 09:48:09     -484.696266       0.0013       0.0000       0.0001       0.0967
Sella 328 09:48:09     -484.696266       0.0004       0.0000       0.0001       1.8674
Sella 329 09:48:09     -484.696266       0.0004       0.0000       0.0001       0.7247
Sella 330 09:48:09     -484.696266       0.0013       0.0000       0.0001      -1.3818
Sella 331 09:48:09     -484.696266       0.0010       0.0000       0.0001      -0.5174
Sella 332 09:48:09     -484.696266       0.0013       0.0000       0.0001       1.5364
Sella 333 09:48:09     -484.696266       0.0006       0.0000       0.0001       0.4009
Sella 334 09:48:09     -484.696266       0.0013       0.0000       0.0001       0.1090
Sella 335 09:48:09     -484.696266       0.0004       0.0000       0.0001       1.8647
Sella 336 09:48:09     -484.696266       0.0004       0.0000       0.0001       0.7052
Sella 337 09:48:09     -484.696266       0.0013       0.0000       0.0001      -1.3877
Sella 338 09:48:09     -484.696266       0.0010       0.0000       0.0001      -0.5218
Sella 339 09:48:09     -484.696266       0.0013       0.0000       0.0001       1.5341
Sella 340 09:48:09     -484.696266       0.0006       0.0000       0.0001       0.3887
Sella 341 09:48:10     -484.696266       0.0013       0.0000       0.0001       0.1207
Sella 342 09:48:10     -484.696266       0.0004       0.0000       0.0001       1.8658
Sella 343 09:48:10     -484.696266       0.0004       0.0000       0.0001       0.6864
Sella 344 09:48:10     -484.696266       0.0013       0.0000       0.0001      -1.3931
Sella 345 09:48:10     -484.696266       0.0010       0.0000       0.0001      -0.5260
Sella 346 09:48:10     -484.696266       0.0013       0.0000       0.0001       1.5318
Sella 347 09:48:10     -484.696266       0.0006       0.0000       0.0001       0.3772
Sella 348 09:48:10     -484.696266       0.0013       0.0000       0.0001       0.1316
Sella 349 09:48:10     -484.696266       0.0004       0.0000       0.0001       1.8654
Sella 350 09:48:10     -484.696266       0.0004       0.0000       0.0001       0.6686
Sella 351 09:48:10     -484.696266       0.0013       0.0000       0.0001      -1.3984
Sella 352 09:48:10     -484.696266       0.0010       0.0000       0.0001      -0.5295
Sella 353 09:48:10     -484.696266       0.0013       0.0000       0.0001       1.5298
Sella 354 09:48:10     -484.696266       0.0006       0.0000       0.0001       0.3667
Sella 355 09:48:10     -484.696266       0.0013       0.0000       0.0001       0.1419
Sella 356 09:48:10     -484.696266       0.0004       0.0000       0.0001       1.8653
Sella 357 09:48:10     -484.696266       0.0004       0.0000       0.0001       0.6520
Sella 358 09:48:10     -484.696266       0.0013       0.0000       0.0001      -1.4034
Sella 359 09:48:10     -484.696266       0.0010       0.0000       0.0001      -0.5327
Sella 360 09:48:10     -484.696266       0.0013       0.0000       0.0001       1.5279
Sella 361 09:48:10     -484.696266       0.0006       0.0000       0.0001       0.3568
Sella 362 09:48:10     -484.696266       0.0013       0.0000       0.0001       0.1514
Sella 363 09:48:10     -484.696266       0.0004       0.0000       0.0001       1.8651
Sella 364 09:48:10     -484.696266       0.0004       0.0000       0.0001       0.6364
Sella 365 09:48:10     -484.696266       0.0013       0.0000       0.0001      -0.1784
Sella 366 09:48:10     -484.696266       0.0003       0.0000       0.0001     -16.5971
Sella 367 09:48:10     -484.696266       0.0010       0.0000       0.0001      -1.8334
Sella 368 09:48:10     -484.696266       0.0010       0.0000       0.0001      -0.5335
Sella 369 09:48:10     -484.696266       0.0013       0.0000       0.0001       1.5144
Sella 370 09:48:10     -484.696266       0.0006       0.0000       0.0001       0.3245
Sella 371 09:48:10     -484.696266       0.0013       0.0000       0.0001       0.1743
Sella 372 09:48:10     -484.696266       0.0004       0.0000       0.0001       1.8500
Sella 373 09:48:10     -484.696266       0.0004       0.0000       0.0001       0.6519
Sella 374 09:48:10     -484.696266       0.0013       0.0000       0.0001      -1.4136
Sella 375 09:48:10     -484.696266       0.0010       0.0000       0.0001      -0.5484
Sella 376 09:48:10     -484.696266       0.0013       0.0000       0.0001       1.5175
Sella 377 09:48:10     -484.696266       0.0006       0.0000       0.0001       0.3206
Sella 378 09:48:10     -484.696266       0.0013       0.0000       0.0001       0.1899
Sella 379 09:48:10     -484.696266       0.0005       0.0000       0.0001       1.8830
Sella 380 09:48:10     -484.696266       0.0004       0.0000       0.0001       0.6103
Sella 381 09:48:10     -484.696266       0.0013       0.0000       0.0001      -0.1676
Sella 382 09:48:10     -484.696266       0.0003       0.0000       0.0001     -16.4526
Sella 383 09:48:10     -484.696266       0.0010       0.0000       0.0001      -1.8434
Sella 384 09:48:10     -484.696266       0.0010       0.0000       0.0001      -0.5456
Sella 385 09:48:10     -484.696266       0.0013       0.0000       0.0001       1.5031
Sella 386 09:48:10     -484.696266       0.0006       0.0000       0.0001       0.2852
Sella 387 09:48:10     -484.696266       0.0013       0.0000       0.0001       0.2112
Sella 388 09:48:10     -484.696266       0.0004       0.0000       0.0001       1.8280
Sella 389 09:48:10     -484.696266       0.0004       0.0000       0.0001       0.6154
Sella 390 09:48:10     -484.696266       0.0013       0.0000       0.0001      -0.1703
Sella 391 09:48:10     -484.696266       0.0003       0.0000       0.0001     -16.5981
Sella 392 09:48:10     -484.696266       0.0010       0.0000       0.0001      -1.8405
Sella 393 09:48:10     -484.696266       0.0010       0.0000       0.0001      -0.5573
Sella 394 09:48:10     -484.696266       0.0013       0.0000       0.0001       1.4939
Sella 395 09:48:10     -484.696266       0.0006       0.0000       0.0001       0.2590
Sella 396 09:48:10     -484.696266       0.0013       0.0000       0.0001       0.2360
Sella 397 09:48:10     -484.696266       0.0004       0.0000       0.0001       1.7922
Sella 398 09:48:10     -484.696266       0.0004       0.0000       0.0001       0.5996
Sella 399 09:48:10     -484.696266       0.0013       0.0000       0.0001      -0.1642
Sella 400 09:48:10     -484.696266       0.0003       0.0000       0.0001     -16.6747
Sella 401 09:48:10     -484.696266       0.0010       0.0000       0.0001      -1.8459
Sella 402 09:48:10     -484.696266       0.0010       0.0000       0.0001      -0.5602
Sella 403 09:48:10     -484.696266       0.0013       0.0000       0.0001       1.4923
Sella 404 09:48:10     -484.696266       0.0006       0.0000       0.0001       0.2310
Sella 405 09:48:10     -484.696266       0.0013       0.0000       0.0001       0.2636
Sella 406 09:48:10     -484.696266       0.0004       0.0000       0.0001       1.7970
Sella 407 09:48:10     -484.696266       0.0004       0.0000       0.0001       0.5877
Sella 408 09:48:10     -484.696266       0.0013       0.0000       0.0001      -0.1605
Sella 409 09:48:10     -484.696266       0.0003       0.0000       0.0001     -16.6027
Sella 410 09:48:10     -484.696266       0.0010       0.0000       0.0001      -1.8528
Sella 411 09:48:10     -484.696266       0.0010       0.0000       0.0001      -0.5606
Sella 412 09:48:10     -484.696266       0.0013       0.0000       0.0001       1.4923
Sella 413 09:48:10     -484.696266       0.0006       0.0000       0.0001       0.2048
Sella 414 09:48:10     -484.696266       0.0013       0.0000       0.0001       0.2897
Sella 415 09:48:10     -484.696266       0.0004       0.0000       0.0001       1.8180
Sella 416 09:48:10     -484.696266       0.0004       0.0000       0.0001       0.5799
Sella 417 09:48:10     -484.696266       0.0013       0.0000       0.0001      -0.1586
Sella 418 09:48:10     -484.696266       0.0003       0.0000       0.0001     -16.4741
Sella 419 09:48:10     -484.696266       0.0010       0.0000       0.0001      -1.8594
Sella 420 09:48:10     -484.696266       0.0010       0.0000       0.0001      -0.5596
Sella 421 09:48:10     -484.696266       0.0013       0.0000       0.0001       1.4934
Sella 422 09:48:10     -484.696266       0.0006       0.0000       0.0001       0.1796
Sella 423 09:48:10     -484.696266       0.0013       0.0000       0.0001       0.3150
Sella 424 09:48:10     -484.696266       0.0004       0.0000       0.0001       1.8510
Sella 425 09:48:10     -484.696266       0.0004       0.0000       0.0001       0.5743
Sella 426 09:48:10     -484.696266       0.0013       0.0000       0.0001      -0.1589
Sella 427 09:48:10     -484.696266       0.0003       0.0000       0.0001     -16.3553
Sella 428 09:48:10     -484.696266       0.0010       0.0000       0.0001      -1.8666
Sella 429 09:48:10     -484.696266       0.0010       0.0000       0.0001      -0.5542
Sella 430 09:48:10     -484.696266       0.0013       0.0000       0.0001       1.5005
Sella 431 09:48:10     -484.696266       0.0006       0.0000       0.0001       0.1376
Sella 432 09:48:10     -484.696266       0.0013       0.0000       0.0001       0.3570
Sella 433 09:48:10     -484.696266       0.0005       0.0000       0.0001       1.9653
Sella 434 09:48:10     -484.696266       0.0004       0.0000       0.0001       0.5768
Sella 435 09:48:10     -484.696266       0.0013       0.0000       0.0001      -0.1738
Sella 436 09:48:10     -484.696266       0.0003       0.0000       0.0001     -16.3221
Sella 437 09:48:10     -484.696266       0.0010       0.0000       0.0001       7.0257
Sella 438 09:48:10     -484.696266       0.0003       0.0000       0.0001    -126.4488
Sella 439 09:48:10     -484.696266       0.0010       0.0000       0.0001      -1.9047
Sella 440 09:48:10     -484.696266       0.0010       0.0000       0.0001      -0.5472
Sella 441 09:48:10     -484.696266       0.0015       0.0000       0.0001       1.7677
Sella 442 09:48:10     -484.696266       0.0006       0.0000       0.0001       7.3153
Sella 443 09:48:10     -484.696266       0.0008       0.0000       0.0001    -350.7341
Sella 444 09:48:10     -484.696266       0.0012       0.0000       0.0001       0.5266
Sella 445 09:48:10     -484.696266       0.0003       0.0000       0.0001       1.8137
Sella 446 09:48:10     -484.696266       0.0003       0.0000       0.0001      -1.9042
Sella 447 09:48:10     -484.696266       0.0014       0.0000       0.0001      -0.0705
Sella 448 09:48:10     -484.696266       0.0012       0.0000       0.0001      -0.7844
Sella 449 09:48:10     -484.696266       0.0013       0.0000       0.0001       1.5494
Sella 450 09:48:10     -484.696266       0.0007       0.0000       0.0001      -0.0108
Sella 451 09:48:10     -484.696266       0.0013       0.0000       0.0001       0.4780
Sella 452 09:48:10     -484.696266       0.0004       0.0000       0.0001       1.8048
Sella 453 09:48:10     -484.696266       0.0003       0.0000       0.0001      -0.5011
Sella 454 09:48:10     -484.696266       0.0014       0.0000       0.0001      -1.2972
Sella 455 09:48:10     -484.696266       0.0011       0.0000       0.0001      -0.8111
Sella 456 09:48:10     -484.696266       0.0015       0.0000       0.0001       1.5753
Sella 457 09:48:10     -484.696266       0.0008       0.0000       0.0001       0.6025
Sella 458 09:48:10     -484.696266       0.0014       0.0000       0.0001      -0.0314
Sella 459 09:48:10     -484.696266       0.0005       0.0000       0.0001       1.8458
Sella 460 09:48:10     -484.696266       0.0003       0.0000       0.0001       0.2838
Sella 461 09:48:10     -484.696266       0.0014       0.0000       0.0001      -1.2837
Sella 462 09:48:10     -484.696266       0.0011       0.0000       0.0001      -0.5244
Sella 463 09:48:10     -484.696266       0.0013       0.0000       0.0001       1.6088
Sella 464 09:48:10     -484.696266       0.0007       0.0000       0.0001       0.6303
Sella 465 09:48:10     -484.696266       0.0014       0.0000       0.0001      -0.0812
Sella 466 09:48:10     -484.696266       0.0004       0.0000       0.0001       1.8430
Sella 467 09:48:10     -484.696266       0.0003       0.0000       0.0001       0.5462
Sella 468 09:48:10     -484.696266       0.0014       0.0000       0.0001      -1.2706
Sella 469 09:48:10     -484.696266       0.0011       0.0000       0.0001      -0.4338
Sella 470 09:48:10     -484.696266       0.0012       0.0000       0.0001       1.6287
Sella 471 09:48:10     -484.696266       0.0007       0.0000       0.0001       0.6462
Sella 472 09:48:10     -484.696266       0.0014       0.0000       0.0001      -0.1021
Sella 473 09:48:10     -484.696266       0.0004       0.0000       0.0001       1.8484
Sella 474 09:48:10     -484.696266       0.0003       0.0000       0.0001       0.7282
Sella 475 09:48:10     -484.696266       0.0014       0.0000       0.0001      -1.2600
Sella 476 09:48:10     -484.696266       0.0011       0.0000       0.0001      -0.3943
Sella 477 09:48:10     -484.696266       0.0011       0.0000       0.0001       1.6420
Sella 478 09:48:10     -484.696266       0.0007       0.0000       0.0001       0.6564
Sella 479 09:48:10     -484.696266       0.0014       0.0000       0.0001      -0.1128
Sella 480 09:48:10     -484.696266       0.0004       0.0000       0.0001       1.8499
Sella 481 09:48:10     -484.696266       0.0003       0.0000       0.0001       0.8659
Sella 482 09:48:10     -484.696266       0.0014       0.0000       0.0001      -1.2538
Sella 483 09:48:10     -484.696266       0.0011       0.0000       0.0001      -0.3739
Sella 484 09:48:10     -484.696266       0.0011       0.0000       0.0001       1.6490
Sella 485 09:48:10     -484.696266       0.0007       0.0000       0.0001       0.6603
Sella 486 09:48:10     -484.696266       0.0014       0.0000       0.0001      -0.1169
Sella 487 09:48:10     -484.696266       0.0004       0.0000       0.0001       1.8470
Sella 488 09:48:10     -484.696266       0.0003       0.0000       0.0001       0.9721
Sella 489 09:48:10     -484.696266       0.0014       0.0000       0.0001      -1.2509
Sella 490 09:48:10     -484.696266       0.0011       0.0000       0.0001      -0.3630
Sella 491 09:48:10     -484.696266       0.0011       0.0000       0.0001       1.6518
Sella 492 09:48:10     -484.696266       0.0007       0.0000       0.0001       0.6582
Sella 493 09:48:10     -484.696266       0.0014       0.0000       0.0001      -0.1156
Sella 494 09:48:10     -484.696266       0.0004       0.0000       0.0001       1.8450
Sella 495 09:48:10     -484.696266       0.0003       0.0000       0.0001       1.0560
Sella 496 09:48:10     -484.696266       0.0014       0.0000       0.0001      -1.2496
Sella 497 09:48:11     -484.696266       0.0011       0.0000       0.0001      -0.3580
Sella 498 09:48:11     -484.696266       0.0011       0.0000       0.0001       1.6529
Sella 499 09:48:11     -484.696266       0.0007       0.0000       0.0001       0.6494
Sella 500 09:48:11     -484.696266       0.0014       0.0000       0.0001      -0.1089
