     Step     Time          Energy         fmax         cmax       rtrust          rho
Sella   0 09:48:30     -484.755542       0.4611       0.0000       0.1000       1.0000
Sella   1 09:48:30     -484.834411       0.4611       0.0000       0.1000       0.8687
Sella   2 09:48:30     -484.864552       0.2695       0.0000       0.1000       0.8841
Sella   3 09:48:30     -484.845174       0.3300       0.0000       0.0650       7.1633
Sella   4 09:48:30     -484.829350       0.4136       0.0000       0.0650       1.6647
Sella   5 09:48:30     -484.839852       0.6958       0.0000       0.0650       0.6595
Sella   6 09:48:30     -484.873716       0.2287       0.0000       0.0747       1.0088
Sella   7 09:48:30     -484.903402       0.1325       0.0000       0.0860       0.9987
Sella   8 09:48:30     -484.924055       0.1048       0.0000       0.0989       1.0114
Sella   9 09:48:30     -484.924834       0.1683       0.0000       0.0989       0.4165
Sella  10 09:48:31     -484.921864       0.3509       0.0000       0.0989       1.2676
Sella  11 09:48:31     -484.939337       0.1106       0.0000       0.0989       1.0420
Sella  12 09:48:31     -484.946404       0.0864       0.0000       0.0989       0.8925
Sella  13 09:48:31     -484.955208       0.2211       0.0000       0.0989       0.8128
Sella  14 09:48:31     -484.962229       0.0891       0.0000       0.0989       2.0930
Sella  15 09:48:31     -484.969263       0.0703       0.0000       0.0989       0.5957
Sella  16 09:48:31     -484.969942       0.3781       0.0000       0.0989       0.5113
Sella  17 09:48:31     -484.976136       0.3655       0.0000       0.0989       1.0781
Sella  18 09:48:31     -484.978854       0.1149       0.0000       0.0989       1.4433
Sella  19 09:48:31     -484.980757       0.1678       0.0000       0.0989       0.6908
Sella  20 09:48:31     -484.977993       0.2483       0.0000       0.0989       1.1225
Sella  21 09:48:31     -484.974037       0.2050       0.0000       0.0989       1.9224
Sella  22 09:48:31     -484.962896       0.1802       0.0000       0.0989       1.1464
Sella  23 09:48:31     -484.970593       0.2049       0.0000       0.1137       0.9987
Sella  24 09:48:31     -484.975641       0.0621       0.0000       0.1137       1.1761
Sella  25 09:48:31     -484.978259       0.0812       0.0000       0.1137       0.8387
Sella  26 09:48:31     -484.978834       0.0866       0.0000       0.1137       0.4541
Sella  27 09:48:31     -484.980050       0.1166       0.0000       0.1137       0.7778
Sella  28 09:48:31     -484.978713       0.1207       0.0000       0.1137       0.8641
Sella  29 09:48:31     -484.976908       0.1353       0.0000       0.1137       1.1063
Sella  30 09:48:31     -484.972566       0.1116       0.0000       0.1137       1.8477
Sella  31 09:48:31     -484.968022       0.1484       0.0000       0.0739      -1.0373
Sella  32 09:48:31     -484.977449       0.5794       0.0000       0.0739       0.9028
Sella  33 09:48:31     -484.978196       0.0646       0.0000       0.0739       0.2706
Sella  34 09:48:31     -484.979363       0.1656       0.0000       0.0739       0.3117
Sella  35 09:48:31     -484.980702       0.1551       0.0000       0.0739       0.5308
Sella  36 09:48:31     -484.982825       0.0986       0.0000       0.0850       0.9945
Sella  37 09:48:31     -484.982911       0.1016       0.0000       0.0552       0.0427
Sella  38 09:48:31     -484.984277       0.1332       0.0000       0.0552       0.7453
Sella  39 09:48:31     -484.984841       0.0785       0.0000       0.0552       0.4825
Sella  40 09:48:31     -484.985357       0.1329       0.0000       0.0552       0.7732
Sella  41 09:48:31     -484.984811       0.0974       0.0000       0.0359      -5.8140
Sella  42 09:48:31     -484.984880       0.1419       0.0000       0.0359       0.3650
Sella  43 09:48:31     -484.984857       0.0985       0.0000       0.0359       0.2517
Sella  44 09:48:31     -484.984140       0.0389       0.0000       0.0233      -4.5734
Sella  45 09:48:31     -484.984542       0.0985       0.0000       0.0233       0.7093
Sella  46 09:48:31     -484.984468       0.0484       0.0000       0.0233       0.5472
Sella  47 09:48:31     -484.984248       0.0329       0.0000       0.0152      -1.9651
Sella  48 09:48:31     -484.984403       0.0740       0.0000       0.0152       0.8943
Sella  49 09:48:31     -484.984448       0.0349       0.0000       0.0152       1.2235
Sella  50 09:48:31     -484.984527       0.0218       0.0000       0.0152       1.1682
Sella  51 09:48:31     -484.984628       0.0233       0.0000       0.0152       1.0536
Sella  52 09:48:31     -484.984688       0.0273       0.0000       0.0152       0.6016
Sella  53 09:48:31     -484.984781       0.0209       0.0000       0.0152       0.9624
Sella  54 09:48:31     -484.984828       0.0096       0.0000       0.0174       1.0220
Sella  55 09:48:31     -484.984632       0.0129       0.0000       0.0174       1.1900
Sella  56 09:48:31     -484.984725       0.0529       0.0000       0.0174       0.9370
Sella  57 09:48:31     -484.984723       0.0115       0.0000       0.0113      -0.5026
Sella  58 09:48:31     -484.984669       0.0048       0.0000       0.0130       1.0001
Sella  59 09:48:31     -484.984853       0.0047       0.0000       0.0150       0.9864
Sella  60 09:48:31     -484.985067       0.0066       0.0000       0.0172       0.9937
Sella  61 09:48:31     -484.985298       0.0066       0.0000       0.0198       0.9888
Sella  62 09:48:31     -484.985434       0.0106       0.0000       0.0228       0.9667
Sella  63 09:48:31     -484.985600       0.0087       0.0000       0.0228       0.8967
Sella  64 09:48:31     -484.985707       0.0164       0.0000       0.0262       1.0187
Sella  65 09:48:31     -484.985575       0.0176       0.0000       0.0262       1.0503
Sella  66 09:48:31     -484.985491       0.0243       0.0000       0.0302       0.9789
Sella  67 09:48:31     -484.981517       0.0242       0.0000       0.0196     939.0301
Sella  68 09:48:31     -484.985427       0.2405       0.0000       0.0225       1.0052
Sella  69 09:48:32     -484.985425       0.0422       0.0000       0.0147      -0.0916
Sella  70 09:48:32     -484.985316       0.0166       0.0000       0.0169       1.0035
Sella  71 09:48:32     -484.985130       0.0207       0.0000       0.0169       1.0515
Sella  72 09:48:32     -484.984941       0.0156       0.0000       0.0169       1.0611
Sella  73 09:48:32     -484.985056       0.0211       0.0000       0.0169       0.9393
Sella  74 09:48:32     -484.985130       0.0140       0.0000       0.0169       1.1172
Sella  75 09:48:32     -484.985003       0.0135       0.0000       0.0169       1.3508
Sella  76 09:48:32     -484.985151       0.0298       0.0000       0.0194       0.9841
Sella  77 09:48:32     -484.985223       0.0178       0.0000       0.0194       0.9120
Sella  78 09:48:32     -484.985211       0.0098       0.0000       0.0194       1.5220
Sella  79 09:48:32     -484.985064       0.0073       0.0000       0.0223       0.9998
Sella  80 09:48:32     -484.984906       0.0074       0.0000       0.0256       1.0294
Sella  81 09:48:32     -484.984679       0.0048       0.0000       0.0295       1.0120
Sella  82 09:48:32     -484.984827       0.0129       0.0000       0.0295       0.7836
Sella  83 09:48:32     -484.984866       0.0306       0.0000       0.0295       1.2249
Sella  84 09:48:32     -484.984797       0.0114       0.0000       0.0295       1.2538
Sella  85 09:48:32     -484.984553       0.0166       0.0000       0.0295       1.0598
Sella  86 09:48:32     -484.984342       0.0125       0.0000       0.0339       0.9812
Sella  87 09:48:32     -484.984408       0.0152       0.0000       0.0339       0.5915
Sella  88 09:48:32     -484.984175       0.0120       0.0000       0.0390       1.0139
Sella  89 09:48:32     -484.983764       0.0234       0.0000       0.0390       1.0717
Sella  90 09:48:32     -484.983946       0.0399       0.0000       0.0390       0.9417
Sella  91 09:48:32     -484.984148       0.0147       0.0000       0.0448       1.0013
Sella  92 09:48:32     -484.983824       0.0218       0.0000       0.0448       1.2534
Sella  93 09:48:32     -484.983792       0.0441       0.0000       0.0448       1.7139
Sella  94 09:48:32     -484.983612       0.0094       0.0000       0.0516       0.9829
Sella  95 09:48:32     -484.983821       0.0251       0.0000       0.0516       0.9299
Sella  96 09:48:32     -484.983290       0.0189       0.0000       0.0516       1.4618
Sella  97 09:48:32     -484.983338       0.0790       0.0000       0.0516       0.4771
Sella  98 09:48:32     -484.983048       0.0227       0.0000       0.0593       1.0067
Sella  99 09:48:32     -484.983288       0.0266       0.0000       0.0593       1.2372
Sella 100 09:48:32     -484.983471       0.0243       0.0000       0.0593       1.3803
Sella 101 09:48:32     -484.983326       0.0274       0.0000       0.0593       4.0429
Sella 102 09:48:32     -484.983257       0.0396       0.0000       0.0593       2.6844
Sella 103 09:48:32     -484.982975       0.0259       0.0000       0.0593       0.8922
Sella 104 09:48:32     -484.983028       0.0227       0.0000       0.0593       1.8693
Sella 105 09:48:32     -484.983216       0.0532       0.0000       0.0593       0.6149
Sella 106 09:48:33     -484.983460       0.0352       0.0000       0.0593       0.8928
Sella 107 09:48:33     -484.982991       0.0364       0.0000       0.0593       1.4780
Sella 108 09:48:33     -484.983302       0.0737       0.0000       0.0682       0.9905
Sella 109 09:48:33     -484.983082       0.0080       0.0000       0.0443      -6.3172
Sella 110 09:48:33     -484.983303       0.1042       0.0000       0.0443       0.9085
Sella 111 09:48:33     -484.983320       0.0261       0.0000       0.0288       0.1983
Sella 112 09:48:33     -484.982940       0.0273       0.0000       0.0331       1.0034
Sella 113 09:48:33     -484.982537       0.0159       0.0000       0.0381       0.9735
Sella 114 09:48:33     -484.981824       0.0213       0.0000       0.0248      -1.8193
Sella 115 09:48:33     -484.982709       0.1750       0.0000       0.0285       0.9737
Sella 116 09:48:33     -484.982761       0.0047       0.0000       0.0285       0.5885
Sella 117 09:48:33     -484.983010       0.0163       0.0000       0.0285       0.7903
Sella 118 09:48:33     -484.983201       0.0239       0.0000       0.0285       0.8922
Sella 119 09:48:33     -484.983111       0.0110       0.0000       0.0327       1.0177
Sella 120 09:48:33     -484.983122       0.0108       0.0000       0.0327       0.2348
Sella 121 09:48:33     -484.982914       0.0097       0.0000       0.0377       1.0231
Sella 122 09:48:33     -484.982771       0.0281       0.0000       0.0377       1.0846
Sella 123 09:48:33     -484.982541       0.0139       0.0000       0.0377       0.9519
Sella 124 09:48:33     -484.982549       0.0230       0.0000       0.0377       0.5301
Sella 125 09:48:33     -484.982403       0.0130       0.0000       0.0377       1.1399
Sella 126 09:48:33     -484.982609       0.0210       0.0000       0.0433       0.9689
Sella 127 09:48:33     -484.982431       0.0234       0.0000       0.0433       1.2378
Sella 128 09:48:33     -484.982251       0.0163       0.0000       0.0433       1.7558
Sella 129 09:48:33     -484.982533       0.0386       0.0000       0.0433       0.7449
Sella 130 09:48:33     -484.982693       0.0326       0.0000       0.0498       0.9930
Sella 131 09:48:33     -484.982420       0.0323       0.0000       0.0498       0.9620
Sella 132 09:48:33     -484.982550       0.0221       0.0000       0.0498       0.7605
Sella 133 09:48:33     -484.982175       0.0212       0.0000       0.0498       1.0363
Sella 134 09:48:34     -484.982323       0.0288       0.0000       0.0498       0.7310
Sella 135 09:48:34     -484.982570       0.0240       0.0000       0.0573       0.9844
Sella 136 09:48:34     -484.982615       0.0255       0.0000       0.0573       0.3499
Sella 137 09:48:34     -484.982114       0.0176       0.0000       0.0573       1.4919
Sella 138 09:48:34     -484.981953       0.0496       0.0000       0.0659       1.0332
Sella 139 09:48:34     -484.981075       0.0327       0.0000       0.0659       1.6031
Sella 140 09:48:34     -484.981723       0.1173       0.0000       0.0659       0.8691
Sella 141 09:48:34     -484.981465       0.0683       0.0000       0.0659       3.5616
Sella 142 09:48:34     -484.981790       0.0726       0.0000       0.0659       0.9468
Sella 143 09:48:34     -484.981756       0.0337       0.0000       0.0428      -0.2952
Sella 144 09:48:34     -484.981636       0.0778       0.0000       0.0278      -1.3615
Sella 145 09:48:34     -484.981661       0.0427       0.0000       0.0278       0.6670
Sella 146 09:48:34     -484.981593       0.0170       0.0000       0.0278       0.9504
Sella 147 09:48:34     -484.981442       0.0135       0.0000       0.0278       2.6054
Sella 148 09:48:34     -484.981276       0.0438       0.0000       0.0278       2.0762
Sella 149 09:48:34     -484.981250       0.0482       0.0000       0.0278       1.1146
Sella 150 09:48:34     -484.981329       0.0251       0.0000       0.0278       0.7502
Sella 151 09:48:34     -484.981343       0.0353       0.0000       0.0181      35.2028
Sella 152 09:48:34     -484.981257       0.0216       0.0000       0.0181       0.9456
Sella 153 09:48:34     -484.981165       0.0132       0.0000       0.0181       1.4848
Sella 154 09:48:34     -484.981160       0.0197       0.0000       0.0181       0.9641
Sella 155 09:48:34     -484.981205       0.0048       0.0000       0.0208       1.0078
Sella 156 09:48:34     -484.981256       0.0060       0.0000       0.0239       1.0016
Sella 157 09:48:34     -484.981279       0.0078       0.0000       0.0275       0.9761
Sella 158 09:48:34     -484.981270       0.0108       0.0000       0.0275       0.6710
Sella 159 09:48:34     -484.981281       0.0104       0.0000       0.0275       1.5743
Sella 160 09:48:34     -484.981341       0.0135       0.0000       0.0275       0.7714
Sella 161 09:48:34     -484.981390       0.0140       0.0000       0.0316       0.9893
Sella 162 09:48:34     -484.980958       0.0128       0.0000       0.0206      -5.5626
Sella 163 09:48:34     -484.981393       0.1116       0.0000       0.0206       1.0803
Sella 164 09:48:34     -484.981427       0.0080       0.0000       0.0206       0.7617
Sella 165 09:48:34     -484.981451       0.0115       0.0000       0.0206       0.9295
Sella 166 09:48:34     -484.981408       0.0192       0.0000       0.0206       1.1257
Sella 167 09:48:34     -484.981445       0.0106       0.0000       0.0206       0.9652
Sella 168 09:48:34     -484.981485       0.0085       0.0000       0.0206       0.9433
Sella 169 09:48:34     -484.981510       0.0108       0.0000       0.0236       0.9706
Sella 170 09:48:34     -484.981490       0.0099       0.0000       0.0236       3.0515
Sella 171 09:48:34     -484.981477       0.0169       0.0000       0.0154      -1.0301
Sella 172 09:48:34     -484.981473       0.0206       0.0000       0.0100      -0.6901
Sella 173 09:48:34     -484.981438       0.0117       0.0000       0.0115       0.9889
Sella 174 09:48:34     -484.981462       0.0045       0.0000       0.0115       1.0597
Sella 175 09:48:34     -484.981430       0.0015       0.0000       0.0115       1.8609
Sella 176 09:48:34     -484.981446       0.0093       0.0000       0.0132       1.0097
Sella 177 09:48:34     -484.981456       0.0019       0.0000       0.0132       0.9249
Sella 178 09:48:34     -484.981442       0.0035       0.0000       0.0132       1.1164
Sella 179 09:48:34     -484.981441       0.0036       0.0000       0.0132       0.7208
Sella 180 09:48:35     -484.981439       0.0027       0.0000       0.0132       1.7194
Sella 181 09:48:35     -484.981437       0.0061       0.0000       0.0132       1.5653
Sella 182 09:48:35     -484.981429       0.0067       0.0000       0.0132       0.8660
Sella 183 09:48:35     -484.981430       0.0060       0.0000       0.0086       0.1568
Sella 184 09:48:35     -484.981434       0.0094       0.0000       0.0086       0.9068
Sella 185 09:48:35     -484.981436       0.0072       0.0000       0.0086       1.5016
Sella 186 09:48:35     -484.981444       0.0043       0.0000       0.0086       1.1140
Sella 187 09:48:35     -484.981452       0.0033       0.0000       0.0086       0.8773
Sella 188 09:48:35     -484.981462       0.0039       0.0000       0.0099       1.0088
Sella 189 09:48:35     -484.981474       0.0023       0.0000       0.0114       1.0047
Sella 190 09:48:35     -484.981488       0.0037       0.0000       0.0114       0.9348
Sella 191 09:48:35     -484.981504       0.0064       0.0000       0.0131       1.0065
Sella 192 09:48:35     -484.981524       0.0034       0.0000       0.0150       0.9954
Sella 193 09:48:35     -484.981551       0.0053       0.0000       0.0173       0.9964
Sella 194 09:48:35     -484.981353       0.0068       0.0000       0.0112     -10.6443
Sella 195 09:48:35     -484.981576       0.0652       0.0000       0.0112       0.8992
Sella 196 09:48:35     -484.981602       0.0312       0.0000       0.0112       1.2750
Sella 197 09:48:35     -484.981632       0.0126       0.0000       0.0129       1.0031
Sella 198 09:48:35     -484.981656       0.0032       0.0000       0.0149       0.9753
Sella 199 09:48:35     -484.981685       0.0039       0.0000       0.0171       0.9936
Sella 200 09:48:35     -484.981725       0.0055       0.0000       0.0196       1.0094
Sella 201 09:48:35     -484.981764       0.0065       0.0000       0.0196       0.8599
Sella 202 09:48:35     -484.981808       0.0088       0.0000       0.0196       0.9207
Sella 203 09:48:35     -484.981844       0.0142       0.0000       0.0226       0.9873
Sella 204 09:48:35     -484.981878       0.0104       0.0000       0.0226       1.1098
Sella 205 09:48:35     -484.981921       0.0076       0.0000       0.0260       0.9898
Sella 206 09:48:35     -484.981967       0.0079       0.0000       0.0260       0.8143
Sella 207 09:48:35     -484.982023       0.0226       0.0000       0.0260       0.8253
Sella 208 09:48:35     -484.982046       0.0168       0.0000       0.0299       1.0263
Sella 209 09:48:35     -484.981158       0.0169       0.0000       0.0194     -16.9869
Sella 210 09:48:35     -484.981992       0.1161       0.0000       0.0223       1.0228
Sella 211 09:48:35     -484.981990       0.0193       0.0000       0.0145      -0.2496
Sella 212 09:48:35     -484.981993       0.0142       0.0000       0.0094      -1.1799
Sella 213 09:48:35     -484.981734       0.0156       0.0000       0.0061       6.4910
Sella 214 09:48:35     -484.981993       0.0574       0.0000       0.0071       0.9933
Sella 215 09:48:35     -484.981996       0.0112       0.0000       0.0071       0.6908
Sella 216 09:48:35     -484.981996       0.0037       0.0000       0.0046      -0.0132
Sella 217 09:48:35     -484.982001       0.0022       0.0000       0.0053       1.0227
Sella 218 09:48:35     -484.982008       0.0012       0.0000       0.0061       1.0215
Sella 219 09:48:35     -484.982020       0.0013       0.0000       0.0070       0.9925
Sella 220 09:48:35     -484.982033       0.0016       0.0000       0.0080       1.0232
Sella 221 09:48:35     -484.982041       0.0025       0.0000       0.0092       1.0133
Sella 222 09:48:35     -484.982054       0.0012       0.0000       0.0092       0.9639
Sella 223 09:48:35     -484.982066       0.0025       0.0000       0.0092       0.9205
Sella 224 09:48:35     -484.982078       0.0057       0.0000       0.0106       1.0000
Sella 225 09:48:35     -484.982050       0.0036       0.0000       0.0069      -0.9766
Sella 226 09:48:35     -484.982105       0.0350       0.0000       0.0079       1.0123
Sella 227 09:48:35     -484.982120       0.0017       0.0000       0.0091       1.0096
Sella 228 09:48:35     -484.982139       0.0017       0.0000       0.0105       1.0073
Sella 229 09:48:35     -484.982161       0.0024       0.0000       0.0121       1.0120
Sella 230 09:48:35     -484.982186       0.0030       0.0000       0.0139       1.0006
Sella 231 09:48:35     -484.982213       0.0012       0.0000       0.0139       0.9438
Sella 232 09:48:35     -484.982236       0.0047       0.0000       0.0159       1.0129
Sella 233 09:48:35     -484.982234       0.0058       0.0000       0.0104      -0.0532
Sella 234 09:48:35     -484.982281       0.0257       0.0000       0.0119       1.0048
Sella 235 09:48:35     -484.982310       0.0033       0.0000       0.0137       1.0173
Sella 236 09:48:35     -484.982329       0.0025       0.0000       0.0158       0.9977
Sella 237 09:48:35     -484.982288       0.0069       0.0000       0.0102      -1.5380
Sella 238 09:48:35     -484.982364       0.0289       0.0000       0.0118       0.9825
Sella 239 09:48:35     -484.982391       0.0065       0.0000       0.0135       0.9922
Sella 240 09:48:35     -484.982418       0.0055       0.0000       0.0156       1.0245
Sella 241 09:48:35     -484.982397       0.0074       0.0000       0.0101      -0.8231
Sella 242 09:48:35     -484.982440       0.0466       0.0000       0.0116       1.0058
Sella 243 09:48:35     -484.982459       0.0175       0.0000       0.0116       1.2022
Sella 244 09:48:35     -484.981667       0.0141       0.0000       0.0076      -8.3119
Sella 245 09:48:35     -484.982419       0.1826       0.0000       0.0087       0.9979
Sella 246 09:48:35     -484.982462       0.0217       0.0000       0.0087       0.8742
Sella 247 09:48:35     -484.982473       0.0072       0.0000       0.0087       1.0487
Sella 248 09:48:35     -484.982482       0.0047       0.0000       0.0087       0.8133
Sella 249 09:48:35     -484.982477       0.0092       0.0000       0.0087       0.9204
Sella 250 09:48:35     -484.982471       0.0058       0.0000       0.0087       0.9644
Sella 251 09:48:35     -484.982457       0.0045       0.0000       0.0100       0.9786
Sella 252 09:48:35     -484.982460       0.0058       0.0000       0.0100       0.7600
Sella 253 09:48:35     -484.982468       0.0025       0.0000       0.0115       1.0298
Sella 254 09:48:35     -484.982480       0.0009       0.0000       0.0132       0.9688
Sella 255 09:48:35     -484.982475       0.0034       0.0000       0.0132       1.0797
Sella 256 09:48:35     -484.982437       0.0080       0.0000       0.0152       0.9997
Sella 257 09:48:35     -484.982454       0.0075       0.0000       0.0152       1.1437
Sella 258 09:48:35     -484.982481       0.0022       0.0000       0.0175       1.0187
Sella 259 09:48:35     -484.982513       0.0028       0.0000       0.0175       0.5981
Sella 260 09:48:35     -484.982520       0.0163       0.0000       0.0175       0.5185
Sella 261 09:48:35     -484.982523       0.0097       0.0000       0.0175       1.1471
Sella 262 09:48:35     -484.982525       0.0062       0.0000       0.0175       0.6270
Sella 263 09:48:35     -484.982501       0.0088       0.0000       0.0175       1.0942
Sella 264 09:48:35     -484.982478       0.0166       0.0000       0.0175       0.9382
Sella 265 09:48:36     -484.982409       0.0172       0.0000       0.0114      -2.3990
Sella 266 09:48:36     -484.982512       0.0574       0.0000       0.0131       0.9706
Sella 267 09:48:36     -484.982498       0.0033       0.0000       0.0151       1.0312
Sella 268 09:48:36     -484.982481       0.0038       0.0000       0.0173       0.9915
Sella 269 09:48:36     -484.982492       0.0060       0.0000       0.0173       0.9577
Sella 270 09:48:36     -484.982538       0.0018       0.0000       0.0199       0.9832
Sella 271 09:48:36     -484.982591       0.0131       0.0000       0.0229       0.9805
Sella 272 09:48:36     -484.982628       0.0110       0.0000       0.0229       0.7250
Sella 273 09:48:36     -484.982599       0.0259       0.0000       0.0229       1.5193
Sella 274 09:48:36     -484.982386       0.0147       0.0000       0.0149      10.3160
Sella 275 09:48:36     -484.982505       0.0423       0.0000       0.0149       0.7395
Sella 276 09:48:36     -484.982511       0.0210       0.0000       0.0097      -7.5839
Sella 277 09:48:36     -484.982505       0.0085       0.0000       0.0097       0.7764
Sella 278 09:48:36     -484.982505       0.0048       0.0000       0.0063      12.1689
Sella 279 09:48:36     -484.982502       0.0054       0.0000       0.0063       0.9165
Sella 280 09:48:36     -484.982503       0.0022       0.0000       0.0063       0.9577
Sella 281 09:48:36     -484.982500       0.0022       0.0000       0.0072       1.0045
Sella 282 09:48:36     -484.982505       0.0015       0.0000       0.0083       0.9665
Sella 283 09:48:36     -484.982517       0.0017       0.0000       0.0083       0.8764
Sella 284 09:48:36     -484.982531       0.0073       0.0000       0.0083       0.9465
Sella 285 09:48:36     -484.982542       0.0063       0.0000       0.0096       1.0197
Sella 286 09:48:36     -484.982551       0.0031       0.0000       0.0110       1.0293
Sella 287 09:48:36     -484.982564       0.0017       0.0000       0.0126       1.0118
Sella 288 09:48:36     -484.982477       0.0018       0.0000       0.0082      -4.2780
Sella 289 09:48:36     -484.982574       0.0433       0.0000       0.0095       1.0070
Sella 290 09:48:36     -484.982587       0.0023       0.0000       0.0109       0.9904
Sella 291 09:48:36     -484.982601       0.0020       0.0000       0.0125       0.9989
Sella 292 09:48:36     -484.982611       0.0031       0.0000       0.0125       0.6743
Sella 293 09:48:36     -484.982628       0.0068       0.0000       0.0144       1.0211
Sella 294 09:48:36     -484.982648       0.0038       0.0000       0.0165       0.9808
Sella 295 09:48:36     -484.982646       0.0039       0.0000       0.0165       1.3241
Sella 296 09:48:36     -484.982629       0.0079       0.0000       0.0165       1.0973
Sella 297 09:48:36     -484.982647       0.0087       0.0000       0.0165       1.1266
Sella 298 09:48:36     -484.982623       0.0026       0.0000       0.0165       1.2864
Sella 299 09:48:36     -484.982612       0.0090       0.0000       0.0165       1.2698
Sella 300 09:48:36     -484.982642       0.0069       0.0000       0.0165       0.8613
Sella 301 09:48:36     -484.982679       0.0076       0.0000       0.0190       1.0093
Sella 302 09:48:36     -484.982713       0.0048       0.0000       0.0190       0.9301
Sella 303 09:48:36     -484.982703       0.0106       0.0000       0.0190       1.4925
Sella 304 09:48:36     -484.982662       0.0180       0.0000       0.0190       1.1631
Sella 305 09:48:36     -484.982609       0.0126       0.0000       0.0219       1.0170
Sella 306 09:48:36     -484.982668       0.0048       0.0000       0.0219       1.0978
Sella 307 09:48:36     -484.982737       0.0130       0.0000       0.0219       0.9077
Sella 308 09:48:36     -484.982774       0.0194       0.0000       0.0219       0.7721
Sella 309 09:48:36     -484.982720       0.0195       0.0000       0.0219       1.1395
Sella 310 09:48:36     -484.982678       0.0063       0.0000       0.0219       1.5419
Sella 311 09:48:36     -484.982630       0.0130       0.0000       0.0219       1.2272
Sella 312 09:48:36     -484.982691       0.0133       0.0000       0.0251       0.9912
Sella 313 09:48:36     -484.982664       0.0047       0.0000       0.0251       2.5431
Sella 314 09:48:36     -484.982640       0.0242       0.0000       0.0251       1.1743
Sella 315 09:48:36     -484.982552       0.0147       0.0000       0.0251       1.0548
Sella 316 09:48:36     -484.982406       0.0221       0.0000       0.0163      -3.5578
Sella 317 09:48:36     -484.982487       0.0674       0.0000       0.0188       0.9895
Sella 318 09:48:36     -484.982449       0.0096       0.0000       0.0188       1.0406
Sella 319 09:48:36     -484.982387       0.0123       0.0000       0.0188       0.9481
Sella 320 09:48:36     -484.982133       0.0113       0.0000       0.0122      -2.9390
Sella 321 09:48:36     -484.982401       0.1064       0.0000       0.0140       1.0075
Sella 322 09:48:36     -484.982379       0.0070       0.0000       0.0140       1.1897
Sella 323 09:48:36     -484.982348       0.0059       0.0000       0.0140       1.0462
Sella 324 09:48:36     -484.982320       0.0063       0.0000       0.0140       0.9311
Sella 325 09:48:36     -484.982311       0.0092       0.0000       0.0140       2.4563
Sella 326 09:48:36     -484.982299       0.0092       0.0000       0.0140       0.9044
Sella 327 09:48:36     -484.982285       0.0032       0.0000       0.0140       1.1236
Sella 328 09:48:36     -484.981663       0.0073       0.0000       0.0091     -15.2563
Sella 329 09:48:36     -484.982255       0.1033       0.0000       0.0105       1.0063
Sella 330 09:48:36     -484.982308       0.0111       0.0000       0.0121       0.9668
Sella 331 09:48:36     -484.982332       0.0023       0.0000       0.0139       0.9981
Sella 332 09:48:36     -484.982360       0.0023       0.0000       0.0160       1.0082
Sella 333 09:48:37     -484.982384       0.0038       0.0000       0.0160       1.0470
Sella 334 09:48:37     -484.982394       0.0056       0.0000       0.0160       0.2404
Sella 335 09:48:37     -484.982417       0.0245       0.0000       0.0160       0.6686
Sella 336 09:48:37     -484.982428       0.0102       0.0000       0.0160       0.8307
Sella 337 09:48:37     -484.982437       0.0048       0.0000       0.0184       1.0340
Sella 338 09:48:37     -484.982436       0.0071       0.0000       0.0119      -0.0216
Sella 339 09:48:37     -484.982464       0.0289       0.0000       0.0119       0.7884
Sella 340 09:48:37     -484.982456       0.0064       0.0000       0.0119       1.9508
Sella 341 09:48:37     -484.982450       0.0059       0.0000       0.0119       1.0984
Sella 342 09:48:37     -484.982444       0.0011       0.0000       0.0119       0.9002
Sella 343 09:48:37     -484.982454       0.0014       0.0000       0.0137       0.9820
Sella 344 09:48:37     -484.982462       0.0025       0.0000       0.0137       0.8215
Sella 345 09:48:37     -484.982480       0.0050       0.0000       0.0158       0.9718
Sella 346 09:48:37     -484.982497       0.0036       0.0000       0.0182       0.9990
Sella 347 09:48:37     -484.982074       0.0075       0.0000       0.0118     -19.0358
Sella 348 09:48:37     -484.982531       0.0739       0.0000       0.0136       0.9857
Sella 349 09:48:37     -484.982550       0.0073       0.0000       0.0136       1.0384
Sella 350 09:48:37     -484.982568       0.0054       0.0000       0.0136       1.0925
Sella 351 09:48:37     -484.982598       0.0048       0.0000       0.0136       0.9110
Sella 352 09:48:37     -484.982621       0.0066       0.0000       0.0136       1.0814
Sella 353 09:48:37     -484.982658       0.0070       0.0000       0.0156       1.0053
Sella 354 09:48:37     -484.982693       0.0036       0.0000       0.0179       0.9927
Sella 355 09:48:37     -484.982657       0.0041       0.0000       0.0117      -1.0160
Sella 356 09:48:37     -484.982754       0.0330       0.0000       0.0134       1.0161
Sella 357 09:48:37     -484.982779       0.0056       0.0000       0.0134       1.0531
Sella 358 09:48:37     -484.982804       0.0055       0.0000       0.0134       0.7685
Sella 359 09:48:37     -484.982833       0.0093       0.0000       0.0154       1.0085
Sella 360 09:48:37     -484.982866       0.0056       0.0000       0.0177       1.0221
Sella 361 09:48:37     -484.982152       0.0068       0.0000       0.0115     -15.7341
Sella 362 09:48:37     -484.982838       0.1029       0.0000       0.0133       0.9978
Sella 363 09:48:37     -484.982870       0.0128       0.0000       0.0133       1.1059
Sella 364 09:48:37     -484.982894       0.0143       0.0000       0.0133       1.3042
Sella 365 09:48:37     -484.982919       0.0094       0.0000       0.0133       0.6235
Sella 366 09:48:37     -484.982948       0.0121       0.0000       0.0153       0.9768
Sella 367 09:48:37     -484.982978       0.0071       0.0000       0.0153       1.0421
Sella 368 09:48:37     -484.982444       0.0109       0.0000       0.0099     244.6199
Sella 369 09:48:37     -484.982982       0.1119       0.0000       0.0114       0.9966
Sella 370 09:48:37     -484.983008       0.0142       0.0000       0.0114       0.9096
Sella 371 09:48:37     -484.983030       0.0048       0.0000       0.0131       1.0224
Sella 372 09:48:37     -484.983054       0.0063       0.0000       0.0151       1.0153
Sella 373 09:48:37     -484.982005       0.0094       0.0000       0.0098      66.2041
Sella 374 09:48:37     -484.983108       0.1331       0.0000       0.0113       0.9879
Sella 375 09:48:37     -484.983136       0.0120       0.0000       0.0113       1.0976
Sella 376 09:48:37     -484.983155       0.0050       0.0000       0.0113       0.9062
Sella 377 09:48:37     -484.983176       0.0082       0.0000       0.0130       1.0074
Sella 378 09:48:37     -484.983195       0.0026       0.0000       0.0149       0.9887
Sella 379 09:48:37     -484.983195       0.0064       0.0000       0.0097      -0.8328
Sella 380 09:48:37     -484.983201       0.0197       0.0000       0.0097       1.3815
Sella 381 09:48:37     -484.982597       0.0176       0.0000       0.0063      34.1782
Sella 382 09:48:37     -484.983239       0.2099       0.0000       0.0072       1.0019
Sella 383 09:48:37     -484.983261       0.0066       0.0000       0.0083       1.0278
Sella 384 09:48:37     -484.983283       0.0035       0.0000       0.0096       1.0235
Sella 385 09:48:37     -484.983291       0.0027       0.0000       0.0096       0.2972
Sella 386 09:48:37     -484.983327       0.0188       0.0000       0.0110       1.0296
Sella 387 09:48:37     -484.983356       0.0035       0.0000       0.0127       1.0201
Sella 388 09:48:37     -484.982985       0.0055       0.0000       0.0082      -7.7390
Sella 389 09:48:37     -484.983402       0.0848       0.0000       0.0095       1.0013
Sella 390 09:48:37     -484.983428       0.0065       0.0000       0.0095       1.0482
Sella 391 09:48:37     -484.983317       0.0061       0.0000       0.0062      -7.5156
Sella 392 09:48:37     -484.983457       0.0470       0.0000       0.0071       0.9896
Sella 393 09:48:37     -484.983471       0.0033       0.0000       0.0081       1.0133
Sella 394 09:48:37     -484.983489       0.0031       0.0000       0.0094       1.0130
Sella 395 09:48:37     -484.983521       0.0033       0.0000       0.0108       0.9778
Sella 396 09:48:37     -484.983556       0.0052       0.0000       0.0124       0.9903
Sella 397 09:48:37     -484.983586       0.0052       0.0000       0.0142       1.0123
Sella 398 09:48:37     -484.982570       0.0070       0.0000       0.0093      25.5464
Sella 399 09:48:37     -484.983551       0.1135       0.0000       0.0106       1.0051
Sella 400 09:48:37     -484.983614       0.0179       0.0000       0.0122       0.9742
Sella 401 09:48:37     -484.983649       0.0087       0.0000       0.0141       1.0141
Sella 402 09:48:37     -484.983482       0.0067       0.0000       0.0091      -4.5946
Sella 403 09:48:37     -484.983657       0.0910       0.0000       0.0105       1.0103
Sella 404 09:48:37     -484.983676       0.0057       0.0000       0.0121       0.9904
Sella 405 09:48:37     -484.983695       0.0021       0.0000       0.0139       1.0025
Sella 406 09:48:37     -484.983690       0.0053       0.0000       0.0139       1.0478
Sella 407 09:48:37     -484.983687       0.0051       0.0000       0.0139       0.7445
Sella 408 09:48:37     -484.983678       0.0062       0.0000       0.0090      -0.2431
Sella 409 09:48:37     -484.983723       0.0325       0.0000       0.0090       0.9358
Sella 410 09:48:37     -484.983729       0.0049       0.0000       0.0104       1.0342
Sella 411 09:48:37     -484.983729       0.0020       0.0000       0.0104       1.3928
Sella 412 09:48:37     -484.983759       0.0036       0.0000       0.0104       0.8361
Sella 413 09:48:37     -484.983768       0.0124       0.0000       0.0104       0.8569
Sella 414 09:48:37     -484.983777       0.0026       0.0000       0.0104       0.9085
Sella 415 09:48:37     -484.983795       0.0030       0.0000       0.0120       0.9863
Sella 416 09:48:37     -484.983805       0.0048       0.0000       0.0120       0.7884
Sella 417 09:48:37     -484.983817       0.0086       0.0000       0.0138       0.9931
Sella 418 09:48:37     -484.983821       0.0065       0.0000       0.0138       1.2493
Sella 419 09:48:37     -484.983801       0.0087       0.0000       0.0089      10.5151
Sella 420 09:48:38     -484.983790       0.0166       0.0000       0.0089       0.9166
Sella 421 09:48:38     -484.983773       0.0076       0.0000       0.0089       0.9296
Sella 422 09:48:38     -484.983771       0.0045       0.0000       0.0089       0.9121
Sella 423 09:48:38     -484.983775       0.0034       0.0000       0.0089       1.1341
Sella 424 09:48:38     -484.983791       0.0037       0.0000       0.0089       0.8547
Sella 425 09:48:38     -484.983807       0.0058       0.0000       0.0089       0.9405
Sella 426 09:48:38     -484.983820       0.0035       0.0000       0.0103       1.0271
Sella 427 09:48:38     -484.983835       0.0028       0.0000       0.0118       1.0146
Sella 428 09:48:38     -484.983862       0.0016       0.0000       0.0136       0.9749
Sella 429 09:48:38     -484.983874       0.0030       0.0000       0.0156       0.9877
Sella 430 09:48:38     -484.983864       0.0055       0.0000       0.0156       1.0891
Sella 431 09:48:38     -484.983862       0.0025       0.0000       0.0156       0.8648
Sella 432 09:48:38     -484.983861       0.0043       0.0000       0.0102     459.3916
Sella 433 09:48:38     -484.983839       0.0083       0.0000       0.0117       1.0125
Sella 434 09:48:38     -484.983807       0.0043       0.0000       0.0134       0.9786
Sella 435 09:48:38     -484.983835       0.0074       0.0000       0.0155       1.0029
Sella 436 09:48:38     -484.983870       0.0014       0.0000       0.0178       0.9824
Sella 437 09:48:38     -484.983826       0.0047       0.0000       0.0204       1.0110
Sella 438 09:48:38     -484.983792       0.0012       0.0000       0.0235       0.9982
Sella 439 09:48:38     -484.983840       0.0048       0.0000       0.0270       0.9833
Sella 440 09:48:38     -484.983896       0.0017       0.0000       0.0311       1.0084
Sella 441 09:48:38     -484.983934       0.0102       0.0000       0.0311       0.6609
Sella 442 09:48:38     -484.983841       0.0238       0.0000       0.0311       1.1958
Sella 443 09:48:38     -484.983778       0.0333       0.0000       0.0357       1.0248
Sella 444 09:48:38     -484.983630       0.0149       0.0000       0.0357       0.9424
Sella 445 09:48:38     -484.983450       0.0245       0.0000       0.0411       0.9873
Sella 446 09:48:38     -484.983190       0.0457       0.0000       0.0473       0.9925
Sella 447 09:48:38     -484.982844       0.0471       0.0000       0.0473       1.5246
Sella 448 09:48:38     -484.982535       0.0263       0.0000       0.0544       0.9700
Sella 449 09:48:38     -484.982107       0.0419       0.0000       0.0544       1.0353
Sella 450 09:48:38     -484.981301       0.0479       0.0000       0.0544       1.1364
Sella 451 09:48:38     -484.980748       0.0981       0.0000       0.0544       1.2115
Sella 452 09:48:38     -484.979987       0.0564       0.0000       0.0544       0.9113
Sella 453 09:48:38     -484.978894       0.0563       0.0000       0.0544       1.9632
Sella 454 09:48:38     -484.978206       0.0581       0.0000       0.0544       1.1103
Sella 455 09:48:38     -484.977314       0.0697       0.0000       0.0544       1.1511
Sella 456 09:48:38     -484.976343       0.0610       0.0000       0.0625       0.9877
Sella 457 09:48:38     -484.975462       0.0596       0.0000       0.0625       1.4444
Sella 458 09:48:38     -484.974780       0.0827       0.0000       0.0625       0.8137
Sella 459 09:48:38     -484.973754       0.0381       0.0000       0.0625       1.7621
Sella 460 09:48:38     -484.972906       0.1728       0.0000       0.0625       1.2190
Sella 461 09:48:38     -484.971982       0.0674       0.0000       0.0625       1.1079
Sella 462 09:48:38     -484.971433       0.1055       0.0000       0.0625       0.7393
Sella 463 09:48:38     -484.963722       0.0883       0.0000       0.0406      -3.6113
Sella 464 09:48:38     -484.970481       0.5300       0.0000       0.0467       0.9932
Sella 465 09:48:38     -484.970747       0.0898       0.0000       0.0467       0.5749
Sella 466 09:48:38     -484.970304       0.0369       0.0000       0.0467       1.2607
Sella 467 09:48:38     -484.969803       0.0422       0.0000       0.0537       0.9821
Sella 468 09:48:38     -484.969061       0.0580       0.0000       0.0349     -13.2377
Sella 469 09:48:38     -484.969343       0.1243       0.0000       0.0402       1.0167
Sella 470 09:48:38     -484.968950       0.0407       0.0000       0.0402       1.6786
Sella 471 09:48:38     -484.968688       0.1030       0.0000       0.0402       0.8967
Sella 472 09:48:38     -484.968394       0.0500       0.0000       0.0402       1.2251
Sella 473 09:48:38     -484.968178       0.0568       0.0000       0.0402       1.0477
Sella 474 09:48:38     -484.967892       0.0393       0.0000       0.0402       1.1195
Sella 475 09:48:38     -484.967619       0.0601       0.0000       0.0402       0.9028
Sella 476 09:48:38     -484.967337       0.0409       0.0000       0.0261      -3.8711
Sella 477 09:48:38     -484.967353       0.0618       0.0000       0.0261       0.4094
Sella 478 09:48:38     -484.967229       0.0474       0.0000       0.0261       1.2465
Sella 479 09:48:38     -484.967077       0.0219       0.0000       0.0261       0.9102
Sella 480 09:48:38     -484.967038       0.0259       0.0000       0.0261       4.5740
Sella 481 09:48:38     -484.967032       0.0341       0.0000       0.0261       0.2350
Sella 482 09:48:38     -484.966999       0.0281       0.0000       0.0170      -0.3632
Sella 483 09:48:38     -484.967042       0.0790       0.0000       0.0195       0.9949
Sella 484 09:48:38     -484.967026       0.0227       0.0000       0.0195       0.4220
Sella 485 09:48:38     -484.967071       0.0251       0.0000       0.0195       0.8722
Sella 486 09:48:38     -484.967123       0.0235       0.0000       0.0224       0.9993
Sella 487 09:48:38     -484.967141       0.0140       0.0000       0.0224       1.2386
Sella 488 09:48:38     -484.967167       0.0181       0.0000       0.0258       0.9767
Sella 489 09:48:38     -484.967089       0.0228       0.0000       0.0258       1.3046
Sella 490 09:48:38     -484.967099       0.0271       0.0000       0.0258       3.5953
Sella 491 09:48:38     -484.967023       0.0214       0.0000       0.0258       0.8034
Sella 492 09:48:38     -484.966999       0.0246       0.0000       0.0258       0.6665
Sella 493 09:48:38     -484.967028       0.0247       0.0000       0.0258       1.1014
Sella 494 09:48:38     -484.966968       0.0220       0.0000       0.0168      41.0339
Sella 495 09:48:38     -484.966993       0.0341       0.0000       0.0168       0.9249
Sella 496 09:48:38     -484.966983       0.0288       0.0000       0.0168       0.3985
Sella 497 09:48:38     -484.967017       0.0199       0.0000       0.0168       1.0642
Sella 498 09:48:38     -484.967079       0.0200       0.0000       0.0168       1.0985
Sella 499 09:48:38     -484.967162       0.0134       0.0000       0.0168       1.0372
Sella 500 09:48:38     -484.967210       0.0188       0.0000       0.0168       1.0855
