     Step     Time          Energy         fmax         cmax       rtrust          rho
Sella   0 09:37:55     -484.755542       0.4611       0.0000       0.1000       1.0000
Sella   1 09:37:55     -484.841079       0.4611       0.0000       0.1000       0.8749
Sella   2 09:37:55     -484.879327       0.2521       0.0000       0.1000       0.8970
Sella   3 09:37:55     -484.872974       0.2833       0.0000       0.0650      -0.8503
Sella   4 09:37:55     -484.869514       0.4009       0.0000       0.0423     -10.9822
Sella   5 09:37:55     -484.857119       0.5381       0.0000       0.0423       1.2279
Sella   6 09:37:55     -484.879368       0.2430       0.0000       0.0486       0.9934
Sella   7 09:37:55     -484.899589       0.1306       0.0000       0.0559       1.0043
Sella   8 09:37:55     -484.918315       0.1086       0.0000       0.0643       1.0090
Sella   9 09:37:55     -484.935022       0.0874       0.0000       0.0739       1.0150
Sella  10 09:37:55     -484.943421       0.0869       0.0000       0.0850       1.0344
Sella  11 09:37:55     -484.953049       0.0750       0.0000       0.0977       1.0253
Sella  12 09:37:55     -484.965827       0.1103       0.0000       0.1124       0.9980
Sella  13 09:37:55     -484.967015       0.0426       0.0000       0.1124       0.2283
Sella  14 09:37:55     -484.983220       0.3026       0.0000       0.1124       1.1039
Sella  15 09:37:55     -484.986472       0.1534       0.0000       0.1124       1.2537
Sella  16 09:37:55     -484.987832       0.0854       0.0000       0.1124       1.0890
Sella  17 09:37:55     -484.988303       0.0585       0.0000       0.1124       0.9410
Sella  18 09:37:55     -484.988471       0.0571       0.0000       0.1124       1.1311
Sella  19 09:37:55     -484.988584       0.0213       0.0000       0.1124       1.6515
Sella  20 09:37:55     -484.988927       0.0190       0.0000       0.1124       1.3596
Sella  21 09:37:55     -484.989158       0.0311       0.0000       0.1124       1.0936
Sella  22 09:37:55     -484.989308       0.0454       0.0000       0.1124       1.1169
Sella  23 09:37:55     -484.989479       0.0394       0.0000       0.1124       0.5855
Sella  24 09:37:55     -484.989663       0.0497       0.0000       0.1124       1.1830
Sella  25 09:37:55     -484.989789       0.0542       0.0000       0.1124       1.2461
Sella  26 09:37:55     -484.989969       0.0298       0.0000       0.1124       1.2817
Sella  27 09:37:55     -484.990220       0.0428       0.0000       0.1124       0.9804
Sella  28 09:37:55     -484.990489       0.0422       0.0000       0.1124       1.2896
Sella  29 09:37:55     -484.988843       0.0243       0.0000       0.0731      -4.1430
Sella  30 09:37:55     -484.990667       0.1370       0.0000       0.0731       0.7090
Sella  31 09:37:55     -484.990666       0.0392       0.0000       0.0104      -0.0031
Sella  32 09:37:55     -484.990791       0.0457       0.0000       0.0104       1.0726
Sella  33 09:37:55     -484.990832       0.0163       0.0000       0.0104       0.9194
Sella  34 09:37:55     -484.990878       0.0243       0.0000       0.0104       1.2849
Sella  35 09:37:55     -484.990937       0.0192       0.0000       0.0104       1.0419
Sella  36 09:37:55     -484.990993       0.0136       0.0000       0.0104       1.1686
Sella  37 09:37:55     -484.991054       0.0121       0.0000       0.0120       1.0195
Sella  38 09:37:55     -484.991099       0.0066       0.0000       0.0120       0.8019
Sella  39 09:37:55     -484.991080       0.0101       0.0000       0.0120       1.2360
Sella  40 09:37:55     -484.991040       0.0233       0.0000       0.0138       0.9807
Sella  41 09:37:55     -484.991017       0.0205       0.0000       0.0138       0.9203
Sella  42 09:37:55     -484.990878       0.0118       0.0000       0.0090      -2.4181
Sella  43 09:37:55     -484.991055       0.0810       0.0000       0.0103       1.0004
Sella  44 09:37:55     -484.991107       0.0136       0.0000       0.0119       0.9794
Sella  45 09:37:55     -484.991170       0.0068       0.0000       0.0119       1.0527
Sella  46 09:37:55     -484.991249       0.0061       0.0000       0.0136       0.9846
Sella  47 09:37:55     -484.991325       0.0047       0.0000       0.0157       0.9902
Sella  48 09:37:55     -484.991413       0.0082       0.0000       0.0180       1.0061
Sella  49 09:37:55     -484.991514       0.0086       0.0000       0.0180       1.0357
Sella  50 09:37:55     -484.991605       0.0095       0.0000       0.0207       0.9899
Sella  51 09:37:55     -484.991701       0.0064       0.0000       0.0207       0.9095
Sella  52 09:37:55     -484.991794       0.0128       0.0000       0.0238       1.0307
Sella  53 09:37:55     -484.991898       0.0160       0.0000       0.0238       0.9069
Sella  54 09:37:55     -484.991943       0.0159       0.0000       0.0238       0.7734
Sella  55 09:37:55     -484.991974       0.0280       0.0000       0.0238       1.7415
Sella  56 09:37:55     -484.991772       0.0370       0.0000       0.0155     -59.6343
Sella  57 09:37:55     -484.991894       0.0486       0.0000       0.0178       0.9829
Sella  58 09:37:55     -484.991875       0.0137       0.0000       0.0178       0.8666
Sella  59 09:37:55     -484.991802       0.0212       0.0000       0.0178       1.4233
Sella  60 09:37:55     -484.991725       0.0216       0.0000       0.0178       1.4399
Sella  61 09:37:55     -484.991690       0.0211       0.0000       0.0178       1.2482
Sella  62 09:37:55     -484.991739       0.0146       0.0000       0.0178       1.0667
Sella  63 09:37:55     -484.991743       0.0032       0.0000       0.0178       0.9466
Sella  64 09:37:55     -484.991641       0.0042       0.0000       0.0205       1.0232
Sella  65 09:37:56     -484.991587       0.0104       0.0000       0.0205       0.8993
Sella  66 09:37:56     -484.991656       0.0168       0.0000       0.0236       0.9906
Sella  67 09:37:56     -484.991735       0.0086       0.0000       0.0236       1.0784
Sella  68 09:37:56     -484.991386       0.0127       0.0000       0.0153      -4.3080
Sella  69 09:37:56     -484.991807       0.0825       0.0000       0.0176       1.0305
Sella  70 09:37:56     -484.991871       0.0099       0.0000       0.0176       1.0983
Sella  71 09:37:56     -484.991799       0.0131       0.0000       0.0114      -1.5554
Sella  72 09:37:56     -484.991947       0.0492       0.0000       0.0114       0.9200
Sella  73 09:37:56     -484.991978       0.0134       0.0000       0.0114       1.2307
Sella  74 09:37:56     -484.992034       0.0074       0.0000       0.0132       1.0207
Sella  75 09:37:56     -484.992097       0.0027       0.0000       0.0132       0.9572
Sella  76 09:37:56     -484.992141       0.0080       0.0000       0.0151       1.0012
Sella  77 09:37:56     -484.992210       0.0076       0.0000       0.0151       0.8907
Sella  78 09:37:56     -484.992277       0.0098       0.0000       0.0151       0.9606
Sella  79 09:37:56     -484.992341       0.0077       0.0000       0.0174       1.0349
Sella  80 09:37:56     -484.992400       0.0102       0.0000       0.0174       0.6089
Sella  81 09:37:56     -484.992512       0.0227       0.0000       0.0200       1.0149
Sella  82 09:37:56     -484.992607       0.0096       0.0000       0.0230       1.0112
Sella  83 09:37:56     -484.992699       0.0225       0.0000       0.0230       0.8748
Sella  84 09:37:56     -484.992786       0.0264       0.0000       0.0230       0.8847
Sella  85 09:37:56     -484.992873       0.0356       0.0000       0.0230       0.8178
Sella  86 09:37:56     -484.992960       0.0417       0.0000       0.0230       0.6691
Sella  87 09:37:56     -484.993114       0.0227       0.0000       0.0230       1.0441
Sella  88 09:37:56     -484.993193       0.0145       0.0000       0.0265       0.9830
Sella  89 09:37:56     -484.993053       0.0292       0.0000       0.0265       1.3772
Sella  90 09:37:56     -484.992914       0.0269       0.0000       0.0265       0.9340
Sella  91 09:37:56     -484.991769       0.0370       0.0000       0.0172      27.1806
Sella  92 09:37:56     -484.993038       0.1878       0.0000       0.0198       1.0205
Sella  93 09:37:56     -484.993098       0.0138       0.0000       0.0198       1.0568
Sella  94 09:37:56     -484.993136       0.0108       0.0000       0.0198       1.2688
Sella  95 09:37:56     -484.993153       0.0154       0.0000       0.0228       1.0025
Sella  96 09:37:56     -484.993242       0.0149       0.0000       0.0262       0.9949
Sella  97 09:37:56     -484.993296       0.0080       0.0000       0.0262       0.8698
Sella  98 09:37:56     -484.993137       0.0176       0.0000       0.0262       1.0958
Sella  99 09:37:56     -484.993028       0.0263       0.0000       0.0262       1.3772
Sella 100 09:37:56     -484.992861       0.0107       0.0000       0.0262       1.2402
Sella 101 09:37:56     -484.992805       0.0214       0.0000       0.0262       1.1418
Sella 102 09:37:56     -484.992717       0.0123       0.0000       0.0262       0.8460
Sella 103 09:37:56     -484.992767       0.0158       0.0000       0.0262       0.3072
Sella 104 09:37:56     -484.992806       0.0321       0.0000       0.0262       0.5422
Sella 105 09:37:56     -484.992761       0.0298       0.0000       0.0262       0.7338
Sella 106 09:37:56     -484.987254       0.0347       0.0000       0.0170       9.8435
Sella 107 09:37:56     -484.992051       0.2748       0.0000       0.0196       1.0074
Sella 108 09:37:56     -484.992529       0.0830       0.0000       0.0196       0.9147
Sella 109 09:37:56     -484.992458       0.0172       0.0000       0.0196       1.5181
Sella 110 09:37:56     -484.992261       0.0295       0.0000       0.0127      -5.6490
Sella 111 09:37:56     -484.992356       0.0574       0.0000       0.0127       0.8988
Sella 112 09:37:56     -484.992377       0.0162       0.0000       0.0127       1.5374
Sella 113 09:37:56     -484.992408       0.0105       0.0000       0.0127       1.2074
Sella 114 09:37:56     -484.992476       0.0085       0.0000       0.0146       1.0196
Sella 115 09:37:56     -484.992353       0.0078       0.0000       0.0095      -1.8011
Sella 116 09:37:56     -484.992567       0.0512       0.0000       0.0095       0.9637
Sella 117 09:37:56     -484.992604       0.0063       0.0000       0.0109       0.9954
Sella 118 09:37:56     -484.992642       0.0024       0.0000       0.0126       0.9927
Sella 119 09:37:56     -484.992687       0.0032       0.0000       0.0126       0.9097
Sella 120 09:37:56     -484.992735       0.0053       0.0000       0.0145       0.9967
Sella 121 09:37:56     -484.992791       0.0051       0.0000       0.0166       1.0197
Sella 122 09:37:56     -484.992877       0.0043       0.0000       0.0166       0.9637
Sella 123 09:37:56     -484.992953       0.0113       0.0000       0.0166       1.0548
Sella 124 09:37:56     -484.993008       0.0148       0.0000       0.0166       0.8733
Sella 125 09:37:56     -484.993073       0.0116       0.0000       0.0191       0.9855
Sella 126 09:37:56     -484.992281       0.0163       0.0000       0.0124      -4.5461
Sella 127 09:37:56     -484.993119       0.1215       0.0000       0.0143       1.0104
Sella 128 09:37:56     -484.993190       0.0087       0.0000       0.0164       1.0100
Sella 129 09:37:56     -484.993268       0.0068       0.0000       0.0189       1.0212
Sella 130 09:37:56     -484.993386       0.0118       0.0000       0.0217       0.9823
Sella 131 09:37:56     -484.993502       0.0142       0.0000       0.0217       1.0992
Sella 132 09:37:56     -484.993636       0.0123       0.0000       0.0250       0.9826
Sella 133 09:37:56     -484.993739       0.0122       0.0000       0.0250       0.7790
Sella 134 09:37:56     -484.993890       0.0221       0.0000       0.0288       1.0182
Sella 135 09:37:56     -484.993979       0.0181       0.0000       0.0288       0.7163
Sella 136 09:37:56     -484.994056       0.0331       0.0000       0.0288       0.5211
Sella 137 09:37:56     -484.994071       0.0489       0.0000       0.0288       0.4784
Sella 138 09:37:56     -484.994106       0.0534       0.0000       0.0288       0.5285
Sella 139 09:37:56     -484.994143       0.0395       0.0000       0.0288       0.5551
Sella 140 09:37:57     -484.994318       0.0678       0.0000       0.0288       0.6960
Sella 141 09:37:57     -484.994437       0.0325       0.0000       0.0288       0.8547
Sella 142 09:37:57     -484.994414       0.0232       0.0000       0.0187      -0.6446
Sella 143 09:37:57     -484.994333       0.0371       0.0000       0.0215       0.9805
Sella 144 09:37:57     -484.994222       0.0209       0.0000       0.0247       1.0040
Sella 145 09:37:57     -484.994072       0.0131       0.0000       0.0284       0.9721
Sella 146 09:37:57     -484.993868       0.0083       0.0000       0.0284       1.4446
Sella 147 09:37:57     -484.993713       0.0324       0.0000       0.0284       0.8820
Sella 148 09:37:57     -484.993849       0.0316       0.0000       0.0284       1.0587
Sella 149 09:37:57     -484.993969       0.0126       0.0000       0.0284       1.1094
Sella 150 09:37:57     -484.994089       0.0173       0.0000       0.0284       0.9221
Sella 151 09:37:57     -484.994195       0.0214       0.0000       0.0284       1.0689
Sella 152 09:37:57     -484.994266       0.0225       0.0000       0.0284       0.5520
Sella 153 09:37:57     -484.994412       0.0268       0.0000       0.0284       0.7767
Sella 154 09:37:57     -484.994515       0.0324       0.0000       0.0284       1.4570
Sella 155 09:37:57     -484.994131       0.0289       0.0000       0.0185      -2.4461
Sella 156 09:37:57     -484.994508       0.0689       0.0000       0.0185       0.9415
Sella 157 09:37:57     -484.994573       0.0144       0.0000       0.0212       1.0324
Sella 158 09:37:57     -484.994691       0.0186       0.0000       0.0212       1.0867
Sella 159 09:37:57     -484.994728       0.0180       0.0000       0.0212       0.4068
Sella 160 09:37:57     -484.994806       0.0362       0.0000       0.0212       0.7630
Sella 161 09:37:57     -484.994868       0.0250       0.0000       0.0212       1.0605
Sella 162 09:37:57     -484.994697       0.0213       0.0000       0.0138      -2.2988
Sella 163 09:37:57     -484.994866       0.0953       0.0000       0.0138       0.9546
Sella 164 09:37:57     -484.994893       0.0174       0.0000       0.0138       1.3151
Sella 165 09:37:57     -484.994715       0.0184       0.0000       0.0090      -7.9867
Sella 166 09:37:57     -484.994844       0.0495       0.0000       0.0090       0.9240
Sella 167 09:37:57     -484.994876       0.0129       0.0000       0.0090       0.9117
Sella 168 09:37:57     -484.994909       0.0052       0.0000       0.0090       1.0576
Sella 169 09:37:57     -484.994944       0.0052       0.0000       0.0103       1.0094
Sella 170 09:37:57     -484.994998       0.0065       0.0000       0.0119       1.0160
Sella 171 09:37:57     -484.995046       0.0057       0.0000       0.0137       1.0038
Sella 172 09:37:57     -484.995106       0.0031       0.0000       0.0157       1.0025
Sella 173 09:37:57     -484.995185       0.0052       0.0000       0.0181       0.9879
Sella 174 09:37:57     -484.995261       0.0060       0.0000       0.0181       0.8866
Sella 175 09:37:57     -484.995344       0.0132       0.0000       0.0181       1.0629
Sella 176 09:37:57     -484.995419       0.0132       0.0000       0.0181       0.7996
Sella 177 09:37:57     -484.995502       0.0169       0.0000       0.0181       0.9511
Sella 178 09:37:57     -484.995520       0.0077       0.0000       0.0181       0.6184
Sella 179 09:37:57     -484.995536       0.0170       0.0000       0.0181       0.9186
Sella 180 09:37:57     -484.995515       0.0161       0.0000       0.0117      -0.4629
Sella 181 09:37:57     -484.995578       0.0300       0.0000       0.0117       1.2007
Sella 182 09:37:57     -484.995620       0.0149       0.0000       0.0117       1.1595
Sella 183 09:37:57     -484.995644       0.0080       0.0000       0.0135       0.9667
Sella 184 09:37:57     -484.995671       0.0081       0.0000       0.0135       0.9246
Sella 185 09:37:57     -484.995687       0.0074       0.0000       0.0135       0.9146
Sella 186 09:37:57     -484.995710       0.0068       0.0000       0.0135       1.0927
Sella 187 09:37:57     -484.995736       0.0049       0.0000       0.0135       0.8404
Sella 188 09:37:57     -484.995773       0.0079       0.0000       0.0135       0.8704
Sella 189 09:37:57     -484.995804       0.0088       0.0000       0.0155       1.0231
Sella 190 09:37:57     -484.995846       0.0128       0.0000       0.0155       1.0590
Sella 191 09:37:57     -484.995866       0.0066       0.0000       0.0155       0.7463
Sella 192 09:37:57     -484.995878       0.0090       0.0000       0.0155       0.8855
Sella 193 09:37:57     -484.995900       0.0135       0.0000       0.0155       0.8248
Sella 194 09:37:57     -484.995916       0.0140       0.0000       0.0155       0.8266
Sella 195 09:37:57     -484.995929       0.0073       0.0000       0.0155       1.3738
Sella 196 09:37:57     -484.995944       0.0081       0.0000       0.0155       0.8982
Sella 197 09:37:57     -484.995956       0.0073       0.0000       0.0155       0.7829
Sella 198 09:37:57     -484.995968       0.0090       0.0000       0.0155       1.1413
Sella 199 09:37:57     -484.995972       0.0045       0.0000       0.0155       0.4788
Sella 200 09:37:57     -484.995976       0.0100       0.0000       0.0155       1.1182
Sella 201 09:37:57     -484.995977       0.0053       0.0000       0.0155       0.2303
Sella 202 09:37:57     -484.995977       0.0071       0.0000       0.0044       0.1673
Sella 203 09:37:57     -484.995979       0.0063       0.0000       0.0044       1.3255
Sella 204 09:37:57     -484.995979       0.0042       0.0000       0.0029      -0.4005
Sella 205 09:37:57     -484.995980       0.0043       0.0000       0.0029       1.3549
Sella 206 09:37:57     -484.995981       0.0024       0.0000       0.0029       1.2736
Sella 207 09:37:57     -484.995982       0.0030       0.0000       0.0033       0.9906
Sella 208 09:37:57     -484.995984       0.0033       0.0000       0.0033       1.0804
Sella 209 09:37:57     -484.995984       0.0014       0.0000       0.0033       0.8704
Sella 210 09:37:57     -484.995985       0.0011       0.0000       0.0033       0.9612
Sella 211 09:37:57     -484.995985       0.0010       0.0000       0.0033       1.1576
Sella 212 09:37:57     -484.995985       0.0009       0.0000       0.0033       1.6115
Sella 213 09:37:57     -484.995985       0.0011       0.0000       0.0033       0.8402
Sella 214 09:37:57     -484.995985       0.0016       0.0000       0.0033       0.9385
Sella 215 09:37:57     -484.995986       0.0007       0.0000       0.0033       1.5808
Sella 216 09:37:57     -484.995986       0.0005       0.0000       0.0033       1.2909
Sella 217 09:37:57     -484.995986       0.0007       0.0000       0.0033       1.1520
Sella 218 09:37:57     -484.995986       0.0004       0.0000       0.0033       1.3166
Sella 219 09:37:57     -484.995986       0.0003       0.0000       0.0033       0.8931
Sella 220 09:37:57     -484.995986       0.0006       0.0000       0.0033       1.4099
Sella 221 09:37:57     -484.995986       0.0005       0.0000       0.0033       2.9286
Sella 222 09:37:57     -484.995986       0.0076       0.0000       0.0002      -0.0543
Sella 223 09:37:57     -484.995986       0.0004       0.0000       0.0002       1.3474
Sella 224 09:37:57     -484.995986       0.0002       0.0000       0.0002       0.9269
