     Step     Time          Energy         fmax         cmax       rtrust          rho
Sella   0 09:38:02     -482.427255       4.9927       0.0000       0.1000       1.0000
Sella   1 09:38:02     -482.310524       4.9927       0.0000       0.1000       0.8804
Sella   2 09:38:02     -482.126717       3.6313       0.0000       0.1000       0.9060
Sella   3 09:38:02     -481.996647       2.7440       0.0000       0.1000       0.9423
Sella   4 09:38:02     -481.860148       2.0184       0.0000       0.1150       0.9931
Sella   5 09:38:02     -481.771485       1.6467       0.0000       0.1150       2.1904
Sella   6 09:38:02     -481.938872       1.4431       0.0000       0.1150       1.1063
Sella   7 09:38:02     -482.554188       1.3218       0.0000       0.1150       1.1099
Sella   8 09:38:02     -482.846808       1.3314       0.0000       0.1150       0.6313
Sella   9 09:38:02     -483.186391       2.3563       0.0000       0.1150       0.8746
Sella  10 09:38:02     -483.456988       0.9586       0.0000       0.1150       0.8686
Sella  11 09:38:02     -483.721603       1.2481       0.0000       0.1322       1.0196
Sella  12 09:38:02     -484.021949       0.9849       0.0000       0.1322       1.0810
Sella  13 09:38:02     -484.139851       0.8608       0.0000       0.1322       0.4964
Sella  14 09:38:02     -484.299903       1.5166       0.0000       0.1322       0.8870
Sella  15 09:38:02     -484.422146       0.8673       0.0000       0.1405       1.0102
Sella  16 09:38:02     -484.487501       1.2013       0.0000       0.1405       1.0916
Sella  17 09:38:02     -484.554694       0.7283       0.0000       0.1405       1.1303
Sella  18 09:38:02     -484.589825       0.7035       0.0000       0.1405       0.7194
Sella  19 09:38:02     -484.620785       0.8304       0.0000       0.1405       1.1990
Sella  20 09:38:02     -484.635951       0.4157       0.0000       0.1405       0.8022
Sella  21 09:38:02     -484.651774       0.7335       0.0000       0.1405       1.1519
Sella  22 09:38:02     -484.660522       0.4312       0.0000       0.1405       1.1233
Sella  23 09:38:02     -484.666576       0.2234       0.0000       0.1405       1.0706
Sella  24 09:38:02     -484.670034       0.1829       0.0000       0.1405       1.1989
Sella  25 09:38:02     -484.673343       0.1804       0.0000       0.1405       0.6466
Sella  26 09:38:02     -484.677568       0.3742       0.0000       0.1405       1.6155
Sella  27 09:38:02     -484.685435       0.1680       0.0000       0.1405       1.3046
Sella  28 09:38:02     -484.690209       0.1704       0.0000       0.1405       1.2882
Sella  29 09:38:02     -484.692742       0.1792       0.0000       0.1405       1.2822
Sella  30 09:38:02     -484.694275       0.0975       0.0000       0.1405       0.9744
Sella  31 09:38:02     -484.695074       0.0936       0.0000       0.1405       1.3088
Sella  32 09:38:02     -484.695639       0.0764       0.0000       0.1405       1.2521
Sella  33 09:38:02     -484.695913       0.0532       0.0000       0.1405       1.3877
Sella  34 09:38:02     -484.696081       0.0301       0.0000       0.1405       1.2122
Sella  35 09:38:02     -484.696141       0.0199       0.0000       0.1405       1.2581
Sella  36 09:38:02     -484.696173       0.0148       0.0000       0.1405       1.4442
Sella  37 09:38:02     -484.696203       0.0134       0.0000       0.1405       1.3045
Sella  38 09:38:02     -484.696224       0.0088       0.0000       0.1405       1.4110
Sella  39 09:38:02     -484.696236       0.0106       0.0000       0.1405       1.3744
Sella  40 09:38:02     -484.696243       0.0075       0.0000       0.1405       1.3709
Sella  41 09:38:02     -484.696249       0.0040       0.0000       0.1405       1.4743
Sella  42 09:38:02     -484.696254       0.0041       0.0000       0.1405       1.3443
Sella  43 09:38:02     -484.696257       0.0029       0.0000       0.1405       1.3927
Sella  44 09:38:02     -484.696258       0.0027       0.0000       0.1405       1.2863
Sella  45 09:38:02     -484.696259       0.0019       0.0000       0.1405       1.3137
Sella  46 09:38:02     -484.696259       0.0008       0.0000       0.1405       1.5645
Sella  47 09:38:02     -484.696259       0.0009       0.0000       0.1405       1.4061
Sella  48 09:38:02     -484.696260       0.0008       0.0000       0.1405       1.5922
Sella  49 09:38:02     -484.696261       0.0012       0.0000       0.1405       1.4070
Sella  50 09:38:02     -484.696262       0.0014       0.0000       0.1405       1.4437
Sella  51 09:38:02     -484.696263       0.0015       0.0000       0.1405       1.4013
Sella  52 09:38:02     -484.696264       0.0018       0.0000       0.1405       1.3502
Sella  53 09:38:02     -484.696265       0.0022       0.0000       0.1405       1.4773
Sella  54 09:38:02     -484.696266       0.0015       0.0000       0.1405       1.4190
Sella  55 09:38:02     -484.696266       0.0011       0.0000       0.1405       1.3709
Sella  56 09:38:02     -484.696266       0.0006       0.0000       0.1405       1.3982
Sella  57 09:38:02     -484.696266       0.0004       0.0000       0.1405       1.3731
Sella  58 09:38:02     -484.696266       0.0003       0.0000       0.1405       1.3907
Sella  59 09:38:02     -484.696266       0.0002       0.0000       0.1405       1.3261
Sella  60 09:38:02     -484.696266       0.0001       0.0000       0.1405       1.3818
