     Step     Time          Energy         fmax         cmax       rtrust          rho
Sella   0 09:37:51     -485.071026       2.8053       0.0000       0.1000       1.0000
Sella   1 09:37:51     -484.715267       2.8053       0.0000       0.1000       1.1169
Sella   2 09:37:51     -484.544212       0.9560       0.0000       0.0262     -23.3044
Sella   3 09:37:51     -484.627921       2.0140       0.0000       0.0262       0.8291
Sella   4 09:37:51     -484.634239       0.4476       0.0000       0.0262       0.5864
Sella   5 09:37:51     -484.651274       0.3249       0.0000       0.0262       0.7640
Sella   6 09:37:51     -484.667623       0.3659       0.0000       0.0262       1.2238
Sella   7 09:37:51     -484.679504       0.2286       0.0000       0.0262       0.8488
Sella   8 09:37:51     -484.685632       0.3668       0.0000       0.0262       0.5552
Sella   9 09:37:51     -484.687440       0.4334       0.0000       0.0262       0.7579
Sella  10 09:37:51     -484.688463       0.1677       0.0000       0.0262       0.6408
Sella  11 09:37:51     -484.689340       0.1463       0.0000       0.0262       1.4061
Sella  12 09:37:51     -484.690299       0.0590       0.0000       0.0262       1.4966
Sella  13 09:37:51     -484.691628       0.0563       0.0000       0.0262       1.4834
Sella  14 09:37:51     -484.693177       0.0863       0.0000       0.0262       0.9157
Sella  15 09:37:51     -484.693869       0.1665       0.0000       0.0262       0.9225
Sella  16 09:37:51     -484.694792       0.1212       0.0000       0.0262       1.1299
Sella  17 09:37:51     -484.695484       0.0633       0.0000       0.0262       1.6121
Sella  18 09:37:51     -484.695705       0.0466       0.0000       0.0262       0.3744
Sella  19 09:37:51     -484.695944       0.0866       0.0000       0.0262       0.9592
Sella  20 09:37:51     -484.696014       0.0286       0.0000       0.0262       1.0319
Sella  21 09:37:51     -484.696095       0.0281       0.0000       0.0262       1.2802
Sella  22 09:37:51     -484.696188       0.0295       0.0000       0.0262       1.0312
Sella  23 09:37:51     -484.696206       0.0120       0.0000       0.0262       1.5158
Sella  24 09:37:51     -484.696234       0.0088       0.0000       0.0262       1.3334
Sella  25 09:37:51     -484.696249       0.0094       0.0000       0.0262       1.3376
Sella  26 09:37:51     -484.696254       0.0059       0.0000       0.0262       1.2080
Sella  27 09:37:51     -484.696256       0.0037       0.0000       0.0262       1.4633
Sella  28 09:37:51     -484.696260       0.0029       0.0000       0.0262       1.2913
Sella  29 09:37:51     -484.696262       0.0034       0.0000       0.0262       1.3228
Sella  30 09:37:51     -484.696263       0.0019       0.0000       0.0262       1.4741
Sella  31 09:37:51     -484.696264       0.0017       0.0000       0.0262       1.4852
Sella  32 09:37:51     -484.696266       0.0017       0.0000       0.0262       1.2348
Sella  33 09:37:51     -484.696266       0.0012       0.0000       0.0262       1.2546
Sella  34 09:37:51     -484.696266       0.0004       0.0000       0.0262       1.3580
Sella  35 09:37:51     -484.696266       0.0002       0.0000       0.0262       1.3848
Sella  36 09:37:51     -484.696266       0.0002       0.0000       0.0262       1.4407
Sella  37 09:37:51     -484.696266       0.0001       0.0000       0.0262       1.6273
