     Step     Time          Energy         fmax         cmax       rtrust          rho
Sella   0 09:48:19     -484.755542       0.4611       0.0000       0.1000       1.0000
Sella   1 09:48:19     -484.834411       0.4611       0.0000       0.1000       0.8687
Sella   2 09:48:19     -484.864552       0.2695       0.0000       0.1000       0.8841
Sella   3 09:48:19     -484.845174       0.3300       0.0000       0.0650       7.1633
Sella   4 09:48:19     -484.829350       0.4136       0.0000       0.0650       1.6647
Sella   5 09:48:19     -484.839852       0.6958       0.0000       0.0650       0.6595
Sella   6 09:48:19     -484.873716       0.2287       0.0000       0.0747       1.0088
Sella   7 09:48:19     -484.903402       0.1325       0.0000       0.0860       0.9987
Sella   8 09:48:19     -484.924055       0.1048       0.0000       0.0989       1.0114
Sella   9 09:48:19     -484.924834       0.1683       0.0000       0.0989       0.4165
Sella  10 09:48:19     -484.921864       0.3509       0.0000       0.0989       1.2676
Sella  11 09:48:20     -484.939337       0.1106       0.0000       0.0989       1.0420
Sella  12 09:48:20     -484.946404       0.0864       0.0000       0.0989       0.8925
Sella  13 09:48:20     -484.955208       0.2211       0.0000       0.0989       0.8128
Sella  14 09:48:20     -484.962229       0.0891       0.0000       0.0989       2.0930
Sella  15 09:48:20     -484.969263       0.0703       0.0000       0.0989       0.5957
Sella  16 09:48:20     -484.969942       0.3781       0.0000       0.0989       0.5113
Sella  17 09:48:20     -484.976136       0.3655       0.0000       0.0989       1.0781
Sella  18 09:48:20     -484.978854       0.1149       0.0000       0.0989       1.4433
Sella  19 09:48:20     -484.980757       0.1678       0.0000       0.0989       0.6908
Sella  20 09:48:20     -484.977993       0.2483       0.0000       0.0989       1.1225
Sella  21 09:48:20     -484.974037       0.2050       0.0000       0.0989       1.9224
Sella  22 09:48:20     -484.962897       0.1802       0.0000       0.0989       1.1464
Sella  23 09:48:20     -484.970593       0.2049       0.0000       0.1137       0.9987
Sella  24 09:48:20     -484.975641       0.0621       0.0000       0.1137       1.1760
Sella  25 09:48:20     -484.978260       0.0812       0.0000       0.1137       0.8396
Sella  26 09:48:20     -484.978827       0.0864       0.0000       0.1137       0.4500
Sella  27 09:48:20     -484.980084       0.1166       0.0000       0.1137       0.7790
Sella  28 09:48:20     -484.978747       0.1220       0.0000       0.1137       0.8812
Sella  29 09:48:20     -484.977245       0.1376       0.0000       0.1137       1.0768
Sella  30 09:48:20     -484.973097       0.0989       0.0000       0.1137       3.6283
Sella  31 09:48:20     -484.975756       0.2084       0.0000       0.1137       0.7067
Sella  32 09:48:20     -484.979299       0.1507       0.0000       0.1137       0.8700
Sella  33 09:48:20     -484.980623       0.1129       0.0000       0.1137       0.5317
Sella  34 09:48:20     -484.979664       0.1373       0.0000       0.0739      -0.6618
Sella  35 09:48:20     -484.981209       0.2104       0.0000       0.0739       0.6898
Sella  36 09:48:20     -484.980875       0.1768       0.0000       0.0739       0.5967
Sella  37 09:48:20     -484.955957       0.1881       0.0000       0.0480       9.7845
Sella  38 09:48:20     -484.981134       0.9033       0.0000       0.0552       0.9915
Sella  39 09:48:20     -484.981144       0.1218       0.0000       0.0359       0.0167
Sella  40 09:48:20     -484.981150       0.1666       0.0000       0.0233       0.0285
Sella  41 09:48:20     -484.981373       0.0458       0.0000       0.0268       1.0340
Sella  42 09:48:20     -484.981511       0.0206       0.0000       0.0268       1.2496
Sella  43 09:48:20     -484.981580       0.0237       0.0000       0.0268       0.7208
Sella  44 09:48:20     -484.981524       0.0365       0.0000       0.0174      -0.3441
Sella  45 09:48:20     -484.981650       0.0534       0.0000       0.0174       0.9066
Sella  46 09:48:20     -484.981685       0.0145       0.0000       0.0174       1.5410
Sella  47 09:48:20     -484.981657       0.0183       0.0000       0.0174       3.3384
Sella  48 09:48:20     -484.981637       0.0136       0.0000       0.0174       4.0788
Sella  49 09:48:20     -484.981474       0.0150       0.0000       0.0201       0.9893
Sella  50 09:48:20     -484.981654       0.0125       0.0000       0.0231       0.9995
Sella  51 09:48:20     -484.981659       0.0052       0.0000       0.0231       0.3459
Sella  52 09:48:20     -484.981398       0.0098       0.0000       0.0265       1.0082
Sella  53 09:48:20     -484.980974       0.0087       0.0000       0.0265       1.1350
Sella  54 09:48:20     -484.981070       0.0189       0.0000       0.0305       0.9905
Sella  55 09:48:20     -484.981378       0.0125       0.0000       0.0351       0.9692
Sella  56 09:48:20     -484.981401       0.0099       0.0000       0.0351       0.5758
Sella  57 09:48:20     -484.981437       0.0207       0.0000       0.0351       0.5309
Sella  58 09:48:21     -484.981204       0.0297       0.0000       0.0351       1.0530
Sella  59 09:48:21     -484.981158       0.0355       0.0000       0.0351       1.7229
Sella  60 09:48:21     -484.980919       0.0118       0.0000       0.0351       1.0508
Sella  61 09:48:21     -484.980470       0.0321       0.0000       0.0351       1.0676
Sella  62 09:48:21     -484.980297       0.0311       0.0000       0.0351       0.8567
Sella  63 09:48:21     -484.980179       0.0177       0.0000       0.0351       2.2116
Sella  64 09:48:21     -484.980237       0.0247       0.0000       0.0351       0.9064
Sella  65 09:48:21     -484.980219       0.0108       0.0000       0.0228       7.4760
Sella  66 09:48:21     -484.980101       0.0329       0.0000       0.0262       1.0210
Sella  67 09:48:21     -484.980088       0.0213       0.0000       0.0170      -0.6782
Sella  68 09:48:21     -484.979901       0.0182       0.0000       0.0196       0.9801
Sella  69 09:48:21     -484.979594       0.0074       0.0000       0.0225       0.9950
Sella  70 09:48:21     -484.979417       0.0070       0.0000       0.0259       1.0114
Sella  71 09:48:21     -484.979390       0.0151       0.0000       0.0169      -1.4340
Sella  72 09:48:21     -484.979498       0.0315       0.0000       0.0169       0.8818
Sella  73 09:48:21     -484.979562       0.0044       0.0000       0.0169       0.8755
Sella  74 09:48:21     -484.979619       0.0055       0.0000       0.0169       0.9090
Sella  75 09:48:21     -484.979583       0.0045       0.0000       0.0169       1.0529
Sella  76 09:48:21     -484.979440       0.0073       0.0000       0.0194       0.9873
Sella  77 09:48:21     -484.979633       0.0079       0.0000       0.0223       0.9922
Sella  78 09:48:21     -484.979700       0.0057       0.0000       0.0223       0.9568
Sella  79 09:48:21     -484.979711       0.0086       0.0000       0.0145       0.1567
Sella  80 09:48:21     -484.979683       0.0257       0.0000       0.0145       1.0956
Sella  81 09:48:21     -484.979642       0.0033       0.0000       0.0145       0.9634
Sella  82 09:48:21     -484.979636       0.0063       0.0000       0.0145       1.3801
Sella  83 09:48:21     -484.979653       0.0096       0.0000       0.0145       1.0490
Sella  84 09:48:21     -484.979583       0.0119       0.0000       0.0167       0.9724
Sella  85 09:48:21     -484.979425       0.0083       0.0000       0.0192       1.0002
Sella  86 09:48:21     -484.979340       0.0143       0.0000       0.0220       1.0238
Sella  87 09:48:21     -484.979149       0.0106       0.0000       0.0220       1.0356
Sella  88 09:48:21     -484.978954       0.0198       0.0000       0.0253       0.9774
Sella  89 09:48:21     -484.978734       0.0200       0.0000       0.0253       1.1403
Sella  90 09:48:21     -484.978615       0.0411       0.0000       0.0253       1.4196
Sella  91 09:48:21     -484.978573       0.0366       0.0000       0.0253       3.0729
Sella  92 09:48:21     -484.978601       0.0276       0.0000       0.0253       0.4441
Sella  93 09:48:21     -484.978593       0.0271       0.0000       0.0165      -1.0525
Sella  94 09:48:21     -484.978565       0.0183       0.0000       0.0165       2.4073
Sella  95 09:48:21     -484.978615       0.0233       0.0000       0.0165       0.8918
Sella  96 09:48:22     -484.978576       0.0055       0.0000       0.0165       1.0653
Sella  97 09:48:22     -484.978493       0.0061       0.0000       0.0189       0.9865
Sella  98 09:48:22     -484.978300       0.0064       0.0000       0.0189       2.9022
Sella  99 09:48:22     -484.978202       0.0509       0.0000       0.0189       1.1119
Sella 100 09:48:22     -484.978081       0.0119       0.0000       0.0218       0.9858
Sella 101 09:48:22     -484.976852       0.0108       0.0000       0.0142      18.8532
Sella 102 09:48:22     -484.977648       0.1434       0.0000       0.0163       0.9777
Sella 103 09:48:22     -484.977535       0.0231       0.0000       0.0187       0.9694
Sella 104 09:48:22     -484.977400       0.0091       0.0000       0.0215       1.0232
Sella 105 09:48:22     -484.977169       0.0148       0.0000       0.0215       1.2719
Sella 106 09:48:22     -484.977005       0.0402       0.0000       0.0215       1.0895
Sella 107 09:48:22     -484.976828       0.0223       0.0000       0.0248       1.0032
Sella 108 09:48:22     -484.976610       0.0255       0.0000       0.0285       0.9809
Sella 109 09:48:22     -484.976389       0.0166       0.0000       0.0285       2.2230
Sella 110 09:48:22     -484.976225       0.0399       0.0000       0.0285       1.2209
Sella 111 09:48:22     -484.975949       0.0328       0.0000       0.0327       0.9944
Sella 112 09:48:22     -484.975711       0.0294       0.0000       0.0327       0.9555
Sella 113 09:48:22     -484.975431       0.0205       0.0000       0.0327       1.7975
Sella 114 09:48:22     -484.972913       0.0703       0.0000       0.0327       4.4905
Sella 115 09:48:22     -484.974653       0.2188       0.0000       0.0327       0.9402
Sella 116 09:48:22     -484.974709       0.0654       0.0000       0.0327       1.4402
Sella 117 09:48:22     -484.974531       0.0356       0.0000       0.0327       1.5982
Sella 118 09:48:22     -484.974318       0.0244       0.0000       0.0327       1.0708
Sella 119 09:48:22     -484.973926       0.0508       0.0000       0.0327       0.9600
Sella 120 09:48:22     -484.973955       0.0359       0.0000       0.0327       0.7359
Sella 121 09:48:22     -484.973865       0.0095       0.0000       0.0327       1.1911
Sella 122 09:48:22     -484.973636       0.0224       0.0000       0.0327       1.2035
Sella 123 09:48:22     -484.973575       0.0282       0.0000       0.0327       1.3814
Sella 124 09:48:22     -484.973346       0.0236       0.0000       0.0327       1.0535
Sella 125 09:48:22     -484.973034       0.0361       0.0000       0.0327       1.0638
Sella 126 09:48:22     -484.972700       0.0280       0.0000       0.0327       0.9368
Sella 127 09:48:22     -484.972581       0.0159       0.0000       0.0327       1.1683
Sella 128 09:48:22     -484.972328       0.0116       0.0000       0.0327       1.0738
Sella 129 09:48:22     -484.972219       0.0255       0.0000       0.0327       1.2805
Sella 130 09:48:22     -484.972070       0.0134       0.0000       0.0327       1.1478
Sella 131 09:48:22     -484.971798       0.0181       0.0000       0.0327       1.0752
Sella 132 09:48:22     -484.971491       0.0251       0.0000       0.0327       0.9559
Sella 133 09:48:22     -484.971476       0.0154       0.0000       0.0327       0.8222
Sella 134 09:48:22     -484.971486       0.0195       0.0000       0.0213       0.1985
Sella 135 09:48:22     -484.971371       0.0168       0.0000       0.0213       1.0979
Sella 136 09:48:22     -484.971261       0.0072       0.0000       0.0245       1.0182
Sella 137 09:48:22     -484.971098       0.0178       0.0000       0.0245       0.9556
Sella 138 09:48:22     -484.970973       0.0213       0.0000       0.0282       1.0277
Sella 139 09:48:22     -484.970844       0.0109       0.0000       0.0282       1.1171
Sella 140 09:48:22     -484.970634       0.0191       0.0000       0.0282       0.9641
Sella 141 09:48:22     -484.964566       0.0265       0.0000       0.0183      14.7011
Sella 142 09:48:22     -484.970114       0.4007       0.0000       0.0210       0.9946
Sella 143 09:48:22     -484.970423       0.0448       0.0000       0.0210       0.8229
Sella 144 09:48:22     -484.970335       0.0470       0.0000       0.0210       0.9400
Sella 145 09:48:22     -484.966166       0.0502       0.0000       0.0137      12.5982
Sella 146 09:48:22     -484.969870       0.3552       0.0000       0.0157       0.9966
Sella 147 09:48:22     -484.970347       0.0545       0.0000       0.0157       1.2641
Sella 148 09:48:23     -484.970309       0.0163       0.0000       0.0157       0.7308
Sella 149 09:48:23     -484.970241       0.0123       0.0000       0.0157       0.8526
Sella 150 09:48:23     -484.970191       0.0046       0.0000       0.0157       1.0835
Sella 151 09:48:23     -484.970096       0.0113       0.0000       0.0181       0.9961
Sella 152 09:48:23     -484.969910       0.0100       0.0000       0.0181       1.6322
Sella 153 09:48:23     -484.969895       0.0302       0.0000       0.0181       0.5625
Sella 154 09:48:23     -484.969932       0.0078       0.0000       0.0181       0.8677
Sella 155 09:48:23     -484.969927       0.0027       0.0000       0.0181       2.1367
Sella 156 09:48:23     -484.969862       0.0059       0.0000       0.0208       1.0134
Sella 157 09:48:23     -484.969747       0.0070       0.0000       0.0208       1.0441
Sella 158 09:48:23     -484.969828       0.0099       0.0000       0.0239       1.0076
Sella 159 09:48:23     -484.969805       0.0041       0.0000       0.0156      -5.4196
Sella 160 09:48:23     -484.969880       0.0139       0.0000       0.0156       0.9253
Sella 161 09:48:23     -484.969942       0.0117       0.0000       0.0156       1.0663
Sella 162 09:48:23     -484.969860       0.0101       0.0000       0.0156       1.0807
Sella 163 09:48:23     -484.969830       0.0096       0.0000       0.0156       2.5435
Sella 164 09:48:23     -484.969819       0.0233       0.0000       0.0156       0.9431
Sella 165 09:48:23     -484.969806       0.0023       0.0000       0.0179       0.9728
Sella 166 09:48:23     -484.969757       0.0051       0.0000       0.0206       0.9850
Sella 167 09:48:23     -484.969649       0.0080       0.0000       0.0206       1.0465
Sella 168 09:48:23     -484.969567       0.0145       0.0000       0.0236       0.9940
Sella 169 09:48:23     -484.969449       0.0114       0.0000       0.0272       1.0021
Sella 170 09:48:23     -484.969317       0.0105       0.0000       0.0313       1.0048
Sella 171 09:48:23     -484.969201       0.0208       0.0000       0.0313       1.0902
Sella 172 09:48:23     -484.969029       0.0291       0.0000       0.0313       0.8970
Sella 173 09:48:23     -484.968967       0.0245       0.0000       0.0313       1.1869
Sella 174 09:48:23     -484.968932       0.0147       0.0000       0.0203      -1.0460
Sella 175 09:48:23     -484.968894       0.0408       0.0000       0.0203       1.3623
Sella 176 09:48:23     -484.968938       0.0063       0.0000       0.0203       0.9350
Sella 177 09:48:23     -484.968962       0.0037       0.0000       0.0203       0.9194
Sella 178 09:48:23     -484.968924       0.0083       0.0000       0.0203       1.0497
Sella 179 09:48:23     -484.968882       0.0100       0.0000       0.0203       1.0762
Sella 180 09:48:23     -484.968959       0.0107       0.0000       0.0203       0.9072
Sella 181 09:48:23     -484.968917       0.0030       0.0000       0.0203       1.2565
Sella 182 09:48:23     -484.968888       0.0114       0.0000       0.0203       2.2984
Sella 183 09:48:23     -484.968792       0.0118       0.0000       0.0234       1.0081
Sella 184 09:48:23     -484.968660       0.0106       0.0000       0.0269       1.0318
Sella 185 09:48:23     -484.968508       0.0139       0.0000       0.0269       0.9516
Sella 186 09:48:23     -484.968432       0.0125       0.0000       0.0269       2.1125
Sella 187 09:48:23     -484.968349       0.0185       0.0000       0.0269       0.9647
Sella 188 09:48:23     -484.968250       0.0061       0.0000       0.0269       1.0770
Sella 189 09:48:23     -484.968205       0.0153       0.0000       0.0269       1.0806
Sella 190 09:48:23     -484.968147       0.0169       0.0000       0.0309       1.0278
Sella 191 09:48:23     -484.968080       0.0135       0.0000       0.0309       0.9563
Sella 192 09:48:24     -484.968076       0.0080       0.0000       0.0201      -1.1124
Sella 193 09:48:24     -484.968065       0.0183       0.0000       0.0201       0.7146
Sella 194 09:48:24     -484.968022       0.0132       0.0000       0.0201       1.5604
Sella 195 09:48:24     -484.966523       0.0272       0.0000       0.0131       7.0581
Sella 196 09:48:24     -484.967827       0.1167       0.0000       0.0150       0.9862
Sella 197 09:48:24     -484.967878       0.0246       0.0000       0.0150       1.2215
Sella 198 09:48:24     -484.967843       0.0108       0.0000       0.0173       1.0343
Sella 199 09:48:24     -484.967790       0.0144       0.0000       0.0173       0.9510
Sella 200 09:48:24     -484.967742       0.0155       0.0000       0.0173       1.0476
Sella 201 09:48:24     -484.967696       0.0081       0.0000       0.0173       1.9958
Sella 202 09:48:24     -484.967705       0.0189       0.0000       0.0173       0.6318
Sella 203 09:48:24     -484.967698       0.0065       0.0000       0.0199       1.0161
Sella 204 09:48:24     -484.967690       0.0090       0.0000       0.0199       0.8016
Sella 205 09:48:24     -484.967705       0.0080       0.0000       0.0228       1.0061
Sella 206 09:48:24     -484.967724       0.0077       0.0000       0.0228       0.8935
Sella 207 09:48:24     -484.967712       0.0102       0.0000       0.0263       0.9734
Sella 208 09:48:24     -484.967645       0.0088       0.0000       0.0302       1.0062
Sella 209 09:48:24     -484.967395       0.0059       0.0000       0.0302       1.5612
Sella 210 09:48:24     -484.967236       0.0256       0.0000       0.0302       2.6538
Sella 211 09:48:24     -484.967456       0.0497       0.0000       0.0302       0.9229
Sella 212 09:48:24     -484.967607       0.0077       0.0000       0.0347       1.0237
Sella 213 09:48:24     -484.967702       0.0043       0.0000       0.0347       0.8819
Sella 214 09:48:24     -484.967769       0.0106       0.0000       0.0347       0.7051
Sella 215 09:48:24     -484.967797       0.0355       0.0000       0.0347       1.8357
Sella 216 09:48:24     -484.967295       0.0491       0.0000       0.0226    -298.9889
Sella 217 09:48:24     -484.967576       0.1157       0.0000       0.0226       0.8831
Sella 218 09:48:24     -484.967589       0.0224       0.0000       0.0147      -9.4997
Sella 219 09:48:24     -484.967632       0.0132       0.0000       0.0147       0.8842
Sella 220 09:48:24     -484.967638       0.0031       0.0000       0.0147       0.5323
Sella 221 09:48:24     -484.967678       0.0053       0.0000       0.0147       0.9538
Sella 222 09:48:24     -484.967733       0.0053       0.0000       0.0147       1.0449
Sella 223 09:48:24     -484.967751       0.0056       0.0000       0.0147       0.9315
Sella 224 09:48:24     -484.967740       0.0022       0.0000       0.0169       0.9936
Sella 225 09:48:24     -484.967714       0.0037       0.0000       0.0194       0.9779
Sella 226 09:48:24     -484.967696       0.0033       0.0000       0.0194       0.9597
Sella 227 09:48:24     -484.967704       0.0066       0.0000       0.0194       0.2452
Sella 228 09:48:24     -484.967746       0.0059       0.0000       0.0194       0.8514
Sella 229 09:48:24     -484.967798       0.0283       0.0000       0.0194       1.2722
Sella 230 09:48:24     -484.967772       0.0257       0.0000       0.0194       1.3226
Sella 231 09:48:24     -484.967745       0.0032       0.0000       0.0194       1.1189
Sella 232 09:48:24     -484.967685       0.0059       0.0000       0.0223       1.0240
Sella 233 09:48:24     -484.967596       0.0058       0.0000       0.0257       1.0114
Sella 234 09:48:24     -484.967541       0.0085       0.0000       0.0257       1.0571
Sella 235 09:48:24     -484.967542       0.0049       0.0000       0.0167       0.1226
Sella 236 09:48:24     -484.967580       0.0127       0.0000       0.0167       1.0819
Sella 237 09:48:24     -484.967600       0.0054       0.0000       0.0167       1.0394
Sella 238 09:48:24     -484.967630       0.0065       0.0000       0.0167       1.0622
Sella 239 09:48:24     -484.967681       0.0083       0.0000       0.0167       1.0432
Sella 240 09:48:24     -484.967533       0.0081       0.0000       0.0108      -3.2094
Sella 241 09:48:24     -484.967713       0.0612       0.0000       0.0125       0.9732
Sella 242 09:48:24     -484.967668       0.0028       0.0000       0.0143       1.0266
Sella 243 09:48:24     -484.967622       0.0065       0.0000       0.0165       1.0125
Sella 244 09:48:24     -484.967636       0.0054       0.0000       0.0107       0.1839
Sella 245 09:48:24     -484.967704       0.0362       0.0000       0.0107       1.0361
Sella 246 09:48:24     -484.967740       0.0031       0.0000       0.0123       1.0023
Sella 247 09:48:24     -484.967775       0.0036       0.0000       0.0142       0.9986
Sella 248 09:48:24     -484.967782       0.0047       0.0000       0.0163       1.0071
Sella 249 09:48:24     -484.967755       0.0044       0.0000       0.0163       1.0693
Sella 250 09:48:24     -484.967742       0.0071       0.0000       0.0188       0.9906
Sella 251 09:48:24     -484.967719       0.0033       0.0000       0.0216       0.9999
Sella 252 09:48:25     -484.967740       0.0076       0.0000       0.0248       0.9880
Sella 253 09:48:25     -484.967718       0.0022       0.0000       0.0285       1.0016
Sella 254 09:48:25     -484.967623       0.0042       0.0000       0.0328       1.0301
Sella 255 09:48:25     -484.967668       0.0089       0.0000       0.0377       0.9668
Sella 256 09:48:25     -484.967727       0.0031       0.0000       0.0434       1.0201
Sella 257 09:48:25     -484.967632       0.0122       0.0000       0.0434       1.3169
Sella 258 09:48:25     -484.967589       0.0166       0.0000       0.0434       1.3750
Sella 259 09:48:25     -484.967413       0.0121       0.0000       0.0434       1.1981
Sella 260 09:48:25     -484.967520       0.0328       0.0000       0.0434       1.1910
Sella 261 09:48:25     -484.967528       0.0236       0.0000       0.0434       0.2200
Sella 262 09:48:25     -484.967396       0.0281       0.0000       0.0434       0.9256
Sella 263 09:48:25     -484.966749       0.0286       0.0000       0.0282      -8.3410
Sella 264 09:48:25     -484.967362       0.0754       0.0000       0.0324       0.9736
Sella 265 09:48:25     -484.967468       0.0195       0.0000       0.0324       0.8838
Sella 266 09:48:25     -484.967538       0.0105       0.0000       0.0324       0.9127
Sella 267 09:48:25     -484.967561       0.0238       0.0000       0.0324       3.9607
Sella 268 09:48:25     -484.967650       0.0306       0.0000       0.0324       1.1103
Sella 269 09:48:25     -484.967722       0.0054       0.0000       0.0324       1.1878
Sella 270 09:48:25     -484.967575       0.0158       0.0000       0.0324       1.0649
Sella 271 09:48:25     -484.967438       0.0186       0.0000       0.0211      -4.5202
Sella 272 09:48:25     -484.967556       0.0611       0.0000       0.0211       0.7768
Sella 273 09:48:25     -484.967541       0.0081       0.0000       0.0137      -1.1447
Sella 274 09:48:25     -484.967525       0.0076       0.0000       0.0137       1.2891
Sella 275 09:48:25     -484.967490       0.0051       0.0000       0.0137       1.1175
Sella 276 09:48:25     -484.967505       0.0061       0.0000       0.0137       0.6229
Sella 277 09:48:25     -484.967510       0.0116       0.0000       0.0137       0.6921
Sella 278 09:48:25     -484.967507       0.0092       0.0000       0.0137       1.3798
Sella 279 09:48:25     -484.967508       0.0060       0.0000       0.0089      -1.7794
Sella 280 09:48:25     -484.967488       0.0051       0.0000       0.0102       1.0196
Sella 281 09:48:25     -484.967463       0.0021       0.0000       0.0118       1.0094
Sella 282 09:48:25     -484.967480       0.0021       0.0000       0.0118       0.9588
Sella 283 09:48:25     -484.967514       0.0036       0.0000       0.0135       1.0013
Sella 284 09:48:25     -484.967555       0.0012       0.0000       0.0156       1.0006
Sella 285 09:48:25     -484.967611       0.0021       0.0000       0.0179       0.9883
Sella 286 09:48:25     -484.967674       0.0038       0.0000       0.0206       0.9882
Sella 287 09:48:25     -484.967736       0.0074       0.0000       0.0237       0.9934
Sella 288 09:48:25     -484.967784       0.0147       0.0000       0.0237       1.0870
Sella 289 09:48:25     -484.967657       0.0176       0.0000       0.0237       2.2299
Sella 290 09:48:25     -484.967609       0.0282       0.0000       0.0237       1.7164
Sella 291 09:48:25     -484.967522       0.0266       0.0000       0.0237       0.9337
Sella 292 09:48:25     -484.967341       0.0212       0.0000       0.0154       7.4403
Sella 293 09:48:25     -484.967469       0.0624       0.0000       0.0154       1.0587
Sella 294 09:48:25     -484.967507       0.0071       0.0000       0.0154       0.8302
Sella 295 09:48:25     -484.967535       0.0070       0.0000       0.0154       1.1415
Sella 296 09:48:25     -484.967477       0.0071       0.0000       0.0177       0.9899
Sella 297 09:48:25     -484.967394       0.0055       0.0000       0.0177       1.1073
Sella 298 09:48:26     -484.967301       0.0086       0.0000       0.0177       1.3662
Sella 299 09:48:26     -484.967370       0.0209       0.0000       0.0204       1.0068
Sella 300 09:48:26     -484.967411       0.0059       0.0000       0.0204       0.8996
Sella 301 09:48:26     -484.967379       0.0028       0.0000       0.0234       0.9721
Sella 302 09:48:26     -484.967345       0.0076       0.0000       0.0234       1.2252
Sella 303 09:48:26     -484.967409       0.0117       0.0000       0.0269       0.9722
Sella 304 09:48:26     -484.967481       0.0021       0.0000       0.0310       1.0156
Sella 305 09:48:26     -484.967515       0.0049       0.0000       0.0356       0.9919
Sella 306 09:48:26     -484.967386       0.0099       0.0000       0.0410       1.0333
Sella 307 09:48:26     -484.967527       0.0127       0.0000       0.0410       1.1084
Sella 308 09:48:26     -484.967605       0.0208       0.0000       0.0410       0.7888
Sella 309 09:48:26     -484.967444       0.0188       0.0000       0.0266       5.1037
Sella 310 09:48:26     -484.967414       0.0463       0.0000       0.0173      -6.9532
Sella 311 09:48:26     -484.967518       0.0528       0.0000       0.0199       0.9672
Sella 312 09:48:26     -484.967556       0.0036       0.0000       0.0199       1.1426
Sella 313 09:48:26     -484.967486       0.0058       0.0000       0.0199       1.1467
Sella 314 09:48:26     -484.967524       0.0141       0.0000       0.0229       0.9898
Sella 315 09:48:26     -484.967555       0.0051       0.0000       0.0263       1.0066
Sella 316 09:48:26     -484.967600       0.0060       0.0000       0.0303       1.0108
Sella 317 09:48:26     -484.967625       0.0121       0.0000       0.0303       1.1184
Sella 318 09:48:26     -484.967502       0.0128       0.0000       0.0303       1.0393
Sella 319 09:48:26     -484.967353       0.0122       0.0000       0.0303       1.6433
Sella 320 09:48:26     -484.967479       0.0285       0.0000       0.0303       0.9498
Sella 321 09:48:26     -484.967473       0.0026       0.0000       0.0197      -0.3528
Sella 322 09:48:26     -484.967452       0.0170       0.0000       0.0226       0.9687
Sella 323 09:48:26     -484.967411       0.0054       0.0000       0.0260       0.9910
Sella 324 09:48:26     -484.967321       0.0087       0.0000       0.0260       1.0711
Sella 325 09:48:26     -484.967197       0.0110       0.0000       0.0260       1.7954
Sella 326 09:48:26     -484.967320       0.0327       0.0000       0.0299       0.9810
Sella 327 09:48:26     -484.967405       0.0098       0.0000       0.0299       1.0409
Sella 328 09:48:26     -484.967362       0.0059       0.0000       0.0195      17.6275
Sella 329 09:48:26     -484.967377       0.0255       0.0000       0.0195       1.0687
Sella 330 09:48:26     -484.967371       0.0097       0.0000       0.0195       0.6453
Sella 331 09:48:26     -484.967391       0.0072       0.0000       0.0195       1.2093
Sella 332 09:48:26     -484.967423       0.0044       0.0000       0.0195       1.0481
Sella 333 09:48:26     -484.967380       0.0050       0.0000       0.0195       1.0478
Sella 334 09:48:26     -484.967342       0.0038       0.0000       0.0195       1.0575
Sella 335 09:48:26     -484.967358       0.0064       0.0000       0.0195       1.1037
Sella 336 09:48:26     -484.967373       0.0060       0.0000       0.0195       0.7088
Sella 337 09:48:26     -484.967397       0.0071       0.0000       0.0195       0.9594
Sella 338 09:48:26     -484.967432       0.0052       0.0000       0.0195       1.0437
Sella 339 09:48:26     -484.967466       0.0061       0.0000       0.0195       0.7610
Sella 340 09:48:26     -484.967520       0.0083       0.0000       0.0195       0.9389
Sella 341 09:48:26     -484.967581       0.0059       0.0000       0.0224       1.0198
Sella 342 09:48:26     -484.967669       0.0066       0.0000       0.0257       0.9700
Sella 343 09:48:26     -484.967754       0.0112       0.0000       0.0257       0.8964
Sella 344 09:48:26     -484.967769       0.0152       0.0000       0.0257       0.8737
Sella 345 09:48:26     -484.967792       0.0210       0.0000       0.0257       0.7190
Sella 346 09:48:26     -484.967817       0.0077       0.0000       0.0257       0.6755
Sella 347 09:48:26     -484.967834       0.0123       0.0000       0.0257       1.9989
Sella 348 09:48:26     -484.967576       0.0135       0.0000       0.0167       6.0777
Sella 349 09:48:26     -484.967671       0.0593       0.0000       0.0167       0.8931
Sella 350 09:48:27     -484.967641       0.0243       0.0000       0.0167       0.7891
Sella 351 09:48:27     -484.967636       0.0080       0.0000       0.0167       0.7820
Sella 352 09:48:27     -484.967648       0.0022       0.0000       0.0167       1.0646
Sella 353 09:48:27     -484.967654       0.0026       0.0000       0.0167       0.9475
Sella 354 09:48:27     -484.967657       0.0023       0.0000       0.0167       0.5061
Sella 355 09:48:27     -484.967721       0.0047       0.0000       0.0192       1.0048
Sella 356 09:48:27     -484.967779       0.0041       0.0000       0.0221       1.0255
Sella 357 09:48:27     -484.967467       0.0059       0.0000       0.0144      -4.6392
Sella 358 09:48:27     -484.967839       0.0692       0.0000       0.0144       0.9630
Sella 359 09:48:27     -484.967852       0.0025       0.0000       0.0165       0.9918
Sella 360 09:48:27     -484.967890       0.0041       0.0000       0.0190       1.0075
Sella 361 09:48:27     -484.967955       0.0017       0.0000       0.0219       1.0014
Sella 362 09:48:27     -484.968045       0.0032       0.0000       0.0251       0.9876
Sella 363 09:48:27     -484.968148       0.0035       0.0000       0.0289       0.9841
Sella 364 09:48:27     -484.968246       0.0128       0.0000       0.0289       0.9234
Sella 365 09:48:27     -484.968285       0.0300       0.0000       0.0332       1.0080
Sella 366 09:48:27     -484.968340       0.0307       0.0000       0.0332       1.4401
Sella 367 09:48:27     -484.968403       0.0177       0.0000       0.0332       1.2999
Sella 368 09:48:27     -484.968523       0.0151       0.0000       0.0332       0.9327
Sella 369 09:48:27     -484.968594       0.0176       0.0000       0.0332       1.0518
Sella 370 09:48:27     -484.968212       0.0225       0.0000       0.0332       4.9153
Sella 371 09:48:27     -484.968352       0.0650       0.0000       0.0332       0.8080
Sella 372 09:48:27     -484.968391       0.0275       0.0000       0.0332       1.8891
Sella 373 09:48:27     -484.968385       0.0209       0.0000       0.0216      -0.1655
Sella 374 09:48:27     -484.968414       0.0332       0.0000       0.0216       0.7376
Sella 375 09:48:27     -484.968391       0.0160       0.0000       0.0216       1.0876
Sella 376 09:48:27     -484.968380       0.0082       0.0000       0.0216       0.7552
Sella 377 09:48:27     -484.968338       0.0060       0.0000       0.0216       1.3303
Sella 378 09:48:27     -484.968296       0.0094       0.0000       0.0216       1.2850
Sella 379 09:48:27     -484.968358       0.0157       0.0000       0.0249       1.0240
Sella 380 09:48:27     -484.968380       0.0072       0.0000       0.0249       0.9637
Sella 381 09:48:27     -484.968259       0.0060       0.0000       0.0286       0.9917
Sella 382 09:48:27     -484.968173       0.0044       0.0000       0.0329       0.9957
Sella 383 09:48:27     -484.968238       0.0083       0.0000       0.0329       1.2048
Sella 384 09:48:27     -484.968259       0.0170       0.0000       0.0329       1.2986
Sella 385 09:48:27     -484.968357       0.0062       0.0000       0.0329       1.0745
Sella 386 09:48:27     -484.968392       0.0110       0.0000       0.0329       1.0607
Sella 387 09:48:27     -484.968483       0.0032       0.0000       0.0329       0.9317
Sella 388 09:48:27     -484.968348       0.0093       0.0000       0.0329       1.0607
Sella 389 09:48:27     -484.968293       0.0158       0.0000       0.0329       0.8037
Sella 390 09:48:27     -484.968329       0.0160       0.0000       0.0378       1.0173
Sella 391 09:48:27     -484.968352       0.0247       0.0000       0.0378       0.5755
Sella 392 09:48:27     -484.968151       0.0126       0.0000       0.0378       1.1865
Sella 393 09:48:27     -484.967979       0.0144       0.0000       0.0378       1.2495
Sella 394 09:48:27     -484.967854       0.0248       0.0000       0.0378       0.9624
Sella 395 09:48:27     -484.967853       0.0217       0.0000       0.0246      -0.0237
Sella 396 09:48:27     -484.967744       0.0120       0.0000       0.0283       1.0264
Sella 397 09:48:27     -484.967646       0.0124       0.0000       0.0283       1.1931
Sella 398 09:48:28     -484.967264       0.0281       0.0000       0.0184      -5.2583
Sella 399 09:48:28     -484.967613       0.0762       0.0000       0.0211       1.0078
Sella 400 09:48:28     -484.967660       0.0052       0.0000       0.0211       0.7725
Sella 401 09:48:28     -484.967660       0.0177       0.0000       0.0137      -0.0089
Sella 402 09:48:28     -484.967702       0.0142       0.0000       0.0137       0.8855
Sella 403 09:48:28     -484.967724       0.0056       0.0000       0.0137       0.9278
Sella 404 09:48:28     -484.967754       0.0059       0.0000       0.0137       0.7541
Sella 405 09:48:28     -484.967754       0.0094       0.0000       0.0089      -0.2901
Sella 406 09:48:28     -484.967748       0.0070       0.0000       0.0089       0.8717
Sella 407 09:48:28     -484.967744       0.0043       0.0000       0.0089       1.0732
Sella 408 09:48:28     -484.967505       0.0032       0.0000       0.0058      -4.3287
Sella 409 09:48:28     -484.967764       0.1056       0.0000       0.0067       0.9941
Sella 410 09:48:28     -484.967759       0.0082       0.0000       0.0067       1.0361
Sella 411 09:48:28     -484.967750       0.0033       0.0000       0.0067       0.9448
Sella 412 09:48:28     -484.967725       0.0033       0.0000       0.0067       2.1486
Sella 413 09:48:28     -484.967706       0.0110       0.0000       0.0067       1.0448
Sella 414 09:48:28     -484.967687       0.0039       0.0000       0.0077       0.9996
Sella 415 09:48:28     -484.967664       0.0019       0.0000       0.0088       0.9967
Sella 416 09:48:28     -484.967636       0.0019       0.0000       0.0101       1.0039
Sella 417 09:48:28     -484.967589       0.0033       0.0000       0.0101       1.0689
Sella 418 09:48:28     -484.967609       0.0065       0.0000       0.0101       0.8699
Sella 419 09:48:28     -484.967628       0.0059       0.0000       0.0117       1.0227
Sella 420 09:48:28     -484.967624       0.0025       0.0000       0.0117       1.0829
Sella 421 09:48:28     -484.967604       0.0028       0.0000       0.0134       0.9986
Sella 422 09:48:28     -484.967635       0.0038       0.0000       0.0154       1.0083
Sella 423 09:48:28     -484.967663       0.0015       0.0000       0.0177       1.0300
Sella 424 09:48:28     -484.967706       0.0038       0.0000       0.0204       1.0346
Sella 425 09:48:28     -484.967753       0.0029       0.0000       0.0235       1.0072
Sella 426 09:48:28     -484.967700       0.0042       0.0000       0.0235       1.0394
Sella 427 09:48:28     -484.967616       0.0041       0.0000       0.0270       1.0111
Sella 428 09:48:28     -484.967530       0.0069       0.0000       0.0270       1.0940
Sella 429 09:48:28     -484.967507       0.0101       0.0000       0.0270       1.0527
Sella 430 09:48:28     -484.967646       0.0136       0.0000       0.0270       1.1510
Sella 431 09:48:28     -484.967689       0.0183       0.0000       0.0270       0.7678
Sella 432 09:48:28     -484.967619       0.0109       0.0000       0.0310       1.0183
Sella 433 09:48:28     -484.967501       0.0123       0.0000       0.0310       1.0661
Sella 434 09:48:28     -484.967361       0.0143       0.0000       0.0310       1.2596
Sella 435 09:48:28     -484.967357       0.0268       0.0000       0.0310       0.2341
Sella 436 09:48:28     -484.967391       0.0208       0.0000       0.0310       0.8153
Sella 437 09:48:28     -484.967275       0.0061       0.0000       0.0310       1.3203
Sella 438 09:48:28     -484.967234       0.0150       0.0000       0.0310       1.1641
Sella 439 09:48:28     -484.967155       0.0077       0.0000       0.0310       0.8906
Sella 440 09:48:28     -484.967252       0.0129       0.0000       0.0357       1.0143
Sella 441 09:48:28     -484.967294       0.0048       0.0000       0.0357       0.9105
Sella 442 09:48:28     -484.967237       0.0077       0.0000       0.0357       1.0378
Sella 443 09:48:28     -484.967183       0.0025       0.0000       0.0357       0.9552
Sella 444 09:48:28     -484.967213       0.0073       0.0000       0.0410       1.0341
Sella 445 09:48:28     -484.967008       0.0066       0.0000       0.0410       1.1098
Sella 446 09:48:28     -484.967143       0.0159       0.0000       0.0472       1.0198
Sella 447 09:48:29     -484.967288       0.0077       0.0000       0.0472       0.9488
Sella 448 09:48:29     -484.967334       0.0086       0.0000       0.0472       0.7052
Sella 449 09:48:29     -484.967199       0.0137       0.0000       0.0472       1.2592
Sella 450 09:48:29     -484.967062       0.0270       0.0000       0.0472       1.8183
Sella 451 09:48:29     -484.966977       0.0369       0.0000       0.0472       1.5288
Sella 452 09:48:29     -484.966848       0.0286       0.0000       0.0307      80.1032
Sella 453 09:48:29     -484.966943       0.0573       0.0000       0.0307       1.0626
Sella 454 09:48:29     -484.967026       0.0131       0.0000       0.0307       1.0858
Sella 455 09:48:29     -484.967073       0.0117       0.0000       0.0307       1.1149
Sella 456 09:48:29     -484.967047       0.0125       0.0000       0.0307       0.9284
Sella 457 09:48:29     -484.966970       0.0078       0.0000       0.0353       1.0221
Sella 458 09:48:29     -484.967070       0.0152       0.0000       0.0353       0.9556
Sella 459 09:48:29     -484.967136       0.0058       0.0000       0.0353       0.9050
Sella 460 09:48:29     -484.967169       0.0136       0.0000       0.0406       1.0187
Sella 461 09:48:29     -484.967185       0.0342       0.0000       0.0406       0.2469
Sella 462 09:48:29     -484.967213       0.0275       0.0000       0.0406       0.6271
Sella 463 09:48:29     -484.967192       0.0172       0.0000       0.0467       0.9992
Sella 464 09:48:29     -484.967164       0.0139       0.0000       0.0467       0.6417
Sella 465 09:48:29     -484.967207       0.0152       0.0000       0.0467       0.4667
Sella 466 09:48:29     -484.967121       0.0211       0.0000       0.0303       6.2482
Sella 467 09:48:29     -484.967133       0.0270       0.0000       0.0303       0.2692
Sella 468 09:48:29     -484.967074       0.0210       0.0000       0.0197      17.9762
Sella 469 09:48:29     -484.967064       0.0444       0.0000       0.0197       1.0969
Sella 470 09:48:29     -484.967037       0.0157       0.0000       0.0197       0.8492
Sella 471 09:48:29     -484.967029       0.0036       0.0000       0.0197       0.8969
Sella 472 09:48:29     -484.967013       0.0067       0.0000       0.0197       1.0611
Sella 473 09:48:29     -484.966950       0.0047       0.0000       0.0197       1.1432
Sella 474 09:48:29     -484.967013       0.0115       0.0000       0.0197       0.9519
Sella 475 09:48:29     -484.966989       0.0062       0.0000       0.0197       0.9651
Sella 476 09:48:29     -484.966949       0.0032       0.0000       0.0227       1.0072
Sella 477 09:48:29     -484.966954       0.0095       0.0000       0.0227       0.4568
Sella 478 09:48:29     -484.966963       0.0085       0.0000       0.0227       0.3992
Sella 479 09:48:29     -484.966940       0.0148       0.0000       0.0227       1.5159
Sella 480 09:48:29     -484.966884       0.0058       0.0000       0.0227       1.0618
Sella 481 09:48:29     -484.966819       0.0067       0.0000       0.0227       1.1917
Sella 482 09:48:29     -484.966775       0.0113       0.0000       0.0227       0.9262
Sella 483 09:48:29     -484.966743       0.0113       0.0000       0.0227       1.9186
Sella 484 09:48:30     -484.966748       0.0225       0.0000       0.0147       0.0684
Sella 485 09:48:30     -484.966779       0.0385       0.0000       0.0147       0.6584
Sella 486 09:48:30     -484.966775       0.0110       0.0000       0.0147       2.3873
Sella 487 09:48:30     -484.966773       0.0047       0.0000       0.0096       5.1501
Sella 488 09:48:30     -484.966774       0.0046       0.0000       0.0096       1.3035
Sella 489 09:48:30     -484.966761       0.0042       0.0000       0.0110       0.9987
Sella 490 09:48:30     -484.966269       0.0048       0.0000       0.0072    -374.5813
Sella 491 09:48:30     -484.966761       0.1122       0.0000       0.0082       0.9985
Sella 492 09:48:30     -484.966775       0.0124       0.0000       0.0095       0.9894
Sella 493 09:48:30     -484.966784       0.0013       0.0000       0.0109       0.9982
Sella 494 09:48:30     -484.966795       0.0018       0.0000       0.0109       0.7948
Sella 495 09:48:30     -484.966807       0.0049       0.0000       0.0109       1.0588
Sella 496 09:48:30     -484.966827       0.0021       0.0000       0.0109       0.9531
Sella 497 09:48:30     -484.966852       0.0028       0.0000       0.0125       0.9872
Sella 498 09:48:30     -484.966882       0.0042       0.0000       0.0144       1.0158
Sella 499 09:48:30     -484.966911       0.0042       0.0000       0.0144       0.9441
Sella 500 09:48:30     -484.966930       0.0083       0.0000       0.0144       1.0709
