     Step     Time          Energy         fmax         cmax       rtrust          rho
Sella   0 09:48:06     -485.071026       2.8053       0.0000       0.1000       1.0000
Sella   1 09:48:06     -484.714899       2.8053       0.0000       0.1000       1.1199
Sella   2 09:48:06     -484.548860       0.9572       0.0000       0.0264     -14.6243
Sella   3 09:48:06     -484.632125       1.9715       0.0000       0.0264       0.8295
Sella   4 09:48:06     -484.637815       0.4419       0.0000       0.0264       0.5738
Sella   5 09:48:06     -484.654215       0.3227       0.0000       0.0264       0.7609
Sella   6 09:48:06     -484.669641       0.3412       0.0000       0.0264       1.2492
Sella   7 09:48:06     -484.682110       0.1938       0.0000       0.0303       1.0317
Sella   8 09:48:06     -484.684780       0.1827       0.0000       0.0303       0.3716
Sella   9 09:48:06     -484.687704       0.3468       0.0000       0.0303       0.7938
Sella  10 09:48:06     -484.687698       0.2288       0.0000       0.0047      -0.0031
Sella  11 09:48:06     -484.689316       0.2205       0.0000       0.0047       1.1651
Sella  12 09:48:06     -484.689857       0.0504       0.0000       0.0047       1.7529
Sella  13 09:48:06     -484.690806       0.0478       0.0000       0.0047       1.0673
Sella  14 09:48:07     -484.691667       0.0386       0.0000       0.0054       1.0273
Sella  15 09:48:07     -484.692563       0.0343       0.0000       0.0062       0.9754
Sella  16 09:48:07     -484.693497       0.0472       0.0000       0.0072       0.9951
Sella  17 09:48:07     -484.694418       0.0318       0.0000       0.0082       1.0339
Sella  18 09:48:07     -484.695241       0.0237       0.0000       0.0095       1.0121
Sella  19 09:48:07     -484.695842       0.0196       0.0000       0.0109       0.9727
Sella  20 09:48:07     -484.695963       0.0355       0.0000       0.0109       0.3763
Sella  21 09:48:07     -484.696098       0.0835       0.0000       0.0109       1.0511
Sella  22 09:48:07     -484.696130       0.0157       0.0000       0.0109       1.6602
Sella  23 09:48:07     -484.696211       0.0128       0.0000       0.0109       1.1402
Sella  24 09:48:07     -484.696231       0.0118       0.0000       0.0109       0.8486
Sella  25 09:48:07     -484.696238       0.0142       0.0000       0.0109       1.1990
Sella  26 09:48:07     -484.696249       0.0072       0.0000       0.0109       1.0500
Sella  27 09:48:07     -484.696254       0.0102       0.0000       0.0109       1.5511
Sella  28 09:48:07     -484.696257       0.0042       0.0000       0.0109       1.0653
Sella  29 09:48:07     -484.696259       0.0043       0.0000       0.0109       1.6405
Sella  30 09:48:07     -484.696262       0.0029       0.0000       0.0109       1.0562
Sella  31 09:48:07     -484.696263       0.0031       0.0000       0.0109       1.5629
Sella  32 09:48:07     -484.696265       0.0022       0.0000       0.0109       1.0871
Sella  33 09:48:07     -484.696265       0.0020       0.0000       0.0109       1.4632
Sella  34 09:48:07     -484.696266       0.0011       0.0000       0.0109       1.2921
Sella  35 09:48:07     -484.696266       0.0007       0.0000       0.0109       1.4954
Sella  36 09:48:07     -484.696266       0.0004       0.0000       0.0109       1.1042
Sella  37 09:48:07     -484.696266       0.0002       0.0000       0.0109       1.6844
Sella  38 09:48:07     -484.696266       0.0001       0.0000       0.0109       1.6251
