3
 energy: -5.070367848266 gnorm: 0.007321195305 xtb: 6.7.1pre (5071a88)
O            0.00000000000000        0.00000000000000        0.11726921000000
H            0.00000000000000        0.75698224000000       -0.46907685000000
H            0.00000000000000       -0.75698224000000       -0.46907685000000
3
 energy: -5.070496807156 gnorm: 0.004251098860 xtb: 6.7.1pre (5071a88)
O           -0.00000000000000        0.00000000000000        0.11273769662855
H           -0.00000000000000        0.76521698176303       -0.46681109331428
H            0.00000000000000       -0.76521698176303       -0.46681109331428
3
 energy: -5.070541744699 gnorm: 0.001985918726 xtb: 6.7.1pre (5071a88)
O           -0.00000000000000        0.00000000000000        0.10712687326383
H           -0.00000000000000        0.77203219395446       -0.46400568163192
H            0.00000000000000       -0.77203219395446       -0.46400568163192
3
 energy: -5.070544361725 gnorm: 0.000165605336 xtb: 6.7.1pre (5071a88)
O           -0.00000000000000       -0.00000000034436        0.10548919323627
H           -0.00000000000000        0.77252815035424       -0.46318684175154
H            0.00000000000000       -0.77252815000987       -0.46318684148472
3
 energy: -5.070544438406 gnorm: 0.000079014872 xtb: 6.7.1pre (5071a88)
O           -0.00000000000000        0.00000000006887        0.10578258611755
H           -0.00000000000000        0.77207929253498       -0.46333353803210
H            0.00000000000000       -0.77207929260385       -0.46333353808546
