     Step     Time          Energy         fmax         cmax       rtrust          rho
Sella   0 09:38:01     -484.758792       0.4283       0.0000       0.1000       1.0000
Sella   1 09:38:01     -484.801461       0.4283       0.0000       0.1000       0.7042
Sella   2 09:38:01     -484.765689       0.4488       0.0000       0.1000       1.3278
Sella   3 09:38:01     -484.753084       0.6048       0.0000       0.0650      -0.6408
Sella   4 09:38:01     -484.750412       0.6958       0.0000       0.0650       1.6105
Sella   5 09:38:01     -484.736342       0.2149       0.0000       0.0747       1.0084
Sella   6 09:38:01     -484.713354       0.2137       0.0000       0.0860       1.0170
Sella   7 09:38:01     -484.661132       0.2142       0.0000       0.0860       0.9562
Sella   8 09:38:01     -484.658377       0.2146       0.0000       0.0559      -0.0715
Sella   9 09:38:01     -484.690283       0.6294       0.0000       0.0559       1.3276
Sella  10 09:38:01     -484.685352       0.6672       0.0000       0.0559       0.6839
Sella  11 09:38:01     -484.692321       0.3023       0.0000       0.0559       0.8408
Sella  12 09:38:01     -484.694367       0.1242       0.0000       0.0559       1.1306
Sella  13 09:38:01     -484.694943       0.0859       0.0000       0.0559       0.8328
Sella  14 09:38:01     -484.695340       0.0558       0.0000       0.0559       1.2646
Sella  15 09:38:01     -484.695629       0.0396       0.0000       0.0559       1.4193
Sella  16 09:38:01     -484.695927       0.0357       0.0000       0.0559       1.3659
Sella  17 09:38:01     -484.696108       0.0329       0.0000       0.0559       1.3593
Sella  18 09:38:01     -484.696186       0.0192       0.0000       0.0559       1.2509
Sella  19 09:38:01     -484.696213       0.0099       0.0000       0.0559       1.3871
Sella  20 09:38:01     -484.696234       0.0075       0.0000       0.0559       1.4023
Sella  21 09:38:01     -484.696249       0.0089       0.0000       0.0559       1.3518
Sella  22 09:38:01     -484.696256       0.0055       0.0000       0.0559       1.3723
Sella  23 09:38:01     -484.696257       0.0034       0.0000       0.0019       0.0142
Sella  24 09:38:01     -484.696261       0.0087       0.0000       0.0019       1.4654
Sella  25 09:38:01     -484.696264       0.0038       0.0000       0.0019       1.0751
Sella  26 09:38:01     -484.696264       0.0011       0.0000       0.0019       1.2606
Sella  27 09:38:01     -484.696265       0.0008       0.0000       0.0019       1.5243
Sella  28 09:38:01     -484.696265       0.0007       0.0000       0.0019       1.6060
Sella  29 09:38:01     -484.696265       0.0009       0.0000       0.0011      -0.2765
Sella  30 09:38:01     -484.696266       0.0018       0.0000       0.0011       1.1420
Sella  31 09:38:01     -484.696266       0.0010       0.0000       0.0005      -0.0498
Sella  32 09:38:01     -484.696266       0.0008       0.0000       0.0005       1.6289
Sella  33 09:38:01     -484.696266       0.0004       0.0000       0.0003      -0.3074
Sella  34 09:38:01     -484.696266       0.0011       0.0000       0.0003       0.3830
Sella  35 09:38:01     -484.696266       0.0001       0.0000       0.0003       2.8488
