3
 energy: -5.070372571480 gnorm: 0.007181069221 xtb: 6.7.1pre (5071a88)
O            0.00000000000000        0.00000000000000        0.00000000000000
H            0.75754080000000        0.00000000000000        0.58707964000000
H           -0.75754080000000        0.00000000000000        0.58707964000000
3
 energy: -5.070495246232 gnorm: 0.004463091412 xtb: 6.7.1pre (5071a88)
O            0.00000000000000       -0.00000000000000        0.00483071388752
H            0.76526300527733       -0.00000000000000        0.58466428305624
H           -0.76526300527733        0.00000000000000        0.58466428305624
3
 energy: -5.070542604427 gnorm: 0.001683183561 xtb: 6.7.1pre (5071a88)
O            0.00000000000000       -0.00000000000000        0.01096395408801
H            0.77221264066816       -0.00000000000000        0.58159766295599
H           -0.77221264066816        0.00000000000000        0.58159766295599
3
 energy: -5.070544396179 gnorm: 0.000135355340 xtb: 6.7.1pre (5071a88)
O           -0.00000000020660       -0.00000000000000        0.01225266515568
H            0.77242259534663       -0.00000000000000        0.58095330750224
H           -0.77242259514003        0.00000000000000        0.58095330734208
3
 energy: -5.070544442681 gnorm: 0.000051701686 xtb: 6.7.1pre (5071a88)
O            0.00000000003443       -0.00000000000000        0.01197966633934
H            0.77210586302662       -0.00000000000000        0.58108980681698
H           -0.77210586306106        0.00000000000000        0.58108980684368
